Component: ARM Compiler 5.06 update 6 (build 750) Tool: armlink [4d35ed]

==============================================================================

Section Cross References

    startup_stm32f10x_md.o(RESET) refers to startup_stm32f10x_md.o(STACK) for __initial_sp
    startup_stm32f10x_md.o(RESET) refers to startup_stm32f10x_md.o(.text) for Reset_Handler
    startup_stm32f10x_md.o(RESET) refers to stm32f10x_it.o(i.NMI_Handler) for NMI_Handler
    startup_stm32f10x_md.o(RESET) refers to stm32f10x_it.o(i.HardFault_Handler) for HardFault_Handler
    startup_stm32f10x_md.o(RESET) refers to stm32f10x_it.o(i.MemManage_Handler) for MemManage_Handler
    startup_stm32f10x_md.o(RESET) refers to stm32f10x_it.o(i.BusFault_Handler) for BusFault_Handler
    startup_stm32f10x_md.o(RESET) refers to stm32f10x_it.o(i.UsageFault_Handler) for UsageFault_Handler
    startup_stm32f10x_md.o(RESET) refers to stm32f10x_it.o(i.SVC_Handler) for SVC_Handler
    startup_stm32f10x_md.o(RESET) refers to stm32f10x_it.o(i.DebugMon_Handler) for DebugMon_Handler
    startup_stm32f10x_md.o(RESET) refers to stm32f10x_it.o(i.PendSV_Handler) for PendSV_Handler
    startup_stm32f10x_md.o(RESET) refers to stm32f10x_it.o(i.SysTick_Handler) for SysTick_Handler
    startup_stm32f10x_md.o(RESET) refers to control.o(i.EXTI9_5_IRQHandler) for EXTI9_5_IRQHandler
    startup_stm32f10x_md.o(RESET) refers to encoder.o(i.TIM2_IRQHandler) for TIM2_IRQHandler
    startup_stm32f10x_md.o(RESET) refers to encoder.o(i.TIM4_IRQHandler) for TIM4_IRQHandler
    startup_stm32f10x_md.o(.text) refers to system_stm32f10x.o(i.SystemInit) for SystemInit
    startup_stm32f10x_md.o(.text) refers to entry.o(.ARM.Collect$$$$00000000) for __main
    system_stm32f10x.o(i.SetSysClock) refers to system_stm32f10x.o(i.SetSysClockTo72) for SetSysClockTo72
    system_stm32f10x.o(i.SystemCoreClockUpdate) refers to system_stm32f10x.o(.data) for SystemCoreClock
    system_stm32f10x.o(i.SystemInit) refers to system_stm32f10x.o(i.SetSysClock) for SetSysClock
    stm32f10x_adc.o(i.ADC_DeInit) refers to stm32f10x_rcc.o(i.RCC_APB2PeriphResetCmd) for RCC_APB2PeriphResetCmd
    stm32f10x_bkp.o(i.BKP_DeInit) refers to stm32f10x_rcc.o(i.RCC_BackupResetCmd) for RCC_BackupResetCmd
    stm32f10x_can.o(i.CAN_DeInit) refers to stm32f10x_rcc.o(i.RCC_APB1PeriphResetCmd) for RCC_APB1PeriphResetCmd
    stm32f10x_can.o(i.CAN_GetITStatus) refers to stm32f10x_can.o(i.CheckITStatus) for CheckITStatus
    stm32f10x_cec.o(i.CEC_DeInit) refers to stm32f10x_rcc.o(i.RCC_APB1PeriphResetCmd) for RCC_APB1PeriphResetCmd
    stm32f10x_dac.o(i.DAC_DeInit) refers to stm32f10x_rcc.o(i.RCC_APB1PeriphResetCmd) for RCC_APB1PeriphResetCmd
    stm32f10x_flash.o(i.FLASH_EnableWriteProtection) refers to stm32f10x_flash.o(i.FLASH_WaitForLastOperation) for FLASH_WaitForLastOperation
    stm32f10x_flash.o(i.FLASH_EraseAllBank1Pages) refers to stm32f10x_flash.o(i.FLASH_WaitForLastBank1Operation) for FLASH_WaitForLastBank1Operation
    stm32f10x_flash.o(i.FLASH_EraseAllPages) refers to stm32f10x_flash.o(i.FLASH_WaitForLastOperation) for FLASH_WaitForLastOperation
    stm32f10x_flash.o(i.FLASH_EraseOptionBytes) refers to stm32f10x_flash.o(i.FLASH_GetReadOutProtectionStatus) for FLASH_GetReadOutProtectionStatus
    stm32f10x_flash.o(i.FLASH_EraseOptionBytes) refers to stm32f10x_flash.o(i.FLASH_WaitForLastOperation) for FLASH_WaitForLastOperation
    stm32f10x_flash.o(i.FLASH_ErasePage) refers to stm32f10x_flash.o(i.FLASH_WaitForLastOperation) for FLASH_WaitForLastOperation
    stm32f10x_flash.o(i.FLASH_ProgramHalfWord) refers to stm32f10x_flash.o(i.FLASH_WaitForLastOperation) for FLASH_WaitForLastOperation
    stm32f10x_flash.o(i.FLASH_ProgramOptionByteData) refers to stm32f10x_flash.o(i.FLASH_WaitForLastOperation) for FLASH_WaitForLastOperation
    stm32f10x_flash.o(i.FLASH_ProgramWord) refers to stm32f10x_flash.o(i.FLASH_WaitForLastOperation) for FLASH_WaitForLastOperation
    stm32f10x_flash.o(i.FLASH_ReadOutProtection) refers to stm32f10x_flash.o(i.FLASH_WaitForLastOperation) for FLASH_WaitForLastOperation
    stm32f10x_flash.o(i.FLASH_UserOptionByteConfig) refers to stm32f10x_flash.o(i.FLASH_WaitForLastOperation) for FLASH_WaitForLastOperation
    stm32f10x_flash.o(i.FLASH_WaitForLastBank1Operation) refers to stm32f10x_flash.o(i.FLASH_GetBank1Status) for FLASH_GetBank1Status
    stm32f10x_flash.o(i.FLASH_WaitForLastOperation) refers to stm32f10x_flash.o(i.FLASH_GetBank1Status) for FLASH_GetBank1Status
    stm32f10x_gpio.o(i.GPIO_AFIODeInit) refers to stm32f10x_rcc.o(i.RCC_APB2PeriphResetCmd) for RCC_APB2PeriphResetCmd
    stm32f10x_gpio.o(i.GPIO_DeInit) refers to stm32f10x_rcc.o(i.RCC_APB2PeriphResetCmd) for RCC_APB2PeriphResetCmd
    stm32f10x_i2c.o(i.I2C_DeInit) refers to stm32f10x_rcc.o(i.RCC_APB1PeriphResetCmd) for RCC_APB1PeriphResetCmd
    stm32f10x_i2c.o(i.I2C_Init) refers to stm32f10x_rcc.o(i.RCC_GetClocksFreq) for RCC_GetClocksFreq
[...]
    i.BusFault_Handler                       0x08000b06   Section        0  stm32f10x_it.o(i.BusFault_Handler)
    i.DebugMon_Handler                       0x08000b0a   Section        0  stm32f10x_it.o(i.DebugMon_Handler)
    i.EXTI9_5_IRQHandler                     0x08000b0c   Section        0  control.o(i.EXTI9_5_IRQHandler)
    i.EXTI_ClearITPendingBit                 0x08000c9c   Section        0  stm32f10x_exti.o(i.EXTI_ClearITPendingBit)
    i.EXTI_GetITStatus                       0x08000ca8   Section        0  stm32f10x_exti.o(i.EXTI_GetITStatus)
    i.EXTI_Init                              0x08000cd0   Section        0  stm32f10x_exti.o(i.EXTI_Init)
    i.Encoder_TIM2_Init                      0x08000d64   Section        0  encoder.o(i.Encoder_TIM2_Init)
    i.Encoder_TIM4_Init                      0x08000e08   Section        0  encoder.o(i.Encoder_TIM4_Init)
    i.GPIO_EXTILineConfig                    0x08000eac   Section        0  stm32f10x_gpio.o(i.GPIO_EXTILineConfig)
    i.GPIO_Init                              0x08000eec   Section        0  stm32f10x_gpio.o(i.GPIO_Init)
    i.GPIO_ResetBits                         0x08001002   Section        0  stm32f10x_gpio.o(i.GPIO_ResetBits)
    i.GPIO_SetBits                           0x08001006   Section        0  stm32f10x_gpio.o(i.GPIO_SetBits)
    i.HardFault_Handler                      0x0800100a   Section        0  stm32f10x_it.o(i.HardFault_Handler)
    i.Limit                                  0x08001010   Section        0  motor.o(i.Limit)
    i.Load                                   0x0800105c   Section        0  motor.o(i.Load)
    i.MPU6050_EXTI_Init                      0x080010dc   Section        0  exit.o(i.MPU6050_EXTI_Init)
    i.MPU_Get_Accelerometer                  0x0800112c   Section        0  mpu6050.o(i.MPU_Get_Accelerometer)
    i.MPU_Get_Gyroscope                      0x0800117c   Section        0  mpu6050.o(i.MPU_Get_Gyroscope)
    i.MPU_IIC_Ack                            0x080011cc   Section        0  mpuiic.o(i.MPU_IIC_Ack)
    i.MPU_IIC_Delay                          0x08001218   Section        0  mpuiic.o(i.MPU_IIC_Delay)
    i.MPU_IIC_Init                           0x08001224   Section        0  mpuiic.o(i.MPU_IIC_Init)
    i.MPU_IIC_NAck                           0x08001250   Section        0  mpuiic.o(i.MPU_IIC_NAck)
    i.MPU_IIC_Read_Byte                      0x0800129c   Section        0  mpuiic.o(i.MPU_IIC_Read_Byte)
    i.MPU_IIC_Send_Byte                      0x08001308   Section        0  mpuiic.o(i.MPU_IIC_Send_Byte)
    i.MPU_IIC_Start                          0x08001364   Section        0  mpuiic.o(i.MPU_IIC_Start)
    i.MPU_IIC_Stop                           0x080013ac   Section        0  mpuiic.o(i.MPU_IIC_Stop)
    i.MPU_IIC_Wait_Ack                       0x080013f4   Section        0  mpuiic.o(i.MPU_IIC_Wait_Ack)
    i.MPU_Init                               0x08001458   Section        0  mpu6050.o(i.MPU_Init)
    i.MPU_Read_Byte                          0x080014d2   Section        0  mpu6050.o(i.MPU_Read_Byte)
    i.MPU_Read_Len                           0x0800150c   Section        0  mpu6050.o(i.MPU_Read_Len)
    i.MPU_Set_Accel_Fsr                      0x08001580   Section        0  mpu6050.o(i.MPU_Set_Accel_Fsr)
    i.MPU_Set_Gyro_Fsr                       0x08001590   Section        0  mpu6050.o(i.MPU_Set_Gyro_Fsr)
    i.MPU_Set_LPF                            0x080015a0   Section        0  mpu6050.o(i.MPU_Set_LPF)
    i.MPU_Set_Rate                           0x080015da   Section        0  mpu6050.o(i.MPU_Set_Rate)
    i.MPU_Write_Byte                         0x08001614   Section        0  mpu6050.o(i.MPU_Write_Byte)
    i.MPU_Write_Len                          0x08001658   Section        0  mpu6050.o(i.MPU_Write_Len)
    i.MemManage_Handler                      0x080016b8   Section        0  stm32f10x_it.o(i.MemManage_Handler)
    i.Motor_Init                             0x080016bc   Section        0  motor.o(i.Motor_Init)
    i.NMI_Handler                            0x080016e8   Section        0  stm32f10x_it.o(i.NMI_Handler)
    i.NVIC_Config                            0x080016ea   Section        0  sys.o(i.NVIC_Config)
    i.NVIC_Init                              0x08001714   Section        0  misc.o(i.NVIC_Init)
    i.NVIC_PriorityGroupConfig               0x08001784   Section        0  misc.o(i.NVIC_PriorityGroupConfig)
    i.OLED_Clear                             0x08001798   Section        0  oled.o(i.OLED_Clear)
    i.OLED_Float                             0x080017d8   Section        0  oled.o(i.OLED_Float)
    i.OLED_IIC_Start                         0x08001998   Section        0  oled.o(i.OLED_IIC_Start)
    i.OLED_IIC_Stop                          0x080019c8   Section        0  oled.o(i.OLED_IIC_Stop)
    i.OLED_IIC_Wait_Ack                      0x080019f0   Section        0  oled.o(i.OLED_IIC_Wait_Ack)
    i.OLED_Init                              0x08001a0c   Section        0  oled.o(i.OLED_Init)
    i.OLED_Set_Pos                           0x08001b24   Section        0  oled.o(i.OLED_Set_Pos)
    i.OLED_ShowChar                          0x08001b4c   Section        0  oled.o(i.OLED_ShowChar)
    i.OLED_ShowString                        0x08001bf0   Section        0  oled.o(i.OLED_ShowString)
    i.OLED_WR_Byte                           0x08001c26   Section        0  oled.o(i.OLED_WR_Byte)
    i.OLED_Write_IIC_Byte                    0x08001c40   Section        0  oled.o(i.OLED_Write_IIC_Byte)
    i.OLED_Write_IIC_Command                 0x08001c9c   Section        0  oled.o(i.OLED_Write_IIC_Command)
    i.OLED_Write_IIC_Data                    0x08001cc8   Section        0  oled.o(i.OLED_Write_IIC_Data)
    i.PWM_Init_TIM1                          0x08001cf4   Section        0  pwm.o(i.PWM_Init_TIM1)
    i.PendSV_Handler                         0x08001da0   Section        0  stm32f10x_it.o(i.PendSV_Handler)
    i.RCC_APB1PeriphClockCmd                 0x08001da4   Section        0  stm32f10x_rcc.o(i.RCC_APB1PeriphClockCmd)
    i.RCC_APB2PeriphClockCmd                 0x08001dc4   Section        0  stm32f10x_rcc.o(i.RCC_APB2PeriphClockCmd)
    i.Read_Speed                             0x08001de4   Section        0  encoder.o(i.Read_Speed)
    i.SVC_Handler                            0x08001e2c   Section        0  stm32f10x_it.o(i.SVC_Handler)
    i.SetSysClock                            0x08001e2e   Section        0  system_stm32f10x.o(i.SetSysClock)
    SetSysClock                              0x08001e2f   Thumb Code     8  system_stm32f10x.o(i.SetSysClock)
    i.SetSysClockTo72                        0x08001e38   Section        0  system_stm32f10x.o(i.SetSysClockTo72)
    SetSysClockTo72                          0x08001e39   Thumb Code   214  system_stm32f10x.o(i.SetSysClockTo72)
    i.SysTick_CLKSourceConfig                0x08001f18   Section        0  misc.o(i.SysTick_CLKSourceConfig)
    i.SysTick_Handler                        0x08001f40   Section        0  stm32f10x_it.o(i.SysTick_Handler)
    i.SystemInit                             0x08001f44   Section        0  system_stm32f10x.o(i.SystemInit)
    i.TI1_Config                             0x08001fa4   Section        0  stm32f10x_tim.o(i.TI1_Config)
    TI1_Config                               0x08001fa5   Thumb Code   108  stm32f10x_tim.o(i.TI1_Config)
    i.TI2_Config                             0x08002024   Section        0  stm32f10x_tim.o(i.TI2_Config)
    TI2_Config                               0x08002025   Thumb Code   130  stm32f10x_tim.o(i.TI2_Config)
    i.TI3_Config                             0x080020bc   Section        0  stm32f10x_tim.o(i.TI3_Config)
    TI3_Config                               0x080020bd   Thumb Code   122  stm32f10x_tim.o(i.TI3_Config)
    i.TI4_Config                             0x0800214c   Section        0  stm32f10x_tim.o(i.TI4_Config)
    TI4_Config                               0x0800214d   Thumb Code   130  stm32f10x_tim.o(i.TI4_Config)
    i.TIM2_IRQHandler                        0x080021e4   Section        0  encoder.o(i.TIM2_IRQHandler)
    i.TIM4_IRQHandler                        0x080021fc   Section        0  encoder.o(i.TIM4_IRQHandler)
    i.TIM_ARRPreloadConfig                   0x08002218   Section        0  stm32f10x_tim.o(i.TIM_ARRPreloadConfig)
    i.TIM_ClearFlag                          0x08002230   Section        0  stm32f10x_tim.o(i.TIM_ClearFlag)
    i.TIM_ClearITPendingBit                  0x08002236   Section        0  stm32f10x_tim.o(i.TIM_ClearITPendingBit)
    i.TIM_Cmd                                0x0800223c   Section        0  stm32f10x_tim.o(i.TIM_Cmd)
    i.TIM_CtrlPWMOutputs                     0x08002254   Section        0  stm32f10x_tim.o(i.TIM_CtrlPWMOutputs)
    i.TIM_EncoderInterfaceConfig             0x08002272   Section        0  stm32f10x_tim.o(i.TIM_EncoderInterfaceConfig)
    i.TIM_GetCounter                         0x080022b4   Section        0  stm32f10x_tim.o(i.TIM_GetCounter)
    i.TIM_GetITStatus                        0x080022ba   Section        0  stm32f10x_tim.o(i.TIM_GetITStatus)
    i.TIM_ICInit                             0x080022dc   Section        0  stm32f10x_tim.o(i.TIM_ICInit)
    i.TIM_ICStructInit                       0x08002388   Section        0  stm32f10x_tim.o(i.TIM_ICStructInit)
    i.TIM_ITConfig                           0x0800239a   Section        0  stm32f10x_tim.o(i.TIM_ITConfig)
    i.TIM_OC1Init                            0x080023ac   Section        0  stm32f10x_tim.o(i.TIM_OC1Init)
    i.TIM_OC1PreloadConfig                   0x08002444   Section        0  stm32f10x_tim.o(i.TIM_OC1PreloadConfig)
    i.TIM_OC4Init                            0x08002458   Section        0  stm32f10x_tim.o(i.TIM_OC4Init)
    i.TIM_OC4PreloadConfig                   0x080024d4   Section        0  stm32f10x_tim.o(i.TIM_OC4PreloadConfig)
    i.TIM_SetCompare1                        0x080024ee   Section        0  stm32f10x_tim.o(i.TIM_SetCompare1)
    i.TIM_SetCompare4                        0x080024f2   Section        0  stm32f10x_tim.o(i.TIM_SetCompare4)
    i.TIM_SetCounter                         0x080024f8   Section        0  stm32f10x_tim.o(i.TIM_SetCounter)
    i.TIM_SetIC1Prescaler                    0x080024fc   Section        0  stm32f10x_tim.o(i.TIM_SetIC1Prescaler)
    i.TIM_SetIC2Prescaler                    0x0800250e   Section        0  stm32f10x_tim.o(i.TIM_SetIC2Prescaler)
    i.TIM_SetIC3Prescaler                    0x08002528   Section        0  stm32f10x_tim.o(i.TIM_SetIC3Prescaler)
    i.TIM_SetIC4Prescaler                    0x0800253a   Section        0  stm32f10x_tim.o(i.TIM_SetIC4Prescaler)
    i.TIM_TimeBaseInit                       0x08002554   Section        0  stm32f10x_tim.o(i.TIM_TimeBaseInit)
    i.TIM_TimeBaseStructInit                 0x080025f8   Section        0  stm32f10x_tim.o(i.TIM_TimeBaseStructInit)
    i.Turn                                   0x0800260c   Section        0  control.o(i.Turn)
    i.UsageFault_Handler                     0x08002638   Section        0  stm32f10x_it.o(i.UsageFault_Handler)
    i.Velocity                               0x0800263c   Section        0  control.o(i.Velocity)
    i.Vertical                               0x08002734   Section        0  control.o(i.Vertical)
    i.__0printf$8                            0x08002780   Section        0  printf8.o(i.__0printf$8)
    i.__ARM_fpclassify                       0x080027a0   Section        0  fpclassify.o(i.__ARM_fpclassify)
    i.__kernel_poly                          0x080027c8   Section        0  poly.o(i.__kernel_poly)
    i.__mathlib_dbl_infnan                   0x08002872   Section        0  dunder.o(i.__mathlib_dbl_infnan)
    i.__mathlib_dbl_infnan2                  0x08002878   Section        0  dunder.o(i.__mathlib_dbl_infnan2)
    i.__mathlib_dbl_invalid                  0x0800287c   Section        0  dunder.o(i.__mathlib_dbl_invalid)
    i.__mathlib_dbl_underflow                0x08002888   Section        0  dunder.o(i.__mathlib_dbl_underflow)
    i.__scatterload_copy                     0x08002898   Section       14  handlers.o(i.__scatterload_copy)
    i.__scatterload_null                     0x080028a6   Section        2  handlers.o(i.__scatterload_null)
    i.__scatterload_zeroinit                 0x080028a8   Section       14  handlers.o(i.__scatterload_zeroinit)
    i.__set_errno                            0x080028b8   Section        0  errno.o(i.__set_errno)
    i._printf_core                           0x080028c4   Section        0  printf8.o(i._printf_core)
    _printf_core                             0x080028c5   Thumb Code   996  printf8.o(i._printf_core)
    i._printf_post_padding                   0x08002cd4   Section        0  printf8.o(i._printf_post_padding)
    _printf_post_padding                     0x08002cd5   Thumb Code    36  printf8.o(i._printf_post_padding)
    i._printf_pre_padding                    0x08002cf8   Section        0  printf8.o(i._printf_pre_padding)
    _printf_pre_padding                      0x08002cf9   Thumb Code    46  printf8.o(i._printf_pre_padding)
    i.accel_self_test                        0x08002d28   Section        0  inv_mpu.o(i.accel_self_test)
    accel_self_test                          0x08002d29   Thumb Code   164  inv_mpu.o(i.accel_self_test)
    i.asin                                   0x08002dd0   Section        0  asin.o(i.asin)
    i.atan                                   0x08003040   Section        0  atan.o(i.atan)
    i.atan2                                  0x08003260   Section        0  atan2.o(i.atan2)
    i.decode_gesture                         0x080033e0   Section        0  inv_mpu_dmp_motion_driver.o(i.decode_gesture)
    decode_gesture                           0x080033e1   Thumb Code    94  inv_mpu_dmp_motion_driver.o(i.decode_gesture)
    i.delay_init                             0x08003444   Section        0  delay.o(i.delay_init)
    i.delay_ms                               0x08003488   Section        0  delay.o(i.delay_ms)
    i.delay_us                               0x080034d4   Section        0  delay.o(i.delay_us)
    i.dmp_enable_6x_lp_quat                  0x08003520   Section        0  inv_mpu_dmp_motion_driver.o(i.dmp_enable_6x_lp_quat)
    i.dmp_enable_feature                     0x0800355c   Section        0  inv_mpu_dmp_motion_driver.o(i.dmp_enable_feature)
    i.dmp_enable_gyro_cal                    0x08003778   Section        0  inv_mpu_dmp_motion_driver.o(i.dmp_enable_gyro_cal)
    i.dmp_enable_lp_quat                     0x080037d0   Section        0  inv_mpu_dmp_motion_driver.o(i.dmp_enable_lp_quat)
    i.dmp_load_motion_driver_firmware        0x0800380c   Section        0  inv_mpu_dmp_motion_driver.o(i.dmp_load_motion_driver_firmware)
    i.dmp_read_fifo                          0x08003824   Section        0  inv_mpu_dmp_motion_driver.o(i.dmp_read_fifo)
    i.dmp_set_accel_bias                     0x080039f0   Section        0  inv_mpu_dmp_motion_driver.o(i.dmp_set_accel_bias)
    i.dmp_set_fifo_rate                      0x08003b20   Section        0  inv_mpu_dmp_motion_driver.o(i.dmp_set_fifo_rate)
    i.dmp_set_gyro_bias                      0x08003b90   Section        0  inv_mpu_dmp_motion_driver.o(i.dmp_set_gyro_bias)
    i.dmp_set_orientation                    0x08003cc0   Section        0  inv_mpu_dmp_motion_driver.o(i.dmp_set_orientation)
    i.dmp_set_shake_reject_thresh            0x08003df8   Section        0  inv_mpu_dmp_motion_driver.o(i.dmp_set_shake_reject_thresh)
    i.dmp_set_shake_reject_time              0x08003e30   Section        0  inv_mpu_dmp_motion_driver.o(i.dmp_set_shake_reject_time)
    i.dmp_set_shake_reject_timeout           0x08003e56   Section        0  inv_mpu_dmp_motion_driver.o(i.dmp_set_shake_reject_timeout)
    i.dmp_set_tap_axes                       0x08003e7c   Section        0  inv_mpu_dmp_motion_driver.o(i.dmp_set_tap_axes)
    i.dmp_set_tap_count                      0x08003ec2   Section        0  inv_mpu_dmp_motion_driver.o(i.dmp_set_tap_count)
    i.dmp_set_tap_thresh                     0x08003ee8   Section        0  inv_mpu_dmp_motion_driver.o(i.dmp_set_tap_thresh)
    i.dmp_set_tap_time                       0x08004088   Section        0  inv_mpu_dmp_motion_driver.o(i.dmp_set_tap_time)
    i.dmp_set_tap_time_multi                 0x080040ae   Section        0  inv_mpu_dmp_motion_driver.o(i.dmp_set_tap_time_multi)
    i.fputc                                  0x080040d4   Section        0  fputc.o(i.fputc)
    i.get_accel_prod_shift                   0x080040e8   Section        0  inv_mpu.o(i.get_accel_prod_shift)
    get_accel_prod_shift                     0x080040e9   Thumb Code   168  inv_mpu.o(i.get_accel_prod_shift)
    i.get_st_biases                          0x0800419c   Section        0  inv_mpu.o(i.get_st_biases)
    get_st_biases                            0x0800419d   Thumb Code  1132  inv_mpu.o(i.get_st_biases)
    i.gyro_self_test                         0x0800460c   Section        0  inv_mpu.o(i.gyro_self_test)
    gyro_self_test                           0x0800460d   Thumb Code   256  inv_mpu.o(i.gyro_self_test)
    i.inv_orientation_matrix_to_scalar       0x0800471c   Section        0  inv_mpu.o(i.inv_orientation_matrix_to_scalar)
    i.inv_row_2_scale                        0x08004744   Section        0  inv_mpu.o(i.inv_row_2_scale)
    i.main                                   0x08004792   Section        0  main.o(i.main)
    i.mget_ms                                0x080047ce   Section        0  inv_mpu.o(i.mget_ms)
    i.mpu_configure_fifo                     0x080047d0   Section        0  inv_mpu.o(i.mpu_configure_fifo)
    i.mpu_dmp_get_data                       0x08004840   Section        0  inv_mpu.o(i.mpu_dmp_get_data)
    i.mpu_dmp_init                           0x08004a64   Section        0  inv_mpu.o(i.mpu_dmp_init)
    i.mpu_get_accel_fsr                      0x08004afc   Section        0  inv_mpu.o(i.mpu_get_accel_fsr)
    i.mpu_get_accel_sens                     0x08004b48   Section        0  inv_mpu.o(i.mpu_get_accel_sens)
    i.mpu_get_fifo_config                    0x08004b9c   Section        0  inv_mpu.o(i.mpu_get_fifo_config)
    i.mpu_get_gyro_fsr                       0x08004bac   Section        0  inv_mpu.o(i.mpu_get_gyro_fsr)
    i.mpu_get_gyro_sens                      0x08004bf0   Section        0  inv_mpu.o(i.mpu_get_gyro_sens)
    i.mpu_get_lpf                            0x08004c40   Section        0  inv_mpu.o(i.mpu_get_lpf)
    i.mpu_get_sample_rate                    0x08004c90   Section        0  inv_mpu.o(i.mpu_get_sample_rate)
    i.mpu_init                               0x08004cb0   Section        0  inv_mpu.o(i.mpu_init)
    i.mpu_load_firmware                      0x08004ea0   Section        0  inv_mpu.o(i.mpu_load_firmware)
    i.mpu_lp_accel_mode                      0x08004f58   Section        0  inv_mpu.o(i.mpu_lp_accel_mode)
    i.mpu_read_fifo_stream                   0x08005038   Section        0  inv_mpu.o(i.mpu_read_fifo_stream)
    i.mpu_read_mem                           0x080050f8   Section        0  inv_mpu.o(i.mpu_read_mem)
    i.mpu_reset_fifo                         0x08005178   Section        0  inv_mpu.o(i.mpu_reset_fifo)
    i.mpu_run_self_test                      0x08005340   Section        0  inv_mpu.o(i.mpu_run_self_test)
    i.mpu_set_accel_fsr                      0x0800545c   Section        0  inv_mpu.o(i.mpu_set_accel_fsr)
    i.mpu_set_bypass                         0x080054e0   Section        0  inv_mpu.o(i.mpu_set_bypass)
    i.mpu_set_dmp_state                      0x0800562c   Section        0  inv_mpu.o(i.mpu_set_dmp_state)
    i.mpu_set_gyro_fsr                       0x080056bc   Section        0  inv_mpu.o(i.mpu_set_gyro_fsr)
    i.mpu_set_int_latched                    0x08005744   Section        0  inv_mpu.o(i.mpu_set_int_latched)
    i.mpu_set_lpf                            0x080057b0   Section        0  inv_mpu.o(i.mpu_set_lpf)
    i.mpu_set_sample_rate                    0x08005834   Section        0  inv_mpu.o(i.mpu_set_sample_rate)
    i.mpu_set_sensors                        0x080058d0   Section        0  inv_mpu.o(i.mpu_set_sensors)
    i.mpu_write_mem                          0x080059a0   Section        0  inv_mpu.o(i.mpu_write_mem)
    i.run_self_test                          0x08005a20   Section        0  inv_mpu.o(i.run_self_test)
    i.set_int_enable                         0x08005ab4   Section        0  inv_mpu.o(i.set_int_enable)
    set_int_enable                           0x08005ab5   Thumb Code   138  inv_mpu.o(i.set_int_enable)
    i.sqrt                                   0x08005b44   Section        0  sqrt.o(i.sqrt)
    .constdata                               0x08005b90   Section       80  inv_mpu.o(.constdata)
    .constdata                               0x08005be0   Section     3062  inv_mpu_dmp_motion_driver.o(.constdata)
    dmp_memory                               0x08005be0   Data        3062  inv_mpu_dmp_motion_driver.o(.constdata)
    .constdata                               0x080067d6   Section     2072  oled.o(.constdata)
    .constdata                               0x08006ff0   Section       80  asin.o(.constdata)
    pS                                       0x08006ff0   Data          48  asin.o(.constdata)
    qS                                       0x08007020   Data          32  asin.o(.constdata)
    .constdata                               0x08007040   Section      152  atan.o(.constdata)
    atanhi                                   0x08007040   Data          32  atan.o(.constdata)
    atanlo                                   0x08007060   Data          32  atan.o(.constdata)
    aTodd                                    0x08007080   Data          40  atan.o(.constdata)
    aTeven                                   0x080070a8   Data          48  atan.o(.constdata)
    .constdata                               0x080070d8   Section        8  qnan.o(.constdata)
    .conststring                             0x080070e0   Section       77  inv_mpu.o(.conststring)
    .data                                    0x20000000   Section       20  system_stm32f10x.o(.data)
    .data                                    0x20000014   Section        4  delay.o(.data)
    fac_us                                   0x20000014   Data           1  delay.o(.data)
    fac_ms                                   0x20000016   Data           2  delay.o(.data)
    .data                                    0x20000018   Section       48  sys.o(.data)
    .data                                    0x20000048   Section       56  control.o(.data)
    Encoder_S                                0x2000006c   Data           4  control.o(.data)
    EnC_Err_Lowout_last                      0x20000070   Data           4  control.o(.data)
    Encoder_Err                              0x20000074   Data           4  control.o(.data)
    EnC_Err_Lowout                           0x20000078   Data           4  control.o(.data)
    PWM_out                                  0x2000007c   Data           4  control.o(.data)
    .data                                    0x20000080   Section       53  inv_mpu.o(.data)
    st                                       0x20000080   Data          44  inv_mpu.o(.data)
    gyro_orientation                         0x200000ac   Data           9  inv_mpu.o(.data)
    .data                                    0x200000b8   Section        4  stdout.o(.data)
    .data                                    0x200000bc   Section        4  errno.o(.data)
    _errno                                   0x200000bc   Data           4  errno.o(.data)
    .bss                                     0x200000c0   Section       16  inv_mpu_dmp_motion_driver.o(.bss)
    dmp                                      0x200000c0   Data          16  inv_mpu_dmp_motion_driver.o(.bss)
    STACK                                    0x200000d0   Section     1024  startup_stm32f10x_md.o(STACK)

    Global Symbols

    Symbol Name                              Value     Ov Type        Size  Object(Section)

    BuildAttributes$$THM_ISAv4$P$D$K$B$S$PE$A:L22UL41UL21$X:L11$S22US41US21$IEEE1$IW$USESV6$~STKCKD$USESV7$~SHL$OTIME$ROPI$IEEEX$EBA8$MICROLIB$REQ8$PRES8$EABIv2 0x00000000   Number         0  anon$$obj.o ABSOLUTE
    __ARM_use_no_argv                        0x00000000   Number         0  main.o ABSOLUTE
    _printf_a                                0x00000000   Number         0  stubs.o ABSOLUTE
    _printf_c                                0x00000000   Number         0  stubs.o ABSOLUTE
    _printf_charcount                        0x00000000   Number         0  stubs.o ABSOLUTE
    _printf_d                                0x00000000   Number         0  stubs.o ABSOLUTE
    _printf_e                                0x00000000   Number         0  stubs.o ABSOLUTE
    _printf_f                                0x00000000   Number         0  stubs.o ABSOLUTE
    _printf_flags                            0x00000000   Number         0  stubs.o ABSOLUTE
    _printf_fp_dec                           0x00000000   Number         0  stubs.o ABSOLUTE
    _printf_fp_hex                           0x00000000   Number         0  stubs.o ABSOLUTE
    _printf_g                                0x00000000   Number         0  stubs.o ABSOLUTE
    _printf_i                                0x00000000   Number         0  stubs.o ABSOLUTE
    _printf_int_dec                          0x00000000   Number         0  stubs.o ABSOLUTE
    _printf_l                                0x00000000   Number         0  stubs.o ABSOLUTE
    _printf_lc                               0x00000000   Number         0  stubs.o ABSOLUTE
    _printf_ll                               0x00000000   Number         0  stubs.o ABSOLUTE
    _printf_lld                              0x00000000   Number         0  stubs.o ABSOLUTE
    _printf_lli                              0x00000000   Number         0  stubs.o ABSOLUTE
    _printf_llo                              0x00000000   Number         0  stubs.o ABSOLUTE
    _printf_llu                              0x00000000   Number         0  stubs.o ABSOLUTE
    _printf_llx                              0x00000000   Number         0  stubs.o ABSOLUTE
    _printf_longlong_dec                     0x00000000   Number         0  stubs.o ABSOLUTE
    _printf_longlong_hex                     0x00000000   Number         0  stubs.o ABSOLUTE
    _printf_longlong_oct                     0x00000000   Number         0  stubs.o ABSOLUTE
    _printf_ls                               0x00000000   Number         0  stubs.o ABSOLUTE
    _printf_mbtowc                           0x00000000   Number         0  stubs.o ABSOLUTE
    _printf_n                                0x00000000   Number         0  stubs.o ABSOLUTE
    _printf_o                                0x00000000   Number         0  stubs.o ABSOLUTE
    _printf_p                                0x00000000   Number         0  stubs.o ABSOLUTE
    _printf_percent                          0x00000000   Number         0  stubs.o ABSOLUTE
    _printf_pre_padding                      0x00000000   Number         0  stubs.o ABSOLUTE
    _printf_return_value                     0x00000000   Number         0  stubs.o ABSOLUTE
    _printf_s                                0x00000000   Number         0  stubs.o ABSOLUTE
    _printf_sizespec                         0x00000000   Number         0  stubs.o ABSOLUTE
    _printf_str                              0x00000000   Number         0  stubs.o ABSOLUTE
    _printf_truncate_signed                  0x00000000   Number         0  stubs.o ABSOLUTE
    _printf_truncate_unsigned                0x00000000   Number         0  stubs.o ABSOLUTE
    _printf_u                                0x00000000   Number         0  stubs.o ABSOLUTE
    _printf_wc                               0x00000000   Number         0  stubs.o ABSOLUTE
    _printf_wctomb                           0x00000000   Number         0  stubs.o ABSOLUTE
    _printf_widthprec                        0x00000000   Number         0  stubs.o ABSOLUTE
    _printf_x                                0x00000000   Number         0  stubs.o ABSOLUTE
    __cpp_initialize__aeabi_                  - Undefined Weak Reference
    __cxa_finalize                            - Undefined Weak Reference
    __decompress                              - Undefined Weak Reference
    _clock_init                               - Undefined Weak Reference
    _microlib_exit                            - Undefined Weak Reference
    __Vectors_Size                           0x000000ec   Number         0  startup_stm32f10x_md.o ABSOLUTE
    __Vectors                                0x08000000   Data           4  startup_stm32f10x_md.o(RESET)
    __Vectors_End                            0x080000ec   Data           0  startup_stm32f10x_md.o(RESET)
    __main                                   0x080000ed   Thumb Code     0  entry.o(.ARM.Collect$$$$00000000)
    _main_stk                                0x080000ed   Thumb Code     0  entry2.o(.ARM.Collect$$$$00000001)
    _main_scatterload                        0x080000f1   Thumb Code     0  entry5.o(.ARM.Collect$$$$00000004)
    __main_after_scatterload                 0x080000f5   Thumb Code     0  entry5.o(.ARM.Collect$$$$00000004)
    _main_clock                              0x080000f5   Thumb Code     0  entry7b.o(.ARM.Collect$$$$00000008)
    _main_cpp_init                           0x080000f5   Thumb Code     0  entry8b.o(.ARM.Collect$$$$0000000A)
    _main_init                               0x080000f5   Thumb Code     0  entry9a.o(.ARM.Collect$$$$0000000B)
    __rt_final_cpp                           0x080000fd   Thumb Code     0  entry10a.o(.ARM.Collect$$$$0000000D)
    __rt_final_exit                          0x080000fd   Thumb Code     0  entry11a.o(.ARM.Collect$$$$0000000F)
    Reset_Handler                            0x08000101   Thumb Code     8  startup_stm32f10x_md.o(.text)
    ADC1_2_IRQHandler                        0x0800011b   Thumb Code     0  startup_stm32f10x_md.o(.text)
    CAN1_RX1_IRQHandler                      0x0800011b   Thumb Code     0  startup_stm32f10x_md.o(.text)
    CAN1_SCE_IRQHandler                      0x0800011b   Thumb Code     0  startup_stm32f10x_md.o(.text)
    DMA1_Channel1_IRQHandler                 0x0800011b   Thumb Code     0  startup_stm32f10x_md.o(.text)
    DMA1_Channel2_IRQHandler                 0x0800011b   Thumb Code     0  startup_stm32f10x_md.o(.text)
    DMA1_Channel3_IRQHandler                 0x0800011b   Thumb Code     0  startup_stm32f10x_md.o(.text)
    DMA1_Channel4_IRQHandler                 0x0800011b   Thumb Code     0  startup_stm32f10x_md.o(.text)
    DMA1_Channel5_IRQHandler                 0x0800011b   Thumb Code     0  startup_stm32f10x_md.o(.text)
    DMA1_Channel6_IRQHandler                 0x0800011b   Thumb Code     0  startup_stm32f10x_md.o(.text)
    DMA1_Channel7_IRQHandler                 0x0800011b   Thumb Code     0  startup_stm32f10x_md.o(.text)
    EXTI0_IRQHandler                         0x0800011b   Thumb Code     0  startup_stm32f10x_md.o(.text)
    EXTI15_10_IRQHandler                     0x0800011b   Thumb Code     0  startup_stm32f10x_md.o(.text)
    EXTI1_IRQHandler                         0x0800011b   Thumb Code     0  startup_stm32f10x_md.o(.text)
    EXTI2_IRQHandler                         0x0800011b   Thumb Code     0  startup_stm32f10x_md.o(.text)
    EXTI3_IRQHandler                         0x0800011b   Thumb Code     0  startup_stm32f10x_md.o(.text)
    EXTI4_IRQHandler                         0x0800011b   Thumb Code     0  startup_stm32f10x_md.o(.text)
    FLASH_IRQHandler                         0x0800011b   Thumb Code     0  startup_stm32f10x_md.o(.text)
    I2C1_ER_IRQHandler                       0x0800011b   Thumb Code     0  startup_stm32f10x_md.o(.text)
    I2C1_EV_IRQHandler                       0x0800011b   Thumb Code     0  startup_stm32f10x_md.o(.text)
    I2C2_ER_IRQHandler                       0x0800011b   Thumb Code     0  startup_stm32f10x_md.o(.text)
    I2C2_EV_IRQHandler                       0x0800011b   Thumb Code     0  startup_stm32f10x_md.o(.text)
    PVD_IRQHandler                           0x0800011b   Thumb Code     0  startup_stm32f10x_md.o(.text)
    RCC_IRQHandler                           0x0800011b   Thumb Code     0  startup_stm32f10x_md.o(.text)
    RTCAlarm_IRQHandler                      0x0800011b   Thumb Code     0  startup_stm32f10x_md.o(.text)
    RTC_IRQHandler                           0x0800011b   Thumb Code     0  startup_stm32f10x_md.o(.text)
    SPI1_IRQHandler                          0x0800011b   Thumb Code     0  startup_stm32f10x_md.o(.text)
    SPI2_IRQHandler                          0x0800011b   Thumb Code     0  startup_stm32f10x_md.o(.text)
    TAMPER_IRQHandler                        0x0800011b   Thumb Code     0  startup_stm32f10x_md.o(.text)
    TIM1_BRK_IRQHandler                      0x0800011b   Thumb Code     0  startup_stm32f10x_md.o(.text)
    TIM1_CC_IRQHandler                       0x0800011b   Thumb Code     0  startup_stm32f10x_md.o(.text)
    TIM1_TRG_COM_IRQHandler                  0x0800011b   Thumb Code     0  startup_stm32f10x_md.o(.text)
    TIM1_UP_IRQHandler                       0x0800011b   Thumb Code     0  startup_stm32f10x_md.o(.text)
    TIM3_IRQHandler                          0x0800011b   Thumb Code     0  startup_stm32f10x_md.o(.text)
    USART1_IRQHandler                        0x0800011b   Thumb Code     0  startup_stm32f10x_md.o(.text)
    USART2_IRQHandler                        0x0800011b   Thumb Code     0  startup_stm32f10x_md.o(.text)
    USART3_IRQHandler                        0x0800011b   Thumb Code     0  startup_stm32f10x_md.o(.text)
    USBWakeUp_IRQHandler                     0x0800011b   Thumb Code     0  startup_stm32f10x_md.o(.text)
    USB_HP_CAN1_TX_IRQHandler                0x0800011b   Thumb Code     0  startup_stm32f10x_md.o(.text)
    USB_LP_CAN1_RX0_IRQHandler               0x0800011b   Thumb Code     0  startup_stm32f10x_md.o(.text)
    WWDG_IRQHandler                          0x0800011b   Thumb Code     0  startup_stm32f10x_md.o(.text)
    __aeabi_ldivmod                          0x08000125   Thumb Code    98  ldiv.o(.text)
    __aeabi_memset                           0x08000187   Thumb Code    14  memseta.o(.text)
    __aeabi_memset4                          0x08000187   Thumb Code     0  memseta.o(.text)
    __aeabi_memset8                          0x08000187   Thumb Code     0  memseta.o(.text)
    __aeabi_memclr                           0x08000195   Thumb Code     4  memseta.o(.text)
    __aeabi_memclr4                          0x08000195   Thumb Code     0  memseta.o(.text)
    __aeabi_memclr8                          0x08000195   Thumb Code     0  memseta.o(.text)
    _memset$wrapper                          0x08000199   Thumb Code    18  memseta.o(.text)
    memcmp                                   0x080001ab   Thumb Code    26  memcmp.o(.text)
    __aeabi_fadd                             0x080001c5   Thumb Code   164  fadd.o(.text)
    __aeabi_fsub                             0x08000269   Thumb Code     6  fadd.o(.text)
    __aeabi_frsub                            0x0800026f   Thumb Code     6  fadd.o(.text)
    __aeabi_fmul                             0x08000275   Thumb Code   100  fmul.o(.text)
    __aeabi_fdiv                             0x080002d9   Thumb Code   124  fdiv.o(.text)
    __aeabi_dadd                             0x08000355   Thumb Code   322  dadd.o(.text)
    __aeabi_dsub                             0x08000497   Thumb Code     6  dadd.o(.text)
    __aeabi_drsub                            0x0800049d   Thumb Code     6  dadd.o(.text)
    __aeabi_dmul                             0x080004a3   Thumb Code   228  dmul.o(.text)
    __aeabi_ddiv                             0x08000587   Thumb Code   222  ddiv.o(.text)
    __aeabi_i2f                              0x08000665   Thumb Code    18  fflti.o(.text)
    __aeabi_ui2f                             0x08000677   Thumb Code    10  ffltui.o(.text)
    __aeabi_i2d                              0x08000681   Thumb Code    34  dflti.o(.text)
    __aeabi_f2iz                             0x080006a3   Thumb Code    50  ffixi.o(.text)
    __aeabi_f2uiz                            0x080006d5   Thumb Code    40  ffixui.o(.text)
    __aeabi_d2iz                             0x080006fd   Thumb Code    62  dfixi.o(.text)
    __aeabi_d2uiz                            0x0800073b   Thumb Code    50  dfixui.o(.text)
    __aeabi_f2d                              0x0800076d   Thumb Code    38  f2d.o(.text)
    __aeabi_cdcmpeq                          0x08000795   Thumb Code     0  cdcmple.o(.text)
    __aeabi_cdcmple                          0x08000795   Thumb Code    48  cdcmple.o(.text)
    __aeabi_d2f                              0x080007c5   Thumb Code    56  d2f.o(.text)
    __aeabi_cfcmpeq                          0x080007fd   Thumb Code     0  cfcmple.o(.text)
    __aeabi_cfcmple                          0x080007fd   Thumb Code    20  cfcmple.o(.text)
    __aeabi_cfrcmple                         0x08000811   Thumb Code    20  cfrcmple.o(.text)
    __aeabi_uldivmod                         0x08000825   Thumb Code    98  uldiv.o(.text)
    __aeabi_llsl                             0x08000887   Thumb Code    30  llshl.o(.text)
    _ll_shift_l                              0x08000887   Thumb Code     0  llshl.o(.text)
    __aeabi_llsr                             0x080008a5   Thumb Code    32  llushr.o(.text)
    _ll_ushift_r                             0x080008a5   Thumb Code     0  llushr.o(.text)
    __aeabi_lasr                             0x080008c5   Thumb Code    36  llsshr.o(.text)
    _ll_sshift_r                             0x080008c5   Thumb Code     0  llsshr.o(.text)
    __I$use$fp                               0x080008e9   Thumb Code     0  iusefp.o(.text)
    _float_round                             0x080008e9   Thumb Code    18  fepilogue.o(.text)
    _float_epilogue                          0x080008fb   Thumb Code    92  fepilogue.o(.text)
    _double_round                            0x08000957   Thumb Code    30  depilogue.o(.text)
    _double_epilogue                         0x08000975   Thumb Code   156  depilogue.o(.text)
    __ARM_scalbn                             0x08000a11   Thumb Code    46  dscalb.o(.text)
    scalbn                                   0x08000a11   Thumb Code     0  dscalb.o(.text)
    __scatterload                            0x08000a41   Thumb Code    28  init.o(.text)
    __scatterload_rt2                        0x08000a41   Thumb Code     0  init.o(.text)
    __I$use$semihosting$fputc                0x08000a65   Thumb Code     0  iusesemip.o(.text)
    __semihosting_library_function           0x08000a65   Thumb Code     0  semi.o(.text)
    _dsqrt                                   0x08000a65   Thumb Code   162  dsqrt.o(.text)
    BusFault_Handler                         0x08000b07   Thumb Code     4  stm32f10x_it.o(i.BusFault_Handler)
    DebugMon_Handler                         0x08000b0b   Thumb Code     2  stm32f10x_it.o(i.DebugMon_Handler)
    EXTI9_5_IRQHandler                       0x08000b0d   Thumb Code   322  control.o(i.EXTI9_5_IRQHandler)
    EXTI_ClearITPendingBit                   0x08000c9d   Thumb Code     6  stm32f10x_exti.o(i.EXTI_ClearITPendingBit)
    EXTI_GetITStatus                         0x08000ca9   Thumb Code    34  stm32f10x_exti.o(i.EXTI_GetITStatus)
    EXTI_Init                                0x08000cd1   Thumb Code   142  stm32f10x_exti.o(i.EXTI_Init)
    Encoder_TIM2_Init                        0x08000d65   Thumb Code   158  encoder.o(i.Encoder_TIM2_Init)
    Encoder_TIM4_Init                        0x08000e09   Thumb Code   154  encoder.o(i.Encoder_TIM4_Init)
    GPIO_EXTILineConfig                      0x08000ead   Thumb Code    60  stm32f10x_gpio.o(i.GPIO_EXTILineConfig)
    GPIO_Init                                0x08000eed   Thumb Code   278  stm32f10x_gpio.o(i.GPIO_Init)
    GPIO_ResetBits                           0x08001003   Thumb Code     4  stm32f10x_gpio.o(i.GPIO_ResetBits)
    GPIO_SetBits                             0x08001007   Thumb Code     4  stm32f10x_gpio.o(i.GPIO_SetBits)
    HardFault_Handler                        0x0800100b   Thumb Code     4  stm32f10x_it.o(i.HardFault_Handler)
    Limit                                    0x08001011   Thumb Code    66  motor.o(i.Limit)
    Load                                     0x0800105d   Thumb Code   116  motor.o(i.Load)
    MPU6050_EXTI_Init                        0x080010dd   Thumb Code    74  exit.o(i.MPU6050_EXTI_Init)
    MPU_Get_Accelerometer                    0x0800112d   Thumb Code    80  mpu6050.o(i.MPU_Get_Accelerometer)
    MPU_Get_Gyroscope                        0x0800117d   Thumb Code    80  mpu6050.o(i.MPU_Get_Gyroscope)
    MPU_IIC_Ack                              0x080011cd   Thumb Code    62  mpuiic.o(i.MPU_IIC_Ack)
    MPU_IIC_Delay                            0x08001219   Thumb Code    10  mpuiic.o(i.MPU_IIC_Delay)
    MPU_IIC_Init                             0x08001225   Thumb Code    40  mpuiic.o(i.MPU_IIC_Init)
    MPU_IIC_NAck                             0x08001251   Thumb Code    62  mpuiic.o(i.MPU_IIC_NAck)
    MPU_IIC_Read_Byte                        0x0800129d   Thumb Code    94  mpuiic.o(i.MPU_IIC_Read_Byte)
    MPU_IIC_Send_Byte                        0x08001309   Thumb Code    80  mpuiic.o(i.MPU_IIC_Send_Byte)
    MPU_IIC_Start                            0x08001365   Thumb Code    60  mpuiic.o(i.MPU_IIC_Start)
    MPU_IIC_Stop                             0x080013ad   Thumb Code    58  mpuiic.o(i.MPU_IIC_Stop)
    MPU_IIC_Wait_Ack                         0x080013f5   Thumb Code    86  mpuiic.o(i.MPU_IIC_Wait_Ack)
    MPU_Init                                 0x08001459   Thumb Code   122  mpu6050.o(i.MPU_Init)
    MPU_Read_Byte                            0x080014d3   Thumb Code    58  mpu6050.o(i.MPU_Read_Byte)
    MPU_Read_Len                             0x0800150d   Thumb Code   116  mpu6050.o(i.MPU_Read_Len)
    MPU_Set_Accel_Fsr                        0x08001581   Thumb Code    16  mpu6050.o(i.MPU_Set_Accel_Fsr)
    MPU_Set_Gyro_Fsr                         0x08001591   Thumb Code    16  mpu6050.o(i.MPU_Set_Gyro_Fsr)
    MPU_Set_LPF                              0x080015a1   Thumb Code    58  mpu6050.o(i.MPU_Set_LPF)
    MPU_Set_Rate                             0x080015db   Thumb Code    58  mpu6050.o(i.MPU_Set_Rate)
    MPU_Write_Byte                           0x08001615   Thumb Code    68  mpu6050.o(i.MPU_Write_Byte)
    MPU_Write_Len                            0x08001659   Thumb Code    96  mpu6050.o(i.MPU_Write_Len)
    MemManage_Handler                        0x080016b9   Thumb Code     4  stm32f10x_it.o(i.MemManage_Handler)
    Motor_Init                               0x080016bd   Thumb Code    40  motor.o(i.Motor_Init)
    NMI_Handler                              0x080016e9   Thumb Code     2  stm32f10x_it.o(i.NMI_Handler)
    NVIC_Config                              0x080016eb   Thumb Code    40  sys.o(i.NVIC_Config)
    NVIC_Init                                0x08001715   Thumb Code   100  misc.o(i.NVIC_Init)
    NVIC_PriorityGroupConfig                 0x08001785   Thumb Code    10  misc.o(i.NVIC_PriorityGroupConfig)
    OLED_Clear                               0x08001799   Thumb Code    62  oled.o(i.OLED_Clear)
    OLED_Float                               0x080017d9   Thumb Code   442  oled.o(i.OLED_Float)
    OLED_IIC_Start                           0x08001999   Thumb Code    44  oled.o(i.OLED_IIC_Start)
    OLED_IIC_Stop                            0x080019c9   Thumb Code    34  oled.o(i.OLED_IIC_Stop)
    OLED_IIC_Wait_Ack                        0x080019f1   Thumb Code    24  oled.o(i.OLED_IIC_Wait_Ack)
    OLED_Init                                0x08001a0d   Thumb Code   274  oled.o(i.OLED_Init)
    OLED_Set_Pos                             0x08001b25   Thumb Code    40  oled.o(i.OLED_Set_Pos)
    OLED_ShowChar                            0x08001b4d   Thumb Code   154  oled.o(i.OLED_ShowChar)
    OLED_ShowString                          0x08001bf1   Thumb Code    54  oled.o(i.OLED_ShowString)
    OLED_WR_Byte                             0x08001c27   Thumb Code    24  oled.o(i.OLED_WR_Byte)
    OLED_Write_IIC_Byte                      0x08001c41   Thumb Code    88  oled.o(i.OLED_Write_IIC_Byte)
    OLED_Write_IIC_Command                   0x08001c9d   Thumb Code    44  oled.o(i.OLED_Write_IIC_Command)
    OLED_Write_IIC_Data                      0x08001cc9   Thumb Code    44  oled.o(i.OLED_Write_IIC_Data)
    PWM_Init_TIM1                            0x08001cf5   Thumb Code   162  pwm.o(i.PWM_Init_TIM1)
    PendSV_Handler                           0x08001da1   Thumb Code     2  stm32f10x_it.o(i.PendSV_Handler)
    RCC_APB1PeriphClockCmd                   0x08001da5   Thumb Code    26  stm32f10x_rcc.o(i.RCC_APB1PeriphClockCmd)
    RCC_APB2PeriphClockCmd                   0x08001dc5   Thumb Code    26  stm32f10x_rcc.o(i.RCC_APB2PeriphClockCmd)
    Read_Speed                               0x08001de5   Thumb Code    66  encoder.o(i.Read_Speed)
    SVC_Handler                              0x08001e2d   Thumb Code     2  stm32f10x_it.o(i.SVC_Handler)
    SysTick_CLKSourceConfig                  0x08001f19   Thumb Code    40  misc.o(i.SysTick_CLKSourceConfig)
    SysTick_Handler                          0x08001f41   Thumb Code     2  stm32f10x_it.o(i.SysTick_Handler)
    SystemInit                               0x08001f45   Thumb Code    78  system_stm32f10x.o(i.SystemInit)
    TIM2_IRQHandler                          0x080021e5   Thumb Code    22  encoder.o(i.TIM2_IRQHandler)
    TIM4_IRQHandler                          0x080021fd   Thumb Code    22  encoder.o(i.TIM4_IRQHandler)
    TIM_ARRPreloadConfig                     0x08002219   Thumb Code    24  stm32f10x_tim.o(i.TIM_ARRPreloadConfig)
    TIM_ClearFlag                            0x08002231   Thumb Code     6  stm32f10x_tim.o(i.TIM_ClearFlag)
    TIM_ClearITPendingBit                    0x08002237   Thumb Code     6  stm32f10x_tim.o(i.TIM_ClearITPendingBit)
    TIM_Cmd                                  0x0800223d   Thumb Code    24  stm32f10x_tim.o(i.TIM_Cmd)
    TIM_CtrlPWMOutputs                       0x08002255   Thumb Code    30  stm32f10x_tim.o(i.TIM_CtrlPWMOutputs)
    TIM_EncoderInterfaceConfig               0x08002273   Thumb Code    66  stm32f10x_tim.o(i.TIM_EncoderInterfaceConfig)
    TIM_GetCounter                           0x080022b5   Thumb Code     6  stm32f10x_tim.o(i.TIM_GetCounter)
    TIM_GetITStatus                          0x080022bb   Thumb Code    34  stm32f10x_tim.o(i.TIM_GetITStatus)
    TIM_ICInit                               0x080022dd   Thumb Code   150  stm32f10x_tim.o(i.TIM_ICInit)
    TIM_ICStructInit                         0x08002389   Thumb Code    18  stm32f10x_tim.o(i.TIM_ICStructInit)
    TIM_ITConfig                             0x0800239b   Thumb Code    18  stm32f10x_tim.o(i.TIM_ITConfig)
    TIM_OC1Init                              0x080023ad   Thumb Code   132  stm32f10x_tim.o(i.TIM_OC1Init)
    TIM_OC1PreloadConfig                     0x08002445   Thumb Code    18  stm32f10x_tim.o(i.TIM_OC1PreloadConfig)
    TIM_OC4Init                              0x08002459   Thumb Code   114  stm32f10x_tim.o(i.TIM_OC4Init)
    TIM_OC4PreloadConfig                     0x080024d5   Thumb Code    26  stm32f10x_tim.o(i.TIM_OC4PreloadConfig)
    TIM_SetCompare1                          0x080024ef   Thumb Code     4  stm32f10x_tim.o(i.TIM_SetCompare1)
    TIM_SetCompare4                          0x080024f3   Thumb Code     6  stm32f10x_tim.o(i.TIM_SetCompare4)
    TIM_SetCounter                           0x080024f9   Thumb Code     4  stm32f10x_tim.o(i.TIM_SetCounter)
    TIM_SetIC1Prescaler                      0x080024fd   Thumb Code    18  stm32f10x_tim.o(i.TIM_SetIC1Prescaler)
    TIM_SetIC2Prescaler                      0x0800250f   Thumb Code    26  stm32f10x_tim.o(i.TIM_SetIC2Prescaler)
    TIM_SetIC3Prescaler                      0x08002529   Thumb Code    18  stm32f10x_tim.o(i.TIM_SetIC3Prescaler)
    TIM_SetIC4Prescaler                      0x0800253b   Thumb Code    26  stm32f10x_tim.o(i.TIM_SetIC4Prescaler)
    TIM_TimeBaseInit                         0x08002555   Thumb Code   122  stm32f10x_tim.o(i.TIM_TimeBaseInit)
    TIM_TimeBaseStructInit                   0x080025f9   Thumb Code    18  stm32f10x_tim.o(i.TIM_TimeBaseStructInit)
    Turn                                     0x0800260d   Thumb Code    38  control.o(i.Turn)
    UsageFault_Handler                       0x08002639   Thumb Code     4  stm32f10x_it.o(i.UsageFault_Handler)
    Velocity                                 0x0800263d   Thumb Code   212  control.o(i.Velocity)
    Vertical                                 0x08002735   Thumb Code    68  control.o(i.Vertical)
    __0printf$8                              0x08002781   Thumb Code    22  printf8.o(i.__0printf$8)
    __1printf$8                              0x08002781   Thumb Code     0  printf8.o(i.__0printf$8)
    __2printf                                0x08002781   Thumb Code     0  printf8.o(i.__0printf$8)
    __ARM_fpclassify                         0x080027a1   Thumb Code    40  fpclassify.o(i.__ARM_fpclassify)
    __kernel_poly                            0x080027c9   Thumb Code   170  poly.o(i.__kernel_poly)
    __mathlib_dbl_infnan                     0x08002873   Thumb Code     6  dunder.o(i.__mathlib_dbl_infnan)
    __mathlib_dbl_infnan2                    0x08002879   Thumb Code     4  dunder.o(i.__mathlib_dbl_infnan2)
    __mathlib_dbl_invalid                    0x0800287d   Thumb Code    12  dunder.o(i.__mathlib_dbl_invalid)
    __mathlib_dbl_underflow                  0x08002889   Thumb Code    10  dunder.o(i.__mathlib_dbl_underflow)
    __scatterload_copy                       0x08002899   Thumb Code    14  handlers.o(i.__scatterload_copy)
    __scatterload_null                       0x080028a7   Thumb Code     2  handlers.o(i.__scatterload_null)
    __scatterload_zeroinit                   0x080028a9   Thumb Code    14  handlers.o(i.__scatterload_zeroinit)
    __set_errno                              0x080028b9   Thumb Code     6  errno.o(i.__set_errno)
    asin                                     0x08002dd1   Thumb Code   572  asin.o(i.asin)
    atan                                     0x08003041   Thumb Code   474  atan.o(i.atan)
    atan2                                    0x08003261   Thumb Code   346  atan2.o(i.atan2)
    delay_init                               0x08003445   Thumb Code    50  delay.o(i.delay_init)
    delay_ms                                 0x08003489   Thumb Code    72  delay.o(i.delay_ms)
    delay_us                                 0x080034d5   Thumb Code    72  delay.o(i.delay_us)
    dmp_enable_6x_lp_quat                    0x08003521   Thumb Code    60  inv_mpu_dmp_motion_driver.o(i.dmp_enable_6x_lp_quat)
    dmp_enable_feature                       0x0800355d   Thumb Code   530  inv_mpu_dmp_motion_driver.o(i.dmp_enable_feature)
    dmp_enable_gyro_cal                      0x08003779   Thumb Code    62  inv_mpu_dmp_motion_driver.o(i.dmp_enable_gyro_cal)
    dmp_enable_lp_quat                       0x080037d1   Thumb Code    60  inv_mpu_dmp_motion_driver.o(i.dmp_enable_lp_quat)
    dmp_load_motion_driver_firmware          0x0800380d   Thumb Code    20  inv_mpu_dmp_motion_driver.o(i.dmp_load_motion_driver_firmware)
    dmp_read_fifo                            0x08003825   Thumb Code   456  inv_mpu_dmp_motion_driver.o(i.dmp_read_fifo)
    dmp_set_accel_bias                       0x080039f1   Thumb Code   300  inv_mpu_dmp_motion_driver.o(i.dmp_set_accel_bias)
    dmp_set_fifo_rate                        0x08003b21   Thumb Code    96  inv_mpu_dmp_motion_driver.o(i.dmp_set_fifo_rate)
    dmp_set_gyro_bias                        0x08003b91   Thumb Code   294  inv_mpu_dmp_motion_driver.o(i.dmp_set_gyro_bias)
    dmp_set_orientation                      0x08003cc1   Thumb Code   290  inv_mpu_dmp_motion_driver.o(i.dmp_set_orientation)
    dmp_set_shake_reject_thresh              0x08003df9   Thumb Code    56  inv_mpu_dmp_motion_driver.o(i.dmp_set_shake_reject_thresh)
    dmp_set_shake_reject_time                0x08003e31   Thumb Code    38  inv_mpu_dmp_motion_driver.o(i.dmp_set_shake_reject_time)
    dmp_set_shake_reject_timeout             0x08003e57   Thumb Code    38  inv_mpu_dmp_motion_driver.o(i.dmp_set_shake_reject_timeout)
    dmp_set_tap_axes                         0x08003e7d   Thumb Code    70  inv_mpu_dmp_motion_driver.o(i.dmp_set_tap_axes)
    dmp_set_tap_count                        0x08003ec3   Thumb Code    38  inv_mpu_dmp_motion_driver.o(i.dmp_set_tap_count)
    dmp_set_tap_thresh                       0x08003ee9   Thumb Code   396  inv_mpu_dmp_motion_driver.o(i.dmp_set_tap_thresh)
    dmp_set_tap_time                         0x08004089   Thumb Code    38  inv_mpu_dmp_motion_driver.o(i.dmp_set_tap_time)
    dmp_set_tap_time_multi                   0x080040af   Thumb Code    38  inv_mpu_dmp_motion_driver.o(i.dmp_set_tap_time_multi)
    fputc                                    0x080040d5   Thumb Code    18  fputc.o(i.fputc)
    inv_orientation_matrix_to_scalar         0x0800471d   Thumb Code    40  inv_mpu.o(i.inv_orientation_matrix_to_scalar)
    inv_row_2_scale                          0x08004745   Thumb Code    78  inv_mpu.o(i.inv_row_2_scale)
    main                                     0x08004793   Thumb Code    60  main.o(i.main)
    mget_ms                                  0x080047cf   Thumb Code     2  inv_mpu.o(i.mget_ms)
    mpu_configure_fifo                       0x080047d1   Thumb Code   106  inv_mpu.o(i.mpu_configure_fifo)
    mpu_dmp_get_data                         0x08004841   Thumb Code   544  inv_mpu.o(i.mpu_dmp_get_data)
    mpu_dmp_init                             0x08004a65   Thumb Code   148  inv_mpu.o(i.mpu_dmp_init)
    mpu_get_accel_fsr                        0x08004afd   Thumb Code    72  inv_mpu.o(i.mpu_get_accel_fsr)
    mpu_get_accel_sens                       0x08004b49   Thumb Code    78  inv_mpu.o(i.mpu_get_accel_sens)
    mpu_get_fifo_config                      0x08004b9d   Thumb Code    12  inv_mpu.o(i.mpu_get_fifo_config)
    mpu_get_gyro_fsr                         0x08004bad   Thumb Code    64  inv_mpu.o(i.mpu_get_gyro_fsr)
    mpu_get_gyro_sens                        0x08004bf1   Thumb Code    58  inv_mpu.o(i.mpu_get_gyro_sens)
    mpu_get_lpf                              0x08004c41   Thumb Code    74  inv_mpu.o(i.mpu_get_lpf)
    mpu_get_sample_rate                      0x08004c91   Thumb Code    26  inv_mpu.o(i.mpu_get_sample_rate)
    mpu_init                                 0x08004cb1   Thumb Code   416  inv_mpu.o(i.mpu_init)
    mpu_load_firmware                        0x08004ea1   Thumb Code   180  inv_mpu.o(i.mpu_load_firmware)
    mpu_lp_accel_mode                        0x08004f59   Thumb Code   218  inv_mpu.o(i.mpu_lp_accel_mode)
    mpu_read_fifo_stream                     0x08005039   Thumb Code   186  inv_mpu.o(i.mpu_read_fifo_stream)
    mpu_read_mem                             0x080050f9   Thumb Code   122  inv_mpu.o(i.mpu_read_mem)
    mpu_reset_fifo                           0x08005179   Thumb Code   450  inv_mpu.o(i.mpu_reset_fifo)
    mpu_run_self_test                        0x08005341   Thumb Code   278  inv_mpu.o(i.mpu_run_self_test)
    mpu_set_accel_fsr                        0x0800545d   Thumb Code   126  inv_mpu.o(i.mpu_set_accel_fsr)
    mpu_set_bypass                           0x080054e1   Thumb Code   328  inv_mpu.o(i.mpu_set_bypass)
    mpu_set_dmp_state                        0x0800562d   Thumb Code   138  inv_mpu.o(i.mpu_set_dmp_state)
    mpu_set_gyro_fsr                         0x080056bd   Thumb Code   132  inv_mpu.o(i.mpu_set_gyro_fsr)
    mpu_set_int_latched                      0x08005745   Thumb Code   102  inv_mpu.o(i.mpu_set_int_latched)
    mpu_set_lpf                              0x080057b1   Thumb Code   126  inv_mpu.o(i.mpu_set_lpf)
    mpu_set_sample_rate                      0x08005835   Thumb Code   152  inv_mpu.o(i.mpu_set_sample_rate)
    mpu_set_sensors                          0x080058d1   Thumb Code   202  inv_mpu.o(i.mpu_set_sensors)
    mpu_write_mem                            0x080059a1   Thumb Code   122  inv_mpu.o(i.mpu_write_mem)
    run_self_test                            0x08005a21   Thumb Code   148  inv_mpu.o(i.run_self_test)
    sqrt                                     0x08005b45   Thumb Code    76  sqrt.o(i.sqrt)
    reg                                      0x08005b90   Data          27  inv_mpu.o(.constdata)
    hw                                       0x08005bac   Data          12  inv_mpu.o(.constdata)
    test                                     0x08005bb8   Data          40  inv_mpu.o(.constdata)
    F6x8                                     0x080067d6   Data         552  oled.o(.constdata)
    F8X16                                    0x080069fe   Data        1520  oled.o(.constdata)
    __mathlib_zero                           0x080070d8   Data           8  qnan.o(.constdata)
    Region$$Table$$Base                      0x08007130   Number         0  anon$$obj.o(Region$$Table)
    Region$$Table$$Limit                     0x08007150   Number         0  anon$$obj.o(Region$$Table)
    SystemCoreClock                          0x20000000   Data           4  system_stm32f10x.o(.data)
    AHBPrescTable                            0x20000004   Data          16  system_stm32f10x.o(.data)
    PWM_MAX                                  0x20000018   Data           4  sys.o(.data)
    PWM_MIN                                  0x2000001c   Data           4  sys.o(.data)
    Encoder_Left                             0x20000020   Data           4  sys.o(.data)
    Encoder_Right                            0x20000024   Data           4  sys.o(.data)
    MOTO1                                    0x20000028   Data           4  sys.o(.data)
    MOTO2                                    0x2000002c   Data           4  sys.o(.data)
    Pitch                                    0x20000030   Data           4  sys.o(.data)
    Roll                                     0x20000034   Data           4  sys.o(.data)
    Yaw                                      0x20000038   Data           4  sys.o(.data)
    gyrox                                    0x2000003c   Data           2  sys.o(.data)
    gyroy                                    0x2000003e   Data           2  sys.o(.data)
    gyroz                                    0x20000040   Data           2  sys.o(.data)
    aacx                                     0x20000042   Data           2  sys.o(.data)
    aacy                                     0x20000044   Data           2  sys.o(.data)
    aacz                                     0x20000046   Data           2  sys.o(.data)
    Med_Angle                                0x20000048   Data           4  control.o(.data)
    Target_Speed                             0x2000004c   Data           4  control.o(.data)
    Vertical_Kp                              0x20000050   Data           4  control.o(.data)
    Vertical_Kd                              0x20000054   Data           4  control.o(.data)
    Velocity_Kp                              0x20000058   Data           4  control.o(.data)
    Velocity_Ki                              0x2000005c   Data           4  control.o(.data)
    Vertical_out                             0x20000060   Data           4  control.o(.data)
    Velocity_out                             0x20000064   Data           4  control.o(.data)
    Turn_out                                 0x20000068   Data           4  control.o(.data)
    __stdout                                 0x200000b8   Data           4  stdout.o(.data)
    __initial_sp                             0x200004d0   Data           0  startup_stm32f10x_md.o(STACK)



==============================================================================

Memory Map of the image

  Image Entry point : 0x080000ed

  Load Region LR_IROM1 (Base: 0x08000000, Size: 0x00007210, Max: 0x00010000, ABSOLUTE)

    Execution Region ER_IROM1 (Exec base: 0x08000000, Load base: 0x08000000, Size: 0x00007150, Max: 0x00010000, ABSOLUTE)

    Exec Addr    Load Addr    Size         Type   Attr      Idx    E Section Name        Object

    0x08000000   0x08000000   0x000000ec   Data   RO            3    RESET               startup_stm32f10x_md.o
    0x080000ec   0x080000ec   0x00000000   Code   RO         4396  * .ARM.Collect$$$$00000000  mc_w.l(entry.o)
    0x080000ec   0x080000ec   0x00000004   Code   RO         4741    .ARM.Collect$$$$00000001  mc_w.l(entry2.o)
    0x080000f0   0x080000f0   0x00000004   Code   RO         4744    .ARM.Collect$$$$00000004  mc_w.l(entry5.o)
    0x080000f4   0x080000f4   0x00000000   Code   RO         4746    .ARM.Collect$$$$00000008  mc_w.l(entry7b.o)
    0x080000f4   0x080000f4   0x00000000   Code   RO         4748    .ARM.Collect$$$$0000000A  mc_w.l(entry8b.o)
    0x080000f4   0x080000f4   0x00000008   Code   RO         4749    .ARM.Collect$$$$0000000B  mc_w.l(entry9a.o)
    0x080000fc   0x080000fc   0x00000000   Code   RO         4751    .ARM.Collect$$$$0000000D  mc_w.l(entry10a.o)
    0x080000fc   0x080000fc   0x00000000   Code   RO         4753    .ARM.Collect$$$$0000000F  mc_w.l(entry11a.o)
    0x080000fc   0x080000fc   0x00000004   Code   RO         4742    .ARM.Collect$$$$00002712  mc_w.l(entry2.o)
    0x08000100   0x08000100   0x00000024   Code   RO            4    .text               startup_stm32f10x_md.o
    0x08000124   0x08000124   0x00000062   Code   RO         4399    .text               mc_w.l(ldiv.o)
    0x08000186   0x08000186   0x00000024   Code   RO         4401    .text               mc_w.l(memseta.o)
    0x080001aa   0x080001aa   0x0000001a   Code   RO         4403    .text               mc_w.l(memcmp.o)
    0x080001c4   0x080001c4   0x000000b0   Code   RO         4666    .text               mf_w.l(fadd.o)
    0x08000274   0x08000274   0x00000064   Code   RO         4668    .text               mf_w.l(fmul.o)
    0x080002d8   0x080002d8   0x0000007c   Code   RO         4670    .text               mf_w.l(fdiv.o)
    0x08000354   0x08000354   0x0000014e   Code   RO         4672    .text               mf_w.l(dadd.o)
    0x080004a2   0x080004a2   0x000000e4   Code   RO         4674    .text               mf_w.l(dmul.o)
    0x08000586   0x08000586   0x000000de   Code   RO         4676    .text               mf_w.l(ddiv.o)
    0x08000664   0x08000664   0x00000012   Code   RO         4678    .text               mf_w.l(fflti.o)
    0x08000676   0x08000676   0x0000000a   Code   RO         4680    .text               mf_w.l(ffltui.o)
    0x08000680   0x08000680   0x00000022   Code   RO         4682    .text               mf_w.l(dflti.o)
    0x080006a2   0x080006a2   0x00000032   Code   RO         4686    .text               mf_w.l(ffixi.o)
    0x080006d4   0x080006d4   0x00000028   Code   RO         4688    .text               mf_w.l(ffixui.o)
    0x080006fc   0x080006fc   0x0000003e   Code   RO         4690    .text               mf_w.l(dfixi.o)
    0x0800073a   0x0800073a   0x00000032   Code   RO         4692    .text               mf_w.l(dfixui.o)
    0x0800076c   0x0800076c   0x00000026   Code   RO         4694    .text               mf_w.l(f2d.o)
    0x08000792   0x08000792   0x00000002   PAD
    0x08000794   0x08000794   0x00000030   Code   RO         4696    .text               mf_w.l(cdcmple.o)
    0x080007c4   0x080007c4   0x00000038   Code   RO         4698    .text               mf_w.l(d2f.o)
    0x080007fc   0x080007fc   0x00000014   Code   RO         4700    .text               mf_w.l(cfcmple.o)
    0x08000810   0x08000810   0x00000014   Code   RO         4702    .text               mf_w.l(cfrcmple.o)
    0x08000824   0x08000824   0x00000062   Code   RO         4760    .text               mc_w.l(uldiv.o)
    0x08000886   0x08000886   0x0000001e   Code   RO         4762    .text               mc_w.l(llshl.o)
    0x080008a4   0x080008a4   0x00000020   Code   RO         4764    .text               mc_w.l(llushr.o)
    0x080008c4   0x080008c4   0x00000024   Code   RO         4766    .text               mc_w.l(llsshr.o)
    0x080008e8   0x080008e8   0x00000000   Code   RO         4775    .text               mc_w.l(iusefp.o)
    0x080008e8   0x080008e8   0x0000006e   Code   RO         4776    .text               mf_w.l(fepilogue.o)
    0x08000956   0x08000956   0x000000ba   Code   RO         4778    .text               mf_w.l(depilogue.o)
    0x08000a10   0x08000a10   0x0000002e   Code   RO         4780    .text               mf_w.l(dscalb.o)
    0x08000a3e   0x08000a3e   0x00000002   PAD
    0x08000a40   0x08000a40   0x00000024   Code   RO         4786    .text               mc_w.l(init.o)
    0x08000a64   0x08000a64   0x00000000   Code   RO         4788    .text               mc_w.l(semi.o)
    0x08000a64   0x08000a64   0x00000000   Code   RO         4789    .text               mc_w.l(iusesemip.o)
    0x08000a64   0x08000a64   0x000000a2   Code   RO         4790    .text               mf_w.l(dsqrt.o)
    0x08000b06   0x08000b06   0x00000004   Code   RO         3266    i.BusFault_Handler  stm32f10x_it.o
    0x08000b0a   0x08000b0a   0x00000002   Code   RO         3267    i.DebugMon_Handler  stm32f10x_it.o
    0x08000b0c   0x08000b0c   0x00000190   Code   RO         3620    i.EXTI9_5_IRQHandler  control.o
    0x08000c9c   0x08000c9c   0x0000000c   Code   RO          985    i.EXTI_ClearITPendingBit  stm32f10x_exti.o
    0x08000ca8   0x08000ca8   0x00000028   Code   RO          989    i.EXTI_GetITStatus  stm32f10x_exti.o
    0x08000cd0   0x08000cd0   0x00000094   Code   RO          990    i.EXTI_Init         stm32f10x_exti.o
    0x08000d64   0x08000d64   0x000000a4   Code   RO         3380    i.Encoder_TIM2_Init  encoder.o
    0x08000e08   0x08000e08   0x000000a4   Code   RO         3381    i.Encoder_TIM4_Init  encoder.o
    0x08000eac   0x08000eac   0x00000040   Code   RO         1344    i.GPIO_EXTILineConfig  stm32f10x_gpio.o
    0x08000eec   0x08000eec   0x00000116   Code   RO         1347    i.GPIO_Init         stm32f10x_gpio.o
    0x08001002   0x08001002   0x00000004   Code   RO         1354    i.GPIO_ResetBits    stm32f10x_gpio.o
    0x08001006   0x08001006   0x00000004   Code   RO         1355    i.GPIO_SetBits      stm32f10x_gpio.o
    0x0800100a   0x0800100a   0x00000004   Code   RO         3268    i.HardFault_Handler  stm32f10x_it.o
    0x0800100e   0x0800100e   0x00000002   PAD
    0x08001010   0x08001010   0x0000004c   Code   RO         3419    i.Limit             motor.o
    0x0800105c   0x0800105c   0x00000080   Code   RO         3420    i.Load              motor.o
    0x080010dc   0x080010dc   0x00000050   Code   RO         3452    i.MPU6050_EXTI_Init  exit.o
    0x0800112c   0x0800112c   0x00000050   Code   RO         3464    i.MPU_Get_Accelerometer  mpu6050.o
    0x0800117c   0x0800117c   0x00000050   Code   RO         3465    i.MPU_Get_Gyroscope  mpu6050.o
    0x080011cc   0x080011cc   0x0000004c   Code   RO         3548    i.MPU_IIC_Ack       mpuiic.o
    0x08001218   0x08001218   0x0000000a   Code   RO         3549    i.MPU_IIC_Delay     mpuiic.o
    0x08001222   0x08001222   0x00000002   PAD
    0x08001224   0x08001224   0x0000002c   Code   RO         3550    i.MPU_IIC_Init      mpuiic.o
    0x08001250   0x08001250   0x0000004c   Code   RO         3551    i.MPU_IIC_NAck      mpuiic.o
    0x0800129c   0x0800129c   0x0000006c   Code   RO         3552    i.MPU_IIC_Read_Byte  mpuiic.o
    0x08001308   0x08001308   0x0000005c   Code   RO         3553    i.MPU_IIC_Send_Byte  mpuiic.o
    0x08001364   0x08001364   0x00000048   Code   RO         3554    i.MPU_IIC_Start     mpuiic.o
    0x080013ac   0x080013ac   0x00000048   Code   RO         3555    i.MPU_IIC_Stop      mpuiic.o
    0x080013f4   0x080013f4   0x00000064   Code   RO         3556    i.MPU_IIC_Wait_Ack  mpuiic.o
    0x08001458   0x08001458   0x0000007a   Code   RO         3467    i.MPU_Init          mpu6050.o
    0x080014d2   0x080014d2   0x0000003a   Code   RO         3468    i.MPU_Read_Byte     mpu6050.o
    0x0800150c   0x0800150c   0x00000074   Code   RO         3469    i.MPU_Read_Len      mpu6050.o
    0x08001580   0x08001580   0x00000010   Code   RO         3470    i.MPU_Set_Accel_Fsr  mpu6050.o
    0x08001590   0x08001590   0x00000010   Code   RO         3471    i.MPU_Set_Gyro_Fsr  mpu6050.o
    0x080015a0   0x080015a0   0x0000003a   Code   RO         3472    i.MPU_Set_LPF       mpu6050.o
    0x080015da   0x080015da   0x0000003a   Code   RO         3473    i.MPU_Set_Rate      mpu6050.o
    0x08001614   0x08001614   0x00000044   Code   RO         3474    i.MPU_Write_Byte    mpu6050.o
    0x08001658   0x08001658   0x00000060   Code   RO         3475    i.MPU_Write_Len     mpu6050.o
    0x080016b8   0x080016b8   0x00000004   Code   RO         3269    i.MemManage_Handler  stm32f10x_it.o
    0x080016bc   0x080016bc   0x0000002c   Code   RO         3421    i.Motor_Init        motor.o
    0x080016e8   0x080016e8   0x00000002   Code   RO         3270    i.NMI_Handler       stm32f10x_it.o
    0x080016ea   0x080016ea   0x00000028   Code   RO         3358    i.NVIC_Config       sys.o
    0x08001712   0x08001712   0x00000002   PAD
    0x08001714   0x08001714   0x00000070   Code   RO          137    i.NVIC_Init         misc.o
    0x08001784   0x08001784   0x00000014   Code   RO          138    i.NVIC_PriorityGroupConfig  misc.o
    0x08001798   0x08001798   0x0000003e   Code   RO         4184    i.OLED_Clear        oled.o
    0x080017d6   0x080017d6   0x00000002   PAD
    0x080017d8   0x080017d8   0x000001c0   Code   RO         4188    i.OLED_Float        oled.o
    0x08001998   0x08001998   0x00000030   Code   RO         4190    i.OLED_IIC_Start    oled.o
    0x080019c8   0x080019c8   0x00000028   Code   RO         4191    i.OLED_IIC_Stop     oled.o
    0x080019f0   0x080019f0   0x0000001c   Code   RO         4192    i.OLED_IIC_Wait_Ack  oled.o
    0x08001a0c   0x08001a0c   0x00000118   Code   RO         4193    i.OLED_Init         oled.o
    0x08001b24   0x08001b24   0x00000028   Code   RO         4200    i.OLED_Set_Pos      oled.o
    0x08001b4c   0x08001b4c   0x000000a4   Code   RO         4202    i.OLED_ShowChar     oled.o
    0x08001bf0   0x08001bf0   0x00000036   Code   RO         4204    i.OLED_ShowString   oled.o
    0x08001c26   0x08001c26   0x00000018   Code   RO         4205    i.OLED_WR_Byte      oled.o
    0x08001c3e   0x08001c3e   0x00000002   PAD
    0x08001c40   0x08001c40   0x0000005c   Code   RO         4206    i.OLED_Write_IIC_Byte  oled.o
    0x08001c9c   0x08001c9c   0x0000002c   Code   RO         4207    i.OLED_Write_IIC_Command  oled.o
    0x08001cc8   0x08001cc8   0x0000002c   Code   RO         4208    i.OLED_Write_IIC_Data  oled.o
    0x08001cf4   0x08001cf4   0x000000ac   Code   RO         3608    i.PWM_Init_TIM1     pwm.o
    0x08001da0   0x08001da0   0x00000002   Code   RO         3271    i.PendSV_Handler    stm32f10x_it.o
    0x08001da2   0x08001da2   0x00000002   PAD
    0x08001da4   0x08001da4   0x00000020   Code   RO         1775    i.RCC_APB1PeriphClockCmd  stm32f10x_rcc.o
    0x08001dc4   0x08001dc4   0x00000020   Code   RO         1777    i.RCC_APB2PeriphClockCmd  stm32f10x_rcc.o
    0x08001de4   0x08001de4   0x00000048   Code   RO         3382    i.Read_Speed        encoder.o
    0x08001e2c   0x08001e2c   0x00000002   Code   RO         3272    i.SVC_Handler       stm32f10x_it.o
    0x08001e2e   0x08001e2e   0x00000008   Code   RO           24    i.SetSysClock       system_stm32f10x.o
    0x08001e36   0x08001e36   0x00000002   PAD
    0x08001e38   0x08001e38   0x000000e0   Code   RO           25    i.SetSysClockTo72   system_stm32f10x.o
    0x08001f18   0x08001f18   0x00000028   Code   RO          141    i.SysTick_CLKSourceConfig  misc.o
    0x08001f40   0x08001f40   0x00000002   Code   RO         3273    i.SysTick_Handler   stm32f10x_it.o
    0x08001f42   0x08001f42   0x00000002   PAD
    0x08001f44   0x08001f44   0x00000060   Code   RO           27    i.SystemInit        system_stm32f10x.o
    0x08001fa4   0x08001fa4   0x00000080   Code   RO         2405    i.TI1_Config        stm32f10x_tim.o
    0x08002024   0x08002024   0x00000098   Code   RO         2406    i.TI2_Config        stm32f10x_tim.o
    0x080020bc   0x080020bc   0x00000090   Code   RO         2407    i.TI3_Config        stm32f10x_tim.o
    0x0800214c   0x0800214c   0x00000098   Code   RO         2408    i.TI4_Config        stm32f10x_tim.o
    0x080021e4   0x080021e4   0x00000016   Code   RO         3383    i.TIM2_IRQHandler   encoder.o
    0x080021fa   0x080021fa   0x00000002   PAD
    0x080021fc   0x080021fc   0x0000001c   Code   RO         3384    i.TIM4_IRQHandler   encoder.o
    0x08002218   0x08002218   0x00000018   Code   RO         2409    i.TIM_ARRPreloadConfig  stm32f10x_tim.o
    0x08002230   0x08002230   0x00000006   Code   RO         2415    i.TIM_ClearFlag     stm32f10x_tim.o
    0x08002236   0x08002236   0x00000006   Code   RO         2416    i.TIM_ClearITPendingBit  stm32f10x_tim.o
    0x0800223c   0x0800223c   0x00000018   Code   RO         2421    i.TIM_Cmd           stm32f10x_tim.o
    0x08002254   0x08002254   0x0000001e   Code   RO         2423    i.TIM_CtrlPWMOutputs  stm32f10x_tim.o
    0x08002272   0x08002272   0x00000042   Code   RO         2430    i.TIM_EncoderInterfaceConfig  stm32f10x_tim.o
    0x080022b4   0x080022b4   0x00000006   Code   RO         2440    i.TIM_GetCounter    stm32f10x_tim.o
    0x080022ba   0x080022ba   0x00000022   Code   RO         2442    i.TIM_GetITStatus   stm32f10x_tim.o
    0x080022dc   0x080022dc   0x000000ac   Code   RO         2444    i.TIM_ICInit        stm32f10x_tim.o
    0x08002388   0x08002388   0x00000012   Code   RO         2445    i.TIM_ICStructInit  stm32f10x_tim.o
    0x0800239a   0x0800239a   0x00000012   Code   RO         2446    i.TIM_ITConfig      stm32f10x_tim.o
    0x080023ac   0x080023ac   0x00000098   Code   RO         2450    i.TIM_OC1Init       stm32f10x_tim.o
    0x08002444   0x08002444   0x00000012   Code   RO         2453    i.TIM_OC1PreloadConfig  stm32f10x_tim.o
    0x08002456   0x08002456   0x00000002   PAD
    0x08002458   0x08002458   0x0000007c   Code   RO         2465    i.TIM_OC4Init       stm32f10x_tim.o
    0x080024d4   0x080024d4   0x0000001a   Code   RO         2467    i.TIM_OC4PreloadConfig  stm32f10x_tim.o
    0x080024ee   0x080024ee   0x00000004   Code   RO         2482    i.TIM_SetCompare1   stm32f10x_tim.o
    0x080024f2   0x080024f2   0x00000006   Code   RO         2485    i.TIM_SetCompare4   stm32f10x_tim.o
    0x080024f8   0x080024f8   0x00000004   Code   RO         2486    i.TIM_SetCounter    stm32f10x_tim.o
    0x080024fc   0x080024fc   0x00000012   Code   RO         2487    i.TIM_SetIC1Prescaler  stm32f10x_tim.o
    0x0800250e   0x0800250e   0x0000001a   Code   RO         2488    i.TIM_SetIC2Prescaler  stm32f10x_tim.o
    0x08002528   0x08002528   0x00000012   Code   RO         2489    i.TIM_SetIC3Prescaler  stm32f10x_tim.o
    0x0800253a   0x0800253a   0x0000001a   Code   RO         2490    i.TIM_SetIC4Prescaler  stm32f10x_tim.o
    0x08002554   0x08002554   0x000000a4   Code   RO         2492    i.TIM_TimeBaseInit  stm32f10x_tim.o
    0x080025f8   0x080025f8   0x00000012   Code   RO         2493    i.TIM_TimeBaseStructInit  stm32f10x_tim.o
    0x0800260a   0x0800260a   0x00000002   PAD
    0x0800260c   0x0800260c   0x0000002c   Code   RO         3621    i.Turn              control.o
    0x08002638   0x08002638   0x00000004   Code   RO         3274    i.UsageFault_Handler  stm32f10x_it.o
    0x0800263c   0x0800263c   0x000000f8   Code   RO         3622    i.Velocity          control.o
    0x08002734   0x08002734   0x0000004c   Code   RO         3623    i.Vertical          control.o
    0x08002780   0x08002780   0x00000020   Code   RO         4612    i.__0printf$8       mc_w.l(printf8.o)
    0x080027a0   0x080027a0   0x00000028   Code   RO         4728    i.__ARM_fpclassify  m_ws.l(fpclassify.o)
    0x080027c8   0x080027c8   0x000000aa   Code   RO         4730    i.__kernel_poly     m_ws.l(poly.o)
    0x08002872   0x08002872   0x00000006   Code   RO         4715    i.__mathlib_dbl_infnan  m_ws.l(dunder.o)
    0x08002878   0x08002878   0x00000004   Code   RO         4716    i.__mathlib_dbl_infnan2  m_ws.l(dunder.o)
    0x0800287c   0x0800287c   0x0000000c   Code   RO         4717    i.__mathlib_dbl_invalid  m_ws.l(dunder.o)
    0x08002888   0x08002888   0x00000010   Code   RO         4720    i.__mathlib_dbl_underflow  m_ws.l(dunder.o)
    0x08002898   0x08002898   0x0000000e   Code   RO         4794    i.__scatterload_copy  mc_w.l(handlers.o)
    0x080028a6   0x080028a6   0x00000002   Code   RO         4795    i.__scatterload_null  mc_w.l(handlers.o)
    0x080028a8   0x080028a8   0x0000000e   Code   RO         4796    i.__scatterload_zeroinit  mc_w.l(handlers.o)
    0x080028b6   0x080028b6   0x00000002   PAD
    0x080028b8   0x080028b8   0x0000000c   Code   RO         4770    i.__set_errno       mc_w.l(errno.o)
    0x080028c4   0x080028c4   0x00000410   Code   RO         4619    i._printf_core      mc_w.l(printf8.o)
    0x08002cd4   0x08002cd4   0x00000024   Code   RO         4620    i._printf_post_padding  mc_w.l(printf8.o)
    0x08002cf8   0x08002cf8   0x0000002e   Code   RO         4621    i._printf_pre_padding  mc_w.l(printf8.o)
    0x08002d26   0x08002d26   0x00000002   PAD
    0x08002d28   0x08002d28   0x000000a8   Code   RO         3657    i.accel_self_test   inv_mpu.o
    0x08002dd0   0x08002dd0   0x00000270   Code   RO         4379    i.asin              m_ws.l(asin.o)
    0x08003040   0x08003040   0x00000220   Code   RO         4705    i.atan              m_ws.l(atan.o)
    0x08003260   0x08003260   0x00000180   Code   RO         4389    i.atan2             m_ws.l(atan2.o)
    0x080033e0   0x080033e0   0x00000064   Code   RO         3988    i.decode_gesture    inv_mpu_dmp_motion_driver.o
    0x08003444   0x08003444   0x00000044   Code   RO         3329    i.delay_init        delay.o
    0x08003488   0x08003488   0x0000004c   Code   RO         3330    i.delay_ms          delay.o
    0x080034d4   0x080034d4   0x0000004c   Code   RO         3331    i.delay_us          delay.o
    0x08003520   0x08003520   0x0000003c   Code   RO         3989    i.dmp_enable_6x_lp_quat  inv_mpu_dmp_motion_driver.o
    0x0800355c   0x0800355c   0x0000021c   Code   RO         3990    i.dmp_enable_feature  inv_mpu_dmp_motion_driver.o
    0x08003778   0x08003778   0x00000058   Code   RO         3991    i.dmp_enable_gyro_cal  inv_mpu_dmp_motion_driver.o
    0x080037d0   0x080037d0   0x0000003c   Code   RO         3992    i.dmp_enable_lp_quat  inv_mpu_dmp_motion_driver.o
    0x0800380c   0x0800380c   0x00000018   Code   RO         3997    i.dmp_load_motion_driver_firmware  inv_mpu_dmp_motion_driver.o
    0x08003824   0x08003824   0x000001cc   Code   RO         3998    i.dmp_read_fifo     inv_mpu_dmp_motion_driver.o
    0x080039f0   0x080039f0   0x00000130   Code   RO         4001    i.dmp_set_accel_bias  inv_mpu_dmp_motion_driver.o
    0x08003b20   0x08003b20   0x00000070   Code   RO         4002    i.dmp_set_fifo_rate  inv_mpu_dmp_motion_driver.o
    0x08003b90   0x08003b90   0x00000130   Code   RO         4003    i.dmp_set_gyro_bias  inv_mpu_dmp_motion_driver.o
    0x08003cc0   0x08003cc0   0x00000138   Code   RO         4005    i.dmp_set_orientation  inv_mpu_dmp_motion_driver.o
    0x08003df8   0x08003df8   0x00000038   Code   RO         4008    i.dmp_set_shake_reject_thresh  inv_mpu_dmp_motion_driver.o
    0x08003e30   0x08003e30   0x00000026   Code   RO         4009    i.dmp_set_shake_reject_time  inv_mpu_dmp_motion_driver.o
    0x08003e56   0x08003e56   0x00000026   Code   RO         4010    i.dmp_set_shake_reject_timeout  inv_mpu_dmp_motion_driver.o
    0x08003e7c   0x08003e7c   0x00000046   Code   RO         4011    i.dmp_set_tap_axes  inv_mpu_dmp_motion_driver.o
    0x08003ec2   0x08003ec2   0x00000026   Code   RO         4012    i.dmp_set_tap_count  inv_mpu_dmp_motion_driver.o
    0x08003ee8   0x08003ee8   0x000001a0   Code   RO         4013    i.dmp_set_tap_thresh  inv_mpu_dmp_motion_driver.o
    0x08004088   0x08004088   0x00000026   Code   RO         4014    i.dmp_set_tap_time  inv_mpu_dmp_motion_driver.o
    0x080040ae   0x080040ae   0x00000026   Code   RO         4015    i.dmp_set_tap_time_multi  inv_mpu_dmp_motion_driver.o
    0x080040d4   0x080040d4   0x00000012   Code   RO         4755    i.fputc             mc_w.l(fputc.o)
    0x080040e6   0x080040e6   0x00000002   PAD
    0x080040e8   0x080040e8   0x000000b4   Code   RO         3658    i.get_accel_prod_shift  inv_mpu.o
    0x0800419c   0x0800419c   0x00000470   Code   RO         3659    i.get_st_biases     inv_mpu.o
    0x0800460c   0x0800460c   0x00000110   Code   RO         3660    i.gyro_self_test    inv_mpu.o
    0x0800471c   0x0800471c   0x00000028   Code   RO         3661    i.inv_orientation_matrix_to_scalar  inv_mpu.o
    0x08004744   0x08004744   0x0000004e   Code   RO         3662    i.inv_row_2_scale   inv_mpu.o
    0x08004792   0x08004792   0x0000003c   Code   RO         3196    i.main              main.o
    0x080047ce   0x080047ce   0x00000002   Code   RO         3663    i.mget_ms           inv_mpu.o
    0x080047d0   0x080047d0   0x00000070   Code   RO         3664    i.mpu_configure_fifo  inv_mpu.o
    0x08004840   0x08004840   0x00000224   Code   RO         3665    i.mpu_dmp_get_data  inv_mpu.o
    0x08004a64   0x08004a64   0x00000098   Code   RO         3666    i.mpu_dmp_init      inv_mpu.o
    0x08004afc   0x08004afc   0x0000004c   Code   RO         3667    i.mpu_get_accel_fsr  inv_mpu.o
    0x08004b48   0x08004b48   0x00000054   Code   RO         3669    i.mpu_get_accel_sens  inv_mpu.o
    0x08004b9c   0x08004b9c   0x00000010   Code   RO         3674    i.mpu_get_fifo_config  inv_mpu.o
    0x08004bac   0x08004bac   0x00000044   Code   RO         3675    i.mpu_get_gyro_fsr  inv_mpu.o
    0x08004bf0   0x08004bf0   0x00000050   Code   RO         3677    i.mpu_get_gyro_sens  inv_mpu.o
    0x08004c40   0x08004c40   0x00000050   Code   RO         3679    i.mpu_get_lpf       inv_mpu.o
    0x08004c90   0x08004c90   0x00000020   Code   RO         3681    i.mpu_get_sample_rate  inv_mpu.o
    0x08004cb0   0x08004cb0   0x000001f0   Code   RO         3683    i.mpu_init          inv_mpu.o
    0x08004ea0   0x08004ea0   0x000000b8   Code   RO         3684    i.mpu_load_firmware  inv_mpu.o
    0x08004f58   0x08004f58   0x000000e0   Code   RO         3685    i.mpu_lp_accel_mode  inv_mpu.o
    0x08005038   0x08005038   0x000000c0   Code   RO         3688    i.mpu_read_fifo_stream  inv_mpu.o
    0x080050f8   0x080050f8   0x00000080   Code   RO         3689    i.mpu_read_mem      inv_mpu.o
    0x08005178   0x08005178   0x000001c8   Code   RO         3692    i.mpu_reset_fifo    inv_mpu.o
    0x08005340   0x08005340   0x0000011c   Code   RO         3693    i.mpu_run_self_test  inv_mpu.o
    0x0800545c   0x0800545c   0x00000084   Code   RO         3695    i.mpu_set_accel_fsr  inv_mpu.o
    0x080054e0   0x080054e0   0x0000014c   Code   RO         3696    i.mpu_set_bypass    inv_mpu.o
    0x0800562c   0x0800562c   0x00000090   Code   RO         3698    i.mpu_set_dmp_state  inv_mpu.o
    0x080056bc   0x080056bc   0x00000088   Code   RO         3699    i.mpu_set_gyro_fsr  inv_mpu.o
    0x08005744   0x08005744   0x0000006c   Code   RO         3700    i.mpu_set_int_latched  inv_mpu.o
    0x080057b0   0x080057b0   0x00000084   Code   RO         3702    i.mpu_set_lpf       inv_mpu.o
    0x08005834   0x08005834   0x0000009c   Code   RO         3703    i.mpu_set_sample_rate  inv_mpu.o
    0x080058d0   0x080058d0   0x000000d0   Code   RO         3704    i.mpu_set_sensors   inv_mpu.o
    0x080059a0   0x080059a0   0x00000080   Code   RO         3705    i.mpu_write_mem     inv_mpu.o
    0x08005a20   0x08005a20   0x00000094   Code   RO         3706    i.run_self_test     inv_mpu.o
    0x08005ab4   0x08005ab4   0x00000090   Code   RO         3707    i.set_int_enable    inv_mpu.o
    0x08005b44   0x08005b44   0x0000004c   Code   RO         4734    i.sqrt              m_ws.l(sqrt.o)
    0x08005b90   0x08005b90   0x00000050   Data   RO         3709    .constdata          inv_mpu.o
    0x08005be0   0x08005be0   0x00000bf6   Data   RO         4017    .constdata          inv_mpu_dmp_motion_driver.o
    0x080067d6   0x080067d6   0x00000818   Data   RO         4212    .constdata          oled.o
    0x08006fee   0x08006fee   0x00000002   PAD
    0x08006ff0   0x08006ff0   0x00000050   Data   RO         4380    .constdata          m_ws.l(asin.o)
    0x08007040   0x08007040   0x00000098   Data   RO         4706    .constdata          m_ws.l(atan.o)
    0x080070d8   0x080070d8   0x00000008   Data   RO         4732    .constdata          m_ws.l(qnan.o)
    0x080070e0   0x080070e0   0x0000004d   Data   RO         3710    .conststring        inv_mpu.o
    0x0800712d   0x0800712d   0x00000003   PAD
    0x08007130   0x08007130   0x00000020   Data   RO         4792    Region$$Table       anon$$obj.o


    Execution Region RW_IRAM1 (Exec base: 0x20000000, Load base: 0x08007150, Size: 0x000004d0, Max: 0x00005000, ABSOLUTE)

    Exec Addr    Load Addr    Size         Type   Attr      Idx    E Section Name        Object

    0x20000000   0x08007150   0x00000014   Data   RW           28    .data               system_stm32f10x.o
    0x20000014   0x08007164   0x00000004   Data   RW         3332    .data               delay.o
    0x20000018   0x08007168   0x00000030   Data   RW         3359    .data               sys.o
    0x20000048   0x08007198   0x00000038   Data   RW         3624    .data               control.o
    0x20000080   0x080071d0   0x00000035   Data   RW         3711    .data               inv_mpu.o
    0x200000b5   0x08007205   0x00000003   PAD
    0x200000b8   0x08007208   0x00000004   Data   RW         4757    .data               mc_w.l(stdout.o)
    0x200000bc   0x0800720c   0x00000004   Data   RW         4771    .data               mc_w.l(errno.o)
    0x200000c0        -       0x00000010   Zero   RW         4016    .bss                inv_mpu_dmp_motion_driver.o
    0x200000d0        -       0x00000400   Zero   RW            1    STACK               startup_stm32f10x_md.o


==============================================================================

Image component sizes


      Code (inc. data)   RO Data    RW Data    ZI Data      Debug   Object Name

       768        128          0         56          0       3090   control.o
         0          0          0          0          0       4516   core_cm3.o
       220         26          0          4          0       1611   delay.o
       450         28          0          0          0       2753   encoder.o
        80          6          0          0          0        532   exit.o
      6856        288        157         53          0      30172   inv_mpu.o
      3096        122       3062          0         16      20190   inv_mpu_dmp_motion_driver.o
        60          0          0          0          0        443   main.o
       172         22          0          0          0     207281   misc.o
       248         26          0          0          0       1556   motor.o
       768          0          0          0          0       7291   mpu6050.o
       650         98          0          0          0       4578   mpuiic.o
      1368         40       2072          0          0       8609   oled.o
       172         10          0          0          0        716   pwm.o
        36          8        236          0       1024        796   startup_stm32f10x_md.o
         0          0          0          0          0       1640   stm32f10x_adc.o
       200         18          0          0          0       4016   stm32f10x_exti.o
       350          4          0          0          0      11686   stm32f10x_gpio.o
        26          0          0          0          0       3594   stm32f10x_it.o
        64         12          0          0          0       1042   stm32f10x_rcc.o
      1584        180          0          0          0      36584   stm32f10x_tim.o
        40          0          0         48          0       1083   sys.o
       328         28          0         20          0      30653   system_stm32f10x.o

    ----------------------------------------------------------------------
     17558       1044       5564        184       1040     384432   Object Totals
         0          0         32          0          0          0   (incl. Generated)
        22          0          5          3          0          0   (incl. Padding)

    ----------------------------------------------------------------------

      Code (inc. data)   RO Data    RW Data    ZI Data      Debug   Library Member Name

       624         52         80          0          0        168   asin.o
       544         70        152          0          0        124   atan.o
       384         38          0          0          0        144   atan2.o
        38          6          0          0          0        272   dunder.o
        40          0          0          0          0         68   fpclassify.o
       170          0          0          0          0         96   poly.o
         0          0          8          0          0          0   qnan.o
        76          0          0          0          0         84   sqrt.o
         0          0          0          0          0          0   entry.o
         0          0          0          0          0          0   entry10a.o
         0          0          0          0          0          0   entry11a.o
         8          4          0          0          0          0   entry2.o
         4          0          0          0          0          0   entry5.o
         0          0          0          0          0          0   entry7b.o
         0          0          0          0          0          0   entry8b.o
         8          4          0          0          0          0   entry9a.o
        12          6          0          4          0         68   errno.o
        18          0          0          0          0         80   fputc.o
        30          0          0          0          0          0   handlers.o
        36          8          0          0          0         68   init.o
         0          0          0          0          0          0   iusefp.o
         0          0          0          0          0          0   iusesemip.o
        98          0          0          0          0         84   ldiv.o
        30          0          0          0          0         68   llshl.o
        36          0          0          0          0         68   llsshr.o
        32          0          0          0          0         68   llushr.o
        26          0          0          0          0         80   memcmp.o
        36          0          0          0          0        108   memseta.o
      1154         54          0          0          0        352   printf8.o
         0          0          0          0          0          0   semi.o
         0          0          0          4          0          0   stdout.o
        98          0          0          0          0         92   uldiv.o
        48          0          0          0          0         68   cdcmple.o
        20          0          0          0          0         68   cfcmple.o
        20          0          0          0          0         68   cfrcmple.o
        56          0          0          0          0         88   d2f.o
       334          0          0          0          0        148   dadd.o
       222          0          0          0          0        100   ddiv.o
       186          0          0          0          0        176   depilogue.o
        62          0          0          0          0         80   dfixi.o
        50          0          0          0          0         76   dfixui.o
        34          0          0          0          0         76   dflti.o
       228          0          0          0          0         96   dmul.o
        46          0          0          0          0         80   dscalb.o
       162          0          0          0          0        100   dsqrt.o
        38          0          0          0          0         68   f2d.o
       176          0          0          0          0        140   fadd.o
       124          0          0          0          0         88   fdiv.o
       110          0          0          0          0        168   fepilogue.o
        50          0          0          0          0         68   ffixi.o
        40          0          0          0          0         68   ffixui.o
        18          0          0          0          0         68   fflti.o
        10          0          0          0          0         68   ffltui.o
       100          0          0          0          0         76   fmul.o

    ----------------------------------------------------------------------
      5646        242        240          8          0       4128   Library Totals
        10          0          0          0          0          0   (incl. Padding)

    ----------------------------------------------------------------------

      Code (inc. data)   RO Data    RW Data    ZI Data      Debug   Library Name

      1876        166        240          0          0        956   m_ws.l
      1626         76          0          8          0       1136   mc_w.l
      2134          0          0          0          0       2036   mf_w.l

    ----------------------------------------------------------------------
      5646        242        240          8          0       4128   Library Totals

    ----------------------------------------------------------------------

==============================================================================


      Code (inc. data)   RO Data    RW Data    ZI Data      Debug   

     23204       1286       5804        192       1040     378468   Grand Totals
     23204       1286       5804        192       1040     378468   ELF Image Totals
     23204       1286       5804        192          0          0   ROM Totals

==============================================================================

    Total RO  Size (Code + RO Data)                29008 (  28.33kB)
    Total RW  Size (RW Data + ZI Data)              1232 (   1.20kB)
    Total ROM Size (Code + RO Data + RW Data)      29200 (  28.52kB)

==============================================================================

