Component: ARM Compiler 5.06 update 6 (build 750) Tool: armlink [4d35ed]

==============================================================================

Section Cross References

    main.o(i.main) refers to tasks.o(i.xTaskCreate) for xTaskCreate
    main.o(i.main) refers to tasks.o(i.vTaskStartScheduler) for vTaskStartScheduler
    main.o(i.main) refers to main.o(.data) for .data
    main.o(i.main) refers to main.o(i.vInitTask) for vInitTask
    main.o(i.vAlarmTask) refers to tasks.o(i.ulTaskNotifyTake) for ulTaskNotifyTake
    main.o(i.vAlarmTask) refers to port.o(i.vPortEnterCritical) for vPortEnterCritical
    main.o(i.vAlarmTask) refers to printfa.o(i.__0printf) for __2printf
    main.o(i.vAlarmTask) refers to memcpya.o(.text) for __aeabi_memcpy4
    main.o(i.vAlarmTask) refers to port.o(i.vPortExitCritical) for vPortExitCritical
    main.o(i.vAlarmTask) refers to main.o(.data) for .data
    main.o(i.vDetectionDataTask) refers to port.o(i.vPortEnterCritical) for vPortEnterCritical
    main.o(i.vDetectionDataTask) refers to port.o(i.vPortExitCritical) for vPortExitCritical
    main.o(i.vDetectionDataTask) refers to f2d.o(.text) for __aeabi_f2d
    main.o(i.vDetectionDataTask) refers to printfa.o(i.__0printf) for __2printf
    main.o(i.vDetectionDataTask) refers to ffltui.o(.text) for __aeabi_ui2f
    main.o(i.vDetectionDataTask) refers to tasks.o(i.vTaskDelay) for vTaskDelay
    main.o(i.vDetectionDataTask) refers to main.o(.data) for .data
    main.o(i.vDetectionFallTask) refers to tasks.o(i.xTaskGenericNotify) for xTaskGenericNotify
    main.o(i.vDetectionFallTask) refers to main.o(.data) for .data
    main.o(i.vInitTask) refers to port.o(i.vPortEnterCritical) for vPortEnterCritical
    main.o(i.vInitTask) refers to delay.o(i.delay_init) for delay_init
    main.o(i.vInitTask) refers to usart.o(i.Usart_Init) for Usart_Init
    main.o(i.vInitTask) refers to bc26.o(i.BC26_Init) for BC26_Init
    main.o(i.vInitTask) refers to printfa.o(i.__0printf) for __2printf
    main.o(i.vInitTask) refers to tasks.o(i.xTaskCreate) for xTaskCreate
    main.o(i.vInitTask) refers to tasks.o(i.vTaskDelete) for vTaskDelete
    main.o(i.vInitTask) refers to port.o(i.vPortExitCritical) for vPortExitCritical
    main.o(i.vInitTask) refers to main.o(.data) for .data
    main.o(i.vInitTask) refers to main.o(i.vDetectionDataTask) for vDetectionDataTask
    main.o(i.vInitTask) refers to main.o(i.vDetectionFallTask) for vDetectionFallTask
    main.o(i.vInitTask) refers to main.o(i.vAlarmTask) for vAlarmTask
    main.o(.data) refers to bc26.o(i.BC26_Init) for BC26_Init
    main.o(.data) refers to bc26.o(i.BC26_ALYIOTSenddata) for BC26_ALYIOTSenddata
    main.o(.data) refers to beep.o(i.Beep_Init) for Beep_Init
    main.o(.data) refers to beep.o(i.Beep_Alert) for Beep_Alert
    main.o(.data) refers to beep.o(i.Beep_Remind) for Beep_Remind
    main.o(.data) refers to dht.o(i.Dht11_Init) for Dht11_Init
    main.o(.data) refers to dht.o(i.Dht11_Read_Data) for Dht11_Read_Data
    main.o(.data) refers to psen.o(i.Psen_Init) for Psen_Init
    main.o(.data) refers to psen.o(i.Psen_Get_One_Value) for Psen_Get_One_Value
    main.o(.data) refers to main.o(.conststring) for .conststring
    main.o(.data) refers to syn_6288.o(i.Syn_Init) for Syn_Init
    main.o(.data) refers to syn_6288.o(i.Syn_Voice) for Syn_Voice
    main.o(.data) refers to pulse.o(i.Pulse_Init) for Pulse_Init
    main.o(.data) refers to pulse.o(i.pulse_Get_Heart_Rate) for pulse_Get_Heart_Rate
    main.o(.data) refers to gy906.o(i.Gy906_Init) for Gy906_Init
    main.o(.data) refers to gy906.o(i.Gy906_ReadTemp) for Gy906_ReadTemp
    main.o(.data) refers to mpu6050.o(i.MPU6050_Init) for MPU6050_Init
    main.o(.data) refers to mpu6050.o(i.MPU6050_FallDetection) for MPU6050_FallDetection
    main.o(.data) refers to mpu6050.o(i.MPU6050_GetAngle) for MPU6050_GetAngle
    main.o(.data) refers to light.o(i.Light_Init) for Light_Init
    main.o(.data) refers to light.o(i.Light_Off) for Light_Off
    main.o(.data) refers to light.o(i.Light_On) for Light_On
    main.o(.data) refers to light.o(i.Light_alarm) for Light_alarm
    system_stm32f10x.o(i.SystemCoreClockUpdate) refers to system_stm32f10x.o(.data) for .data
    system_stm32f10x.o(i.SystemInit) refers to system_stm32f10x.o(i.SetSysClockTo72) for SetSysClockTo72
    startup_stm32f10x_md.o(RESET) refers to startup_stm32f10x_md.o(STACK) for __initial_sp
    startup_stm32f10x_md.o(RESET) refers to startup_stm32f10x_md.o(.text) for Reset_Handler
    startup_stm32f10x_md.o(RESET) refers to stm32f10x_it.o(i.NMI_Handler) for NMI_Handler
    startup_stm32f10x_md.o(RESET) refers to stm32f10x_it.o(i.HardFault_Handler) for HardFault_Handler
    startup_stm32f10x_md.o(RESET) refers to stm32f10x_it.o(i.MemManage_Handler) for MemManage_Handler
    startup_stm32f10x_md.o(RESET) refers to stm32f10x_it.o(i.BusFault_Handler) for BusFault_Handler
[...]
    i.Dht11_Read_Byte                        0x080010a4   Section        0  dht.o(i.Dht11_Read_Byte)
    i.Dht11_Read_Data                        0x080010be   Section        0  dht.o(i.Dht11_Read_Data)
    i.Dht11_Rst                              0x0800111c   Section        0  dht.o(i.Dht11_Rst)
    i.GPIO_Init                              0x08001158   Section        0  stm32f10x_gpio.o(i.GPIO_Init)
    i.GPIO_PinRemapConfig                    0x080011f4   Section        0  stm32f10x_gpio.o(i.GPIO_PinRemapConfig)
    i.GPIO_ReadInputDataBit                  0x0800124c   Section        0  stm32f10x_gpio.o(i.GPIO_ReadInputDataBit)
    i.GPIO_ResetBits                         0x0800125a   Section        0  stm32f10x_gpio.o(i.GPIO_ResetBits)
    i.GPIO_SetBits                           0x0800125e   Section        0  stm32f10x_gpio.o(i.GPIO_SetBits)
    i.GPIO_WriteBit                          0x08001262   Section        0  stm32f10x_gpio.o(i.GPIO_WriteBit)
    i.GPIO_simple_Init                       0x0800126c   Section        0  gpio.o(i.GPIO_simple_Init)
    i.Get_Adc                                0x080012c0   Section        0  adc.o(i.Get_Adc)
    i.Gy906_Init                             0x080012f4   Section        0  gy906.o(i.Gy906_Init)
    i.Gy906_ReadMemory                       0x080012f8   Section        0  gy906.o(i.Gy906_ReadMemory)
    i.Gy906_ReadTemp                         0x08001384   Section        0  gy906.o(i.Gy906_ReadTemp)
    i.HardFault_Handler                      0x080013b8   Section        0  stm32f10x_it.o(i.HardFault_Handler)
    i.IIC1_Init                              0x080013bc   Section        0  iic1.o(i.IIC1_Init)
    i.IIC1_ReceiveBit                        0x080013e8   Section        0  iic1.o(i.IIC1_ReceiveBit)
    i.IIC1_ReceiveByte                       0x08001434   Section        0  iic1.o(i.IIC1_ReceiveByte)
    i.IIC1_SendBit                           0x08001460   Section        0  iic1.o(i.IIC1_SendBit)
    i.IIC1_SendByte                          0x080014a4   Section        0  iic1.o(i.IIC1_SendByte)
    i.IIC1_StartBit                          0x080014cc   Section        0  iic1.o(i.IIC1_StartBit)
    i.IIC1_StopBit                           0x08001518   Section        0  iic1.o(i.IIC1_StopBit)
    i.IIC_Init                               0x08001554   Section        0  iic.o(i.IIC_Init)
    i.IIC_ReadReg_Len                        0x08001580   Section        0  iic.o(i.IIC_ReadReg_Len)
    i.IIC_ReceiveBit                         0x080015e0   Section        0  iic.o(i.IIC_ReceiveBit)
    i.IIC_ReceiveByte                        0x08001630   Section        0  iic.o(i.IIC_ReceiveByte)
    i.IIC_SendBit                            0x0800165c   Section        0  iic.o(i.IIC_SendBit)
    i.IIC_SendByte                           0x080016a4   Section        0  iic.o(i.IIC_SendByte)
    i.IIC_StartBit                           0x080016cc   Section        0  iic.o(i.IIC_StartBit)
    i.IIC_StopBit                            0x0800171c   Section        0  iic.o(i.IIC_StopBit)
    i.Light_Init                             0x0800175c   Section        0  light.o(i.Light_Init)
    i.Light_Off                              0x08001798   Section        0  light.o(i.Light_Off)
    i.Light_On                               0x080017bc   Section        0  light.o(i.Light_On)
    i.Light_alarm                            0x080017e0   Section        0  light.o(i.Light_alarm)
    i.MPU6050_FallDetection                  0x08001804   Section        0  mpu6050.o(i.MPU6050_FallDetection)
    i.MPU6050_GetAccelerometer               0x08001860   Section        0  mpu6050.o(i.MPU6050_GetAccelerometer)
    i.MPU6050_GetAngle                       0x080018a0   Section        0  mpu6050.o(i.MPU6050_GetAngle)
    i.MPU6050_GetCV                          0x08001944   Section        0  mpu6050.o(i.MPU6050_GetCV)
    i.MPU6050_Init                           0x08001a00   Section        0  mpu6050.o(i.MPU6050_Init)
    i.MPU6050_ReadReg                        0x08001a48   Section        0  mpu6050.o(i.MPU6050_ReadReg)
    i.MPU6050_WriteReg                       0x08001a76   Section        0  mpu6050.o(i.MPU6050_WriteReg)
    i.MemManage_Handler                      0x08001aa8   Section        0  stm32f10x_it.o(i.MemManage_Handler)
    i.NMI_Handler                            0x08001aaa   Section        0  stm32f10x_it.o(i.NMI_Handler)
    i.NVIC_Init                              0x08001aac   Section        0  misc.o(i.NVIC_Init)
    i.NVIC_PriorityGroupConfig               0x08001b10   Section        0  misc.o(i.NVIC_PriorityGroupConfig)
    i.PEC_Calculation                        0x08001b24   Section        0  gy906.o(i.PEC_Calculation)
    i.Psen_Get_One_Value                     0x08001bcc   Section        0  psen.o(i.Psen_Get_One_Value)
    i.Psen_Init                              0x08001bd4   Section        0  psen.o(i.Psen_Init)
    i.Pulse_Get_One_Value                    0x08001be0   Section        0  pulse.o(i.Pulse_Get_One_Value)
    i.Pulse_Get_Value                        0x08001be6   Section        0  pulse.o(i.Pulse_Get_Value)
    i.Pulse_Init                             0x08001c50   Section        0  pulse.o(i.Pulse_Init)
    i.RCC_ADCCLKConfig                       0x08001cbc   Section        0  stm32f10x_rcc.o(i.RCC_ADCCLKConfig)
    i.RCC_APB1PeriphClockCmd                 0x08001cd0   Section        0  stm32f10x_rcc.o(i.RCC_APB1PeriphClockCmd)
    i.RCC_APB1PeriphResetCmd                 0x08001ce8   Section        0  stm32f10x_rcc.o(i.RCC_APB1PeriphResetCmd)
    i.RCC_APB2PeriphClockCmd                 0x08001d00   Section        0  stm32f10x_rcc.o(i.RCC_APB2PeriphClockCmd)
    i.RCC_APB2PeriphResetCmd                 0x08001d18   Section        0  stm32f10x_rcc.o(i.RCC_APB2PeriphResetCmd)
    i.RCC_GetClocksFreq                      0x08001d30   Section        0  stm32f10x_rcc.o(i.RCC_GetClocksFreq)
    i.SetSysClockTo72                        0x08001dc4   Section        0  system_stm32f10x.o(i.SetSysClockTo72)
    SetSysClockTo72                          0x08001dc5   Thumb Code   160  system_stm32f10x.o(i.SetSysClockTo72)
    i.Syn_Init                               0x08001e6c   Section        0  syn_6288.o(i.Syn_Init)
    i.Syn_Voice                              0x08001e7c   Section        0  syn_6288.o(i.Syn_Voice)
    i.SysTick_CLKSourceConfig                0x08001f04   Section        0  misc.o(i.SysTick_CLKSourceConfig)
    i.SysTick_Handler                        0x08001f1c   Section        0  port.o(i.SysTick_Handler)
    i.SystemInit                             0x08001f48   Section        0  system_stm32f10x.o(i.SystemInit)
    i.TIM_Cmd                                0x08001f98   Section        0  stm32f10x_tim.o(i.TIM_Cmd)
    i.TIM_OC2Init                            0x08001fac   Section        0  stm32f10x_tim.o(i.TIM_OC2Init)
    i.TIM_OCStructInit                       0x0800202c   Section        0  stm32f10x_tim.o(i.TIM_OCStructInit)
    i.TIM_TimeBaseInit                       0x08002040   Section        0  stm32f10x_tim.o(i.TIM_TimeBaseInit)
    i.USART1_IRQHandler                      0x080020dc   Section        0  usart.o(i.USART1_IRQHandler)
    i.USART2_IRQHandler                      0x08002140   Section        0  syn_6288.o(i.USART2_IRQHandler)
    i.USART3_IRQHandler                      0x0800214c   Section        0  usart.o(i.USART3_IRQHandler)
    i.USART_Cmd                              0x08002174   Section        0  stm32f10x_usart.o(i.USART_Cmd)
    i.USART_DeInit                           0x08002188   Section        0  stm32f10x_usart.o(i.USART_DeInit)
    i.USART_GetITStatus                      0x080021fc   Section        0  stm32f10x_usart.o(i.USART_GetITStatus)
    i.USART_ITConfig                         0x0800223a   Section        0  stm32f10x_usart.o(i.USART_ITConfig)
    i.USART_Init                             0x0800226c   Section        0  stm32f10x_usart.o(i.USART_Init)
    i.USART_ReceiveData                      0x08002318   Section        0  stm32f10x_usart.o(i.USART_ReceiveData)
    i.UsageFault_Handler                     0x08002320   Section        0  stm32f10x_it.o(i.UsageFault_Handler)
    i.Usart_Init                             0x08002324   Section        0  usart.o(i.Usart_Init)
    i.Usart_SendData                         0x08002420   Section        0  usart.o(i.Usart_SendData)
    i.Usart_SendStr                          0x0800242a   Section        0  usart.o(i.Usart_SendStr)
    i.__0printf                              0x08002440   Section        0  printfa.o(i.__0printf)
    i.__0sprintf                             0x08002460   Section        0  printfa.o(i.__0sprintf)
    i.__ARM_fpclassify                       0x08002488   Section        0  fpclassify.o(i.__ARM_fpclassify)
    i.__kernel_poly                          0x080024b0   Section        0  poly.o(i.__kernel_poly)
    i.__mathlib_dbl_infnan                   0x0800255a   Section        0  dunder.o(i.__mathlib_dbl_infnan)
    i.__mathlib_dbl_infnan2                  0x08002560   Section        0  dunder.o(i.__mathlib_dbl_infnan2)
    i.__mathlib_dbl_underflow                0x08002564   Section        0  dunder.o(i.__mathlib_dbl_underflow)
    i.__scatterload_copy                     0x08002574   Section       14  handlers.o(i.__scatterload_copy)
    i.__scatterload_null                     0x08002582   Section        2  handlers.o(i.__scatterload_null)
    i.__scatterload_zeroinit                 0x08002584   Section       14  handlers.o(i.__scatterload_zeroinit)
    i.__set_errno                            0x08002594   Section        0  errno.o(i.__set_errno)
    i._fp_digits                             0x080025a0   Section        0  printfa.o(i._fp_digits)
    _fp_digits                               0x080025a1   Thumb Code   366  printfa.o(i._fp_digits)
    i._printf_core                           0x08002724   Section        0  printfa.o(i._printf_core)
    _printf_core                             0x08002725   Thumb Code  1744  printfa.o(i._printf_core)
    i._printf_post_padding                   0x08002e00   Section        0  printfa.o(i._printf_post_padding)
    _printf_post_padding                     0x08002e01   Thumb Code    36  printfa.o(i._printf_post_padding)
    i._printf_pre_padding                    0x08002e24   Section        0  printfa.o(i._printf_pre_padding)
    _printf_pre_padding                      0x08002e25   Thumb Code    46  printfa.o(i._printf_pre_padding)
    i._sputc                                 0x08002e52   Section        0  printfa.o(i._sputc)
    _sputc                                   0x08002e53   Thumb Code    10  printfa.o(i._sputc)
    i.atan                                   0x08002e5c   Section        0  atan.o(i.atan)
    i.atan2                                  0x0800307c   Section        0  atan2.o(i.atan2)
    i.delay_init                             0x080031fc   Section        0  delay.o(i.delay_init)
    i.delay_ms                               0x0800323c   Section        0  delay.o(i.delay_ms)
    i.delay_us                               0x08003248   Section        0  delay.o(i.delay_us)
    i.fputc                                  0x0800327c   Section        0  usart.o(i.fputc)
    i.get_Array_Max                          0x08003294   Section        0  pulse.o(i.get_Array_Max)
    i.get_Array_Min                          0x080032b2   Section        0  pulse.o(i.get_Array_Min)
    i.main                                   0x080032d0   Section        0  main.o(i.main)
    i.nbiot_receive_process_event            0x08003304   Section        0  usart.o(i.nbiot_receive_process_event)
    i.prvAddCurrentTaskToDelayedList         0x08003324   Section        0  tasks.o(i.prvAddCurrentTaskToDelayedList)
    prvAddCurrentTaskToDelayedList           0x08003325   Thumb Code   102  tasks.o(i.prvAddCurrentTaskToDelayedList)
    i.prvAddNewTaskToReadyList               0x08003394   Section        0  tasks.o(i.prvAddNewTaskToReadyList)
    prvAddNewTaskToReadyList                 0x08003395   Thumb Code   194  tasks.o(i.prvAddNewTaskToReadyList)
    i.prvCheckTasksWaitingTermination        0x08003464   Section        0  tasks.o(i.prvCheckTasksWaitingTermination)
    prvCheckTasksWaitingTermination          0x08003465   Thumb Code    74  tasks.o(i.prvCheckTasksWaitingTermination)
    i.prvDeleteTCB                           0x080034b8   Section        0  tasks.o(i.prvDeleteTCB)
    prvDeleteTCB                             0x080034b9   Thumb Code    20  tasks.o(i.prvDeleteTCB)
    i.prvHeapInit                            0x080034cc   Section        0  heap_4.o(i.prvHeapInit)
    prvHeapInit                              0x080034cd   Thumb Code    66  heap_4.o(i.prvHeapInit)
    i.prvIdleTask                            0x08003518   Section        0  tasks.o(i.prvIdleTask)
    prvIdleTask                              0x08003519   Thumb Code    30  tasks.o(i.prvIdleTask)
    i.prvInitialiseNewTask                   0x08003540   Section        0  tasks.o(i.prvInitialiseNewTask)
    prvInitialiseNewTask                     0x08003541   Thumb Code   120  tasks.o(i.prvInitialiseNewTask)
    i.prvInsertBlockIntoFreeList             0x080035b8   Section        0  heap_4.o(i.prvInsertBlockIntoFreeList)
    prvInsertBlockIntoFreeList               0x080035b9   Thumb Code    72  heap_4.o(i.prvInsertBlockIntoFreeList)
    i.prvResetNextTaskUnblockTime            0x08003604   Section        0  tasks.o(i.prvResetNextTaskUnblockTime)
    prvResetNextTaskUnblockTime              0x08003605   Thumb Code    26  tasks.o(i.prvResetNextTaskUnblockTime)
    i.prvTaskExitError                       0x08003624   Section        0  port.o(i.prvTaskExitError)
    prvTaskExitError                         0x08003625   Thumb Code    16  port.o(i.prvTaskExitError)
    i.pulse_Get_Heart_Rate                   0x08003634   Section        0  pulse.o(i.pulse_Get_Heart_Rate)
    i.pvPortMalloc                           0x08003704   Section        0  heap_4.o(i.pvPortMalloc)
    i.pxPortInitialiseStack                  0x0800379c   Section        0  port.o(i.pxPortInitialiseStack)
    i.sqrt                                   0x080037c0   Section        0  sqrt.o(i.sqrt)
    i.ulTaskNotifyTake                       0x0800380c   Section        0  tasks.o(i.ulTaskNotifyTake)
    i.uxListRemove                           0x08003874   Section        0  list.o(i.uxListRemove)
    i.vAlarmTask                             0x08003898   Section        0  main.o(i.vAlarmTask)
    i.vDetectionDataTask                     0x08003950   Section        0  main.o(i.vDetectionDataTask)
    i.vDetectionFallTask                     0x08003a38   Section        0  main.o(i.vDetectionFallTask)
    i.vInitTask                              0x08003a74   Section        0  main.o(i.vInitTask)
    i.vListInitialise                        0x08003b80   Section        0  list.o(i.vListInitialise)
    i.vListInitialiseItem                    0x08003b96   Section        0  list.o(i.vListInitialiseItem)
    i.vListInsert                            0x08003b9c   Section        0  list.o(i.vListInsert)
    i.vListInsertEnd                         0x08003bcc   Section        0  list.o(i.vListInsertEnd)
    i.vPortEnterCritical                     0x08003be4   Section        0  port.o(i.vPortEnterCritical)
    i.vPortExitCritical                      0x08003c00   Section        0  port.o(i.vPortExitCritical)
    i.vPortFree                              0x08003c14   Section        0  heap_4.o(i.vPortFree)
    i.vPortSetupTimerInterrupt               0x08003c54   Section        0  port.o(i.vPortSetupTimerInterrupt)
    i.vTaskDelay                             0x08003c68   Section        0  tasks.o(i.vTaskDelay)
    i.vTaskDelete                            0x08003c98   Section        0  tasks.o(i.vTaskDelete)
    i.vTaskStartScheduler                    0x08003d30   Section        0  tasks.o(i.vTaskStartScheduler)
    i.vTaskSuspendAll                        0x08003d84   Section        0  tasks.o(i.vTaskSuspendAll)
    i.vTaskSwitchContext                     0x08003d94   Section        0  tasks.o(i.vTaskSwitchContext)
    i.xPortStartScheduler                    0x08003dd8   Section        0  port.o(i.xPortStartScheduler)
    i.xTaskCreate                            0x08003e08   Section        0  tasks.o(i.xTaskCreate)
    i.xTaskGenericNotify                     0x08003e60   Section        0  tasks.o(i.xTaskGenericNotify)
    i.xTaskIncrementTick                     0x08003f04   Section        0  tasks.o(i.xTaskIncrementTick)
    i.xTaskResumeAll                         0x08003fb8   Section        0  tasks.o(i.xTaskResumeAll)
    .constdata                               0x08004068   Section      152  atan.o(.constdata)
    atanhi                                   0x08004068   Data          32  atan.o(.constdata)
    atanlo                                   0x08004088   Data          32  atan.o(.constdata)
    aTodd                                    0x080040a8   Data          40  atan.o(.constdata)
    aTeven                                   0x080040d0   Data          48  atan.o(.constdata)
    .constdata                               0x08004100   Section        8  qnan.o(.constdata)
    .conststring                             0x08004108   Section       20  main.o(.conststring)
    .conststring                             0x0800411c   Section      152  bc26.o(.conststring)
    .data                                    0x20000000   Section      168  main.o(.data)
    .data                                    0x200000a8   Section       20  system_stm32f10x.o(.data)
    .data                                    0x200000bc   Section       20  stm32f10x_rcc.o(.data)
    ADCPrescTable                            0x200000bc   Data           4  stm32f10x_rcc.o(.data)
    APBAHBPrescTable                         0x200000c0   Data          16  stm32f10x_rcc.o(.data)
    .data                                    0x200000d0   Section       60  tasks.o(.data)
    uxDeletedTasksWaitingCleanUp             0x200000d4   Data           4  tasks.o(.data)
    uxCurrentNumberOfTasks                   0x200000d8   Data           4  tasks.o(.data)
    xTickCount                               0x200000dc   Data           4  tasks.o(.data)
    uxTopReadyPriority                       0x200000e0   Data           4  tasks.o(.data)
    xSchedulerRunning                        0x200000e4   Data           4  tasks.o(.data)
    uxPendedTicks                            0x200000e8   Data           4  tasks.o(.data)
    xYieldPending                            0x200000ec   Data           4  tasks.o(.data)
    xNumOfOverflows                          0x200000f0   Data           4  tasks.o(.data)
    uxTaskNumber                             0x200000f4   Data           4  tasks.o(.data)
    xNextTaskUnblockTime                     0x200000f8   Data           4  tasks.o(.data)
    xIdleTaskHandle                          0x200000fc   Data           4  tasks.o(.data)
    uxSchedulerSuspended                     0x20000100   Data           4  tasks.o(.data)
    pxDelayedTaskList                        0x20000104   Data           4  tasks.o(.data)
    pxOverflowDelayedTaskList                0x20000108   Data           4  tasks.o(.data)
    .data                                    0x2000010c   Section        4  port.o(.data)
    uxCriticalNesting                        0x2000010c   Data           4  port.o(.data)
    .data                                    0x20000110   Section       24  heap_4.o(.data)
    pxEnd                                    0x20000110   Data           4  heap_4.o(.data)
    xFreeBytesRemaining                      0x20000114   Data           4  heap_4.o(.data)
    xMinimumEverFreeBytesRemaining           0x20000118   Data           4  heap_4.o(.data)
    xBlockAllocatedBit                       0x2000011c   Data           4  heap_4.o(.data)
    xStart                                   0x20000120   Data           8  heap_4.o(.data)
    .data                                    0x20000128   Section        2  usart.o(.data)
    .data                                    0x2000012c   Section        4  usart.o(.data)
    .data                                    0x20000130   Section        1  adc.o(.data)
    .data                                    0x20000131   Section        1  delay.o(.data)
    fac_us                                   0x20000131   Data           1  delay.o(.data)
    .data                                    0x20000134   Section      194  bc26.o(.data)
    .data                                    0x200001f6   Section        1  beep.o(.data)
    .data                                    0x200001f7   Section        1  light.o(.data)
    .data                                    0x200001f8   Section       26  pulse.o(.data)
    .data                                    0x20000214   Section        4  errno.o(.data)
    _errno                                   0x20000214   Data           4  errno.o(.data)
    .bss                                     0x20000218   Section      200  tasks.o(.bss)
    pxReadyTasksLists                        0x20000218   Data         100  tasks.o(.bss)
    xDelayedTaskList1                        0x2000027c   Data          20  tasks.o(.bss)
    xDelayedTaskList2                        0x20000290   Data          20  tasks.o(.bss)
    xPendingReadyList                        0x200002a4   Data          20  tasks.o(.bss)
    xTasksWaitingTermination                 0x200002b8   Data          20  tasks.o(.bss)
    xSuspendedTaskList                       0x200002cc   Data          20  tasks.o(.bss)
    .bss                                     0x200002e0   Section    17408  heap_4.o(.bss)
    ucHeap                                   0x200002e0   Data       17408  heap_4.o(.bss)
    .bss                                     0x200046e0   Section      464  usart.o(.bss)
    .bss                                     0x200048b0   Section      256  bc26.o(.bss)
    .bss                                     0x200049b0   Section       80  pulse.o(.bss)
    STACK                                    0x20004a00   Section     1024  startup_stm32f10x_md.o(STACK)

    Global Symbols

    Symbol Name                              Value     Ov Type        Size  Object(Section)

    BuildAttributes$$THM_ISAv4$P$D$K$B$S$PE$A:L22UL41UL21$X:L11$S22US41US21$IEEE1$IW$USESV6$~STKCKD$USESV7$~SHL$OTIME$ROPI$IEEEX$EBA8$MICROLIB$REQ8$PRES8$EABIv2 0x00000000   Number         0  anon$$obj.o ABSOLUTE
    __ARM_use_no_argv                        0x00000000   Number         0  main.o ABSOLUTE
    __use_no_errno                           0x00000000   Number         0  useno.o ABSOLUTE
    __use_no_exception_handling              0x00000000   Number         0  useno.o ABSOLUTE
    __use_no_fp                              0x00000000   Number         0  useno.o ABSOLUTE
    __use_no_heap                            0x00000000   Number         0  useno.o ABSOLUTE
    __use_no_heap_region                     0x00000000   Number         0  useno.o ABSOLUTE
    __use_no_semihosting                     0x00000000   Number         0  useno.o ABSOLUTE
    __use_no_semihosting_swi                 0x00000000   Number         0  useno.o ABSOLUTE
    __use_no_signal_handling                 0x00000000   Number         0  useno.o ABSOLUTE
    _printf_a                                0x00000000   Number         0  stubs.o ABSOLUTE
    _printf_c                                0x00000000   Number         0  stubs.o ABSOLUTE
    _printf_charcount                        0x00000000   Number         0  stubs.o ABSOLUTE
    _printf_d                                0x00000000   Number         0  stubs.o ABSOLUTE
    _printf_e                                0x00000000   Number         0  stubs.o ABSOLUTE
    _printf_f                                0x00000000   Number         0  stubs.o ABSOLUTE
    _printf_flags                            0x00000000   Number         0  stubs.o ABSOLUTE
    _printf_fp_dec                           0x00000000   Number         0  stubs.o ABSOLUTE
    _printf_fp_hex                           0x00000000   Number         0  stubs.o ABSOLUTE
    _printf_g                                0x00000000   Number         0  stubs.o ABSOLUTE
    _printf_i                                0x00000000   Number         0  stubs.o ABSOLUTE
    _printf_int_dec                          0x00000000   Number         0  stubs.o ABSOLUTE
    _printf_l                                0x00000000   Number         0  stubs.o ABSOLUTE
    _printf_lc                               0x00000000   Number         0  stubs.o ABSOLUTE
    _printf_ll                               0x00000000   Number         0  stubs.o ABSOLUTE
    _printf_lld                              0x00000000   Number         0  stubs.o ABSOLUTE
    _printf_lli                              0x00000000   Number         0  stubs.o ABSOLUTE
    _printf_llo                              0x00000000   Number         0  stubs.o ABSOLUTE
    _printf_llu                              0x00000000   Number         0  stubs.o ABSOLUTE
    _printf_llx                              0x00000000   Number         0  stubs.o ABSOLUTE
    _printf_longlong_dec                     0x00000000   Number         0  stubs.o ABSOLUTE
    _printf_longlong_hex                     0x00000000   Number         0  stubs.o ABSOLUTE
    _printf_longlong_oct                     0x00000000   Number         0  stubs.o ABSOLUTE
    _printf_ls                               0x00000000   Number         0  stubs.o ABSOLUTE
    _printf_mbtowc                           0x00000000   Number         0  stubs.o ABSOLUTE
    _printf_n                                0x00000000   Number         0  stubs.o ABSOLUTE
    _printf_o                                0x00000000   Number         0  stubs.o ABSOLUTE
    _printf_p                                0x00000000   Number         0  stubs.o ABSOLUTE
    _printf_percent                          0x00000000   Number         0  stubs.o ABSOLUTE
    _printf_pre_padding                      0x00000000   Number         0  stubs.o ABSOLUTE
    _printf_return_value                     0x00000000   Number         0  stubs.o ABSOLUTE
    _printf_s                                0x00000000   Number         0  stubs.o ABSOLUTE
    _printf_sizespec                         0x00000000   Number         0  stubs.o ABSOLUTE
    _printf_str                              0x00000000   Number         0  stubs.o ABSOLUTE
    _printf_truncate_signed                  0x00000000   Number         0  stubs.o ABSOLUTE
    _printf_truncate_unsigned                0x00000000   Number         0  stubs.o ABSOLUTE
    _printf_u                                0x00000000   Number         0  stubs.o ABSOLUTE
    _printf_wc                               0x00000000   Number         0  stubs.o ABSOLUTE
    _printf_wctomb                           0x00000000   Number         0  stubs.o ABSOLUTE
    _printf_widthprec                        0x00000000   Number         0  stubs.o ABSOLUTE
    _printf_x                                0x00000000   Number         0  stubs.o ABSOLUTE
    __cpp_initialize__aeabi_                  - Undefined Weak Reference
    __cxa_finalize                            - Undefined Weak Reference
    _clock_init                               - Undefined Weak Reference
    _microlib_exit                            - Undefined Weak Reference
    __Vectors_Size                           0x00000130   Number         0  startup_stm32f10x_md.o ABSOLUTE
    __Vectors                                0x08000000   Data           4  startup_stm32f10x_md.o(RESET)
    __Vectors_End                            0x08000130   Data           0  startup_stm32f10x_md.o(RESET)
    __main                                   0x08000131   Thumb Code     0  entry.o(.ARM.Collect$$$$00000000)
    _main_stk                                0x08000131   Thumb Code     0  entry2.o(.ARM.Collect$$$$00000001)
    _main_scatterload                        0x08000135   Thumb Code     0  entry5.o(.ARM.Collect$$$$00000004)
    __main_after_scatterload                 0x08000139   Thumb Code     0  entry5.o(.ARM.Collect$$$$00000004)
    _main_clock                              0x08000139   Thumb Code     0  entry7b.o(.ARM.Collect$$$$00000008)
    _main_cpp_init                           0x08000139   Thumb Code     0  entry8b.o(.ARM.Collect$$$$0000000A)
    _main_init                               0x08000139   Thumb Code     0  entry9a.o(.ARM.Collect$$$$0000000B)
    __rt_final_cpp                           0x08000141   Thumb Code     0  entry10a.o(.ARM.Collect$$$$0000000D)
    __rt_final_exit                          0x08000141   Thumb Code     0  entry11a.o(.ARM.Collect$$$$0000000F)
    SVC_Handler                              0x08000145   Thumb Code    32  port.o(.emb_text)
    __asm___6_port_c_39a90d8d__prvStartFirstTask 0x08000169   Thumb Code    28  port.o(.emb_text)
    PendSV_Handler                           0x08000189   Thumb Code    72  port.o(.emb_text)
    vPortGetIPSR                             0x080001d5   Thumb Code     6  port.o(.emb_text)
    Reset_Handler                            0x080001dd   Thumb Code     8  startup_stm32f10x_md.o(.text)
    ADC1_2_IRQHandler                        0x080001f7   Thumb Code     0  startup_stm32f10x_md.o(.text)
    ADC3_IRQHandler                          0x080001f7   Thumb Code     0  startup_stm32f10x_md.o(.text)
    CAN1_RX1_IRQHandler                      0x080001f7   Thumb Code     0  startup_stm32f10x_md.o(.text)
    CAN1_SCE_IRQHandler                      0x080001f7   Thumb Code     0  startup_stm32f10x_md.o(.text)
    DMA1_Channel1_IRQHandler                 0x080001f7   Thumb Code     0  startup_stm32f10x_md.o(.text)
    DMA1_Channel2_IRQHandler                 0x080001f7   Thumb Code     0  startup_stm32f10x_md.o(.text)
    DMA1_Channel3_IRQHandler                 0x080001f7   Thumb Code     0  startup_stm32f10x_md.o(.text)
    DMA1_Channel4_IRQHandler                 0x080001f7   Thumb Code     0  startup_stm32f10x_md.o(.text)
    DMA1_Channel5_IRQHandler                 0x080001f7   Thumb Code     0  startup_stm32f10x_md.o(.text)
    DMA1_Channel6_IRQHandler                 0x080001f7   Thumb Code     0  startup_stm32f10x_md.o(.text)
    DMA1_Channel7_IRQHandler                 0x080001f7   Thumb Code     0  startup_stm32f10x_md.o(.text)
    DMA2_Channel1_IRQHandler                 0x080001f7   Thumb Code     0  startup_stm32f10x_md.o(.text)
    DMA2_Channel2_IRQHandler                 0x080001f7   Thumb Code     0  startup_stm32f10x_md.o(.text)
    DMA2_Channel3_IRQHandler                 0x080001f7   Thumb Code     0  startup_stm32f10x_md.o(.text)
    DMA2_Channel4_5_IRQHandler               0x080001f7   Thumb Code     0  startup_stm32f10x_md.o(.text)
    EXTI0_IRQHandler                         0x080001f7   Thumb Code     0  startup_stm32f10x_md.o(.text)
    EXTI15_10_IRQHandler                     0x080001f7   Thumb Code     0  startup_stm32f10x_md.o(.text)
    EXTI1_IRQHandler                         0x080001f7   Thumb Code     0  startup_stm32f10x_md.o(.text)
    EXTI2_IRQHandler                         0x080001f7   Thumb Code     0  startup_stm32f10x_md.o(.text)
    EXTI3_IRQHandler                         0x080001f7   Thumb Code     0  startup_stm32f10x_md.o(.text)
    EXTI4_IRQHandler                         0x080001f7   Thumb Code     0  startup_stm32f10x_md.o(.text)
    EXTI9_5_IRQHandler                       0x080001f7   Thumb Code     0  startup_stm32f10x_md.o(.text)
    FLASH_IRQHandler                         0x080001f7   Thumb Code     0  startup_stm32f10x_md.o(.text)
    FSMC_IRQHandler                          0x080001f7   Thumb Code     0  startup_stm32f10x_md.o(.text)
    I2C1_ER_IRQHandler                       0x080001f7   Thumb Code     0  startup_stm32f10x_md.o(.text)
    I2C1_EV_IRQHandler                       0x080001f7   Thumb Code     0  startup_stm32f10x_md.o(.text)
    I2C2_ER_IRQHandler                       0x080001f7   Thumb Code     0  startup_stm32f10x_md.o(.text)
    I2C2_EV_IRQHandler                       0x080001f7   Thumb Code     0  startup_stm32f10x_md.o(.text)
    PVD_IRQHandler                           0x080001f7   Thumb Code     0  startup_stm32f10x_md.o(.text)
    RCC_IRQHandler                           0x080001f7   Thumb Code     0  startup_stm32f10x_md.o(.text)
    RTCAlarm_IRQHandler                      0x080001f7   Thumb Code     0  startup_stm32f10x_md.o(.text)
    RTC_IRQHandler                           0x080001f7   Thumb Code     0  startup_stm32f10x_md.o(.text)
    SDIO_IRQHandler                          0x080001f7   Thumb Code     0  startup_stm32f10x_md.o(.text)
    SPI1_IRQHandler                          0x080001f7   Thumb Code     0  startup_stm32f10x_md.o(.text)
    SPI2_IRQHandler                          0x080001f7   Thumb Code     0  startup_stm32f10x_md.o(.text)
    SPI3_IRQHandler                          0x080001f7   Thumb Code     0  startup_stm32f10x_md.o(.text)
    TAMPER_IRQHandler                        0x080001f7   Thumb Code     0  startup_stm32f10x_md.o(.text)
    TIM1_BRK_IRQHandler                      0x080001f7   Thumb Code     0  startup_stm32f10x_md.o(.text)
    TIM1_CC_IRQHandler                       0x080001f7   Thumb Code     0  startup_stm32f10x_md.o(.text)
    TIM1_TRG_COM_IRQHandler                  0x080001f7   Thumb Code     0  startup_stm32f10x_md.o(.text)
    TIM1_UP_IRQHandler                       0x080001f7   Thumb Code     0  startup_stm32f10x_md.o(.text)
    TIM2_IRQHandler                          0x080001f7   Thumb Code     0  startup_stm32f10x_md.o(.text)
    TIM3_IRQHandler                          0x080001f7   Thumb Code     0  startup_stm32f10x_md.o(.text)
    TIM4_IRQHandler                          0x080001f7   Thumb Code     0  startup_stm32f10x_md.o(.text)
    TIM5_IRQHandler                          0x080001f7   Thumb Code     0  startup_stm32f10x_md.o(.text)
    TIM6_IRQHandler                          0x080001f7   Thumb Code     0  startup_stm32f10x_md.o(.text)
    TIM7_IRQHandler                          0x080001f7   Thumb Code     0  startup_stm32f10x_md.o(.text)
    TIM8_BRK_IRQHandler                      0x080001f7   Thumb Code     0  startup_stm32f10x_md.o(.text)
    TIM8_CC_IRQHandler                       0x080001f7   Thumb Code     0  startup_stm32f10x_md.o(.text)
    TIM8_TRG_COM_IRQHandler                  0x080001f7   Thumb Code     0  startup_stm32f10x_md.o(.text)
    TIM8_UP_IRQHandler                       0x080001f7   Thumb Code     0  startup_stm32f10x_md.o(.text)
    UART4_IRQHandler                         0x080001f7   Thumb Code     0  startup_stm32f10x_md.o(.text)
    UART5_IRQHandler                         0x080001f7   Thumb Code     0  startup_stm32f10x_md.o(.text)
    USBWakeUp_IRQHandler                     0x080001f7   Thumb Code     0  startup_stm32f10x_md.o(.text)
    USB_HP_CAN1_TX_IRQHandler                0x080001f7   Thumb Code     0  startup_stm32f10x_md.o(.text)
    USB_LP_CAN1_RX0_IRQHandler               0x080001f7   Thumb Code     0  startup_stm32f10x_md.o(.text)
    WWDG_IRQHandler                          0x080001f7   Thumb Code     0  startup_stm32f10x_md.o(.text)
    __aeabi_memcpy                           0x08000201   Thumb Code    36  memcpya.o(.text)
    __aeabi_memcpy4                          0x08000201   Thumb Code     0  memcpya.o(.text)
    __aeabi_memcpy8                          0x08000201   Thumb Code     0  memcpya.o(.text)
    __aeabi_memset                           0x08000225   Thumb Code    14  memseta.o(.text)
    __aeabi_memset4                          0x08000225   Thumb Code     0  memseta.o(.text)
    __aeabi_memset8                          0x08000225   Thumb Code     0  memseta.o(.text)
    __aeabi_memclr                           0x08000233   Thumb Code     4  memseta.o(.text)
    __aeabi_memclr4                          0x08000233   Thumb Code     0  memseta.o(.text)
    __aeabi_memclr8                          0x08000233   Thumb Code     0  memseta.o(.text)
    _memset$wrapper                          0x08000237   Thumb Code    18  memseta.o(.text)
    strstr                                   0x08000249   Thumb Code    36  strstr.o(.text)
    strlen                                   0x0800026d   Thumb Code    14  strlen.o(.text)
    __aeabi_dadd                             0x0800027b   Thumb Code   322  dadd.o(.text)
    __aeabi_dsub                             0x080003bd   Thumb Code     6  dadd.o(.text)
    __aeabi_drsub                            0x080003c3   Thumb Code     6  dadd.o(.text)
    __aeabi_dmul                             0x080003c9   Thumb Code   228  dmul.o(.text)
    __aeabi_ddiv                             0x080004ad   Thumb Code   222  ddiv.o(.text)
    __aeabi_ui2f                             0x0800058b   Thumb Code    10  ffltui.o(.text)
    __aeabi_i2d                              0x08000595   Thumb Code    34  dflti.o(.text)
    __aeabi_ui2d                             0x080005b7   Thumb Code    26  dfltui.o(.text)
    __aeabi_f2d                              0x080005d1   Thumb Code    38  f2d.o(.text)
    __aeabi_cdcmpeq                          0x080005f9   Thumb Code     0  cdcmple.o(.text)
    __aeabi_cdcmple                          0x080005f9   Thumb Code    48  cdcmple.o(.text)
    __aeabi_d2f                              0x08000629   Thumb Code    56  d2f.o(.text)
    __aeabi_uidiv                            0x08000661   Thumb Code     0  uidiv.o(.text)
    __aeabi_uidivmod                         0x08000661   Thumb Code    44  uidiv.o(.text)
    __aeabi_uldivmod                         0x0800068d   Thumb Code    98  uldiv.o(.text)
    __aeabi_llsl                             0x080006ef   Thumb Code    30  llshl.o(.text)
    _ll_shift_l                              0x080006ef   Thumb Code     0  llshl.o(.text)
    __aeabi_lasr                             0x0800070d   Thumb Code    36  llsshr.o(.text)
    _ll_sshift_r                             0x0800070d   Thumb Code     0  llsshr.o(.text)
    __I$use$fp                               0x08000731   Thumb Code     0  iusefp.o(.text)
    _float_round                             0x08000731   Thumb Code    18  fepilogue.o(.text)
    _float_epilogue                          0x08000743   Thumb Code    92  fepilogue.o(.text)
    _double_round                            0x0800079f   Thumb Code    30  depilogue.o(.text)
    _double_epilogue                         0x080007bd   Thumb Code   156  depilogue.o(.text)
    __ARM_scalbn                             0x08000859   Thumb Code    46  dscalb.o(.text)
    scalbn                                   0x08000859   Thumb Code     0  dscalb.o(.text)
    _dsqrt                                   0x08000887   Thumb Code   162  dsqrt.o(.text)
    __aeabi_d2ulz                            0x08000929   Thumb Code    48  dfixul.o(.text)
    __aeabi_cdrcmple                         0x08000959   Thumb Code    48  cdrcmple.o(.text)
    __scatterload                            0x08000989   Thumb Code    28  init.o(.text)
    __scatterload_rt2                        0x08000989   Thumb Code     0  init.o(.text)
    __aeabi_llsr                             0x080009ad   Thumb Code    32  llushr.o(.text)
    _ll_ushift_r                             0x080009ad   Thumb Code     0  llushr.o(.text)
    __decompress                             0x080009cd   Thumb Code     0  __dczerorl2.o(.text)
    __decompress1                            0x080009cd   Thumb Code    86  __dczerorl2.o(.text)
    ADC_Cmd                                  0x08000a23   Thumb Code    20  stm32f10x_adc.o(i.ADC_Cmd)
    ADC_DeInit                               0x08000a39   Thumb Code    56  stm32f10x_adc.o(i.ADC_DeInit)
    ADC_GetCalibrationStatus                 0x08000a7d   Thumb Code    14  stm32f10x_adc.o(i.ADC_GetCalibrationStatus)
    ADC_GetConversionValue                   0x08000a8b   Thumb Code     6  stm32f10x_adc.o(i.ADC_GetConversionValue)
    ADC_GetFlagStatus                        0x08000a91   Thumb Code    14  stm32f10x_adc.o(i.ADC_GetFlagStatus)
    ADC_GetResetCalibrationStatus            0x08000a9f   Thumb Code    14  stm32f10x_adc.o(i.ADC_GetResetCalibrationStatus)
    ADC_Init                                 0x08000aad   Thumb Code    62  stm32f10x_adc.o(i.ADC_Init)
    ADC_RegularChannelConfig                 0x08000af5   Thumb Code   116  stm32f10x_adc.o(i.ADC_RegularChannelConfig)
    ADC_ResetCalibration                     0x08000b69   Thumb Code    10  stm32f10x_adc.o(i.ADC_ResetCalibration)
    ADC_SoftwareStartConvCmd                 0x08000b73   Thumb Code    20  stm32f10x_adc.o(i.ADC_SoftwareStartConvCmd)
    ADC_StartCalibration                     0x08000b87   Thumb Code    10  stm32f10x_adc.o(i.ADC_StartCalibration)
    Adc_In_Init                              0x08000b91   Thumb Code    30  adc.o(i.Adc_In_Init)
    Adc_Init                                 0x08000bb5   Thumb Code   110  adc.o(i.Adc_Init)
    BC26_ALYIOTSenddata                      0x08000c2d   Thumb Code   142  bc26.o(i.BC26_ALYIOTSenddata)
    BC26_Init                                0x08000ce1   Thumb Code   196  bc26.o(i.BC26_Init)
    BC26_SendAT                              0x08000dfd   Thumb Code   108  bc26.o(i.BC26_SendAT)
    Beep_Alert                               0x08000e85   Thumb Code    48  beep.o(i.Beep_Alert)
    Beep_Init                                0x08000ebd   Thumb Code   120  beep.o(i.Beep_Init)
    Beep_Remind                              0x08000f45   Thumb Code    80  beep.o(i.Beep_Remind)
    BusFault_Handler                         0x08000f9d   Thumb Code     2  stm32f10x_it.o(i.BusFault_Handler)
    Clear_Buffer                             0x08000fa1   Thumb Code    36  bc26.o(i.Clear_Buffer)
    DebugMon_Handler                         0x08000fc9   Thumb Code     2  stm32f10x_it.o(i.DebugMon_Handler)
    Dht11_Check                              0x08000fcd   Thumb Code    90  dht.o(i.Dht11_Check)
    Dht11_Init                               0x08001031   Thumb Code    36  dht.o(i.Dht11_Init)
    Dht11_Read_Bit                           0x08001059   Thumb Code    70  dht.o(i.Dht11_Read_Bit)
    Dht11_Read_Byte                          0x080010a5   Thumb Code    26  dht.o(i.Dht11_Read_Byte)
    Dht11_Read_Data                          0x080010bf   Thumb Code    94  dht.o(i.Dht11_Read_Data)
    Dht11_Rst                                0x0800111d   Thumb Code    52  dht.o(i.Dht11_Rst)
    GPIO_Init                                0x08001159   Thumb Code   156  stm32f10x_gpio.o(i.GPIO_Init)
    GPIO_PinRemapConfig                      0x080011f5   Thumb Code    82  stm32f10x_gpio.o(i.GPIO_PinRemapConfig)
    GPIO_ReadInputDataBit                    0x0800124d   Thumb Code    14  stm32f10x_gpio.o(i.GPIO_ReadInputDataBit)
    GPIO_ResetBits                           0x0800125b   Thumb Code     4  stm32f10x_gpio.o(i.GPIO_ResetBits)
    GPIO_SetBits                             0x0800125f   Thumb Code     4  stm32f10x_gpio.o(i.GPIO_SetBits)
    GPIO_WriteBit                            0x08001263   Thumb Code    10  stm32f10x_gpio.o(i.GPIO_WriteBit)
    GPIO_simple_Init                         0x0800126d   Thumb Code    70  gpio.o(i.GPIO_simple_Init)
    Get_Adc                                  0x080012c1   Thumb Code    46  adc.o(i.Get_Adc)
    Gy906_Init                               0x080012f5   Thumb Code     4  gy906.o(i.Gy906_Init)
    Gy906_ReadMemory                         0x080012f9   Thumb Code   140  gy906.o(i.Gy906_ReadMemory)
    Gy906_ReadTemp                           0x08001385   Thumb Code    40  gy906.o(i.Gy906_ReadTemp)
    HardFault_Handler                        0x080013b9   Thumb Code     2  stm32f10x_it.o(i.HardFault_Handler)
    IIC1_Init                                0x080013bd   Thumb Code    38  iic1.o(i.IIC1_Init)
    IIC1_ReceiveBit                          0x080013e9   Thumb Code    72  iic1.o(i.IIC1_ReceiveBit)
    IIC1_ReceiveByte                         0x08001435   Thumb Code    44  iic1.o(i.IIC1_ReceiveByte)
    IIC1_SendBit                             0x08001461   Thumb Code    62  iic1.o(i.IIC1_SendBit)
    IIC1_SendByte                            0x080014a5   Thumb Code    40  iic1.o(i.IIC1_SendByte)
    IIC1_StartBit                            0x080014cd   Thumb Code    72  iic1.o(i.IIC1_StartBit)
    IIC1_StopBit                             0x08001519   Thumb Code    56  iic1.o(i.IIC1_StopBit)
    IIC_Init                                 0x08001555   Thumb Code    40  iic.o(i.IIC_Init)
    IIC_ReadReg_Len                          0x08001581   Thumb Code    94  iic.o(i.IIC_ReadReg_Len)
    IIC_ReceiveBit                           0x080015e1   Thumb Code    76  iic.o(i.IIC_ReceiveBit)
    IIC_ReceiveByte                          0x08001631   Thumb Code    44  iic.o(i.IIC_ReceiveByte)
    IIC_SendBit                              0x0800165d   Thumb Code    66  iic.o(i.IIC_SendBit)
    IIC_SendByte                             0x080016a5   Thumb Code    40  iic.o(i.IIC_SendByte)
    IIC_StartBit                             0x080016cd   Thumb Code    76  iic.o(i.IIC_StartBit)
    IIC_StopBit                              0x0800171d   Thumb Code    60  iic.o(i.IIC_StopBit)
    Light_Init                               0x0800175d   Thumb Code    46  light.o(i.Light_Init)
    Light_Off                                0x08001799   Thumb Code    26  light.o(i.Light_Off)
    Light_On                                 0x080017bd   Thumb Code    26  light.o(i.Light_On)
    Light_alarm                              0x080017e1   Thumb Code    34  light.o(i.Light_alarm)
    MPU6050_FallDetection                    0x08001805   Thumb Code    78  mpu6050.o(i.MPU6050_FallDetection)
    MPU6050_GetAccelerometer                 0x08001861   Thumb Code    62  mpu6050.o(i.MPU6050_GetAccelerometer)
    MPU6050_GetAngle                         0x080018a1   Thumb Code   152  mpu6050.o(i.MPU6050_GetAngle)
    MPU6050_GetCV                            0x08001945   Thumb Code   182  mpu6050.o(i.MPU6050_GetCV)
    MPU6050_Init                             0x08001a01   Thumb Code    72  mpu6050.o(i.MPU6050_Init)
    MPU6050_ReadReg                          0x08001a49   Thumb Code    46  mpu6050.o(i.MPU6050_ReadReg)
    MPU6050_WriteReg                         0x08001a77   Thumb Code    50  mpu6050.o(i.MPU6050_WriteReg)
    MemManage_Handler                        0x08001aa9   Thumb Code     2  stm32f10x_it.o(i.MemManage_Handler)
    NMI_Handler                              0x08001aab   Thumb Code     2  stm32f10x_it.o(i.NMI_Handler)
    NVIC_Init                                0x08001aad   Thumb Code    94  misc.o(i.NVIC_Init)
    NVIC_PriorityGroupConfig                 0x08001b11   Thumb Code    10  misc.o(i.NVIC_PriorityGroupConfig)
    PEC_Calculation                          0x08001b25   Thumb Code   168  gy906.o(i.PEC_Calculation)
    Psen_Get_One_Value                       0x08001bcd   Thumb Code     6  psen.o(i.Psen_Get_One_Value)
    Psen_Init                                0x08001bd5   Thumb Code     8  psen.o(i.Psen_Init)
    Pulse_Get_One_Value                      0x08001be1   Thumb Code     6  pulse.o(i.Pulse_Get_One_Value)
    Pulse_Get_Value                          0x08001be7   Thumb Code   104  pulse.o(i.Pulse_Get_Value)
    Pulse_Init                               0x08001c51   Thumb Code    94  pulse.o(i.Pulse_Init)
    RCC_ADCCLKConfig                         0x08001cbd   Thumb Code    14  stm32f10x_rcc.o(i.RCC_ADCCLKConfig)
    RCC_APB1PeriphClockCmd                   0x08001cd1   Thumb Code    18  stm32f10x_rcc.o(i.RCC_APB1PeriphClockCmd)
    RCC_APB1PeriphResetCmd                   0x08001ce9   Thumb Code    18  stm32f10x_rcc.o(i.RCC_APB1PeriphResetCmd)
    RCC_APB2PeriphClockCmd                   0x08001d01   Thumb Code    18  stm32f10x_rcc.o(i.RCC_APB2PeriphClockCmd)
    RCC_APB2PeriphResetCmd                   0x08001d19   Thumb Code    18  stm32f10x_rcc.o(i.RCC_APB2PeriphResetCmd)
    RCC_GetClocksFreq                        0x08001d31   Thumb Code   132  stm32f10x_rcc.o(i.RCC_GetClocksFreq)
    Syn_Init                                 0x08001e6d   Thumb Code    12  syn_6288.o(i.Syn_Init)
    Syn_Voice                                0x08001e7d   Thumb Code   130  syn_6288.o(i.Syn_Voice)
    SysTick_CLKSourceConfig                  0x08001f05   Thumb Code    24  misc.o(i.SysTick_CLKSourceConfig)
    SysTick_Handler                          0x08001f1d   Thumb Code    38  port.o(i.SysTick_Handler)
    SystemInit                               0x08001f49   Thumb Code    64  system_stm32f10x.o(i.SystemInit)
    TIM_Cmd                                  0x08001f99   Thumb Code    20  stm32f10x_tim.o(i.TIM_Cmd)
    TIM_OC2Init                              0x08001fad   Thumb Code   120  stm32f10x_tim.o(i.TIM_OC2Init)
    TIM_OCStructInit                         0x0800202d   Thumb Code    20  stm32f10x_tim.o(i.TIM_OCStructInit)
    TIM_TimeBaseInit                         0x08002041   Thumb Code   114  stm32f10x_tim.o(i.TIM_TimeBaseInit)
    USART1_IRQHandler                        0x080020dd   Thumb Code    88  usart.o(i.USART1_IRQHandler)
    USART2_IRQHandler                        0x08002141   Thumb Code     6  syn_6288.o(i.USART2_IRQHandler)
    USART3_IRQHandler                        0x0800214d   Thumb Code    36  usart.o(i.USART3_IRQHandler)
    USART_Cmd                                0x08002175   Thumb Code    20  stm32f10x_usart.o(i.USART_Cmd)
    USART_DeInit                             0x08002189   Thumb Code    96  stm32f10x_usart.o(i.USART_DeInit)
    USART_GetITStatus                        0x080021fd   Thumb Code    62  stm32f10x_usart.o(i.USART_GetITStatus)
    USART_ITConfig                           0x0800223b   Thumb Code    48  stm32f10x_usart.o(i.USART_ITConfig)
    USART_Init                               0x0800226d   Thumb Code   166  stm32f10x_usart.o(i.USART_Init)
    USART_ReceiveData                        0x08002319   Thumb Code     8  stm32f10x_usart.o(i.USART_ReceiveData)
    UsageFault_Handler                       0x08002321   Thumb Code     2  stm32f10x_it.o(i.UsageFault_Handler)
    Usart_Init                               0x08002325   Thumb Code   230  usart.o(i.Usart_Init)
    Usart_SendData                           0x08002421   Thumb Code    10  usart.o(i.Usart_SendData)
    Usart_SendStr                            0x0800242b   Thumb Code    20  usart.o(i.Usart_SendStr)
    __0printf                                0x08002441   Thumb Code    22  printfa.o(i.__0printf)
    __1printf                                0x08002441   Thumb Code     0  printfa.o(i.__0printf)
    __2printf                                0x08002441   Thumb Code     0  printfa.o(i.__0printf)
    __c89printf                              0x08002441   Thumb Code     0  printfa.o(i.__0printf)
    printf                                   0x08002441   Thumb Code     0  printfa.o(i.__0printf)
    __0sprintf                               0x08002461   Thumb Code    34  printfa.o(i.__0sprintf)
    __1sprintf                               0x08002461   Thumb Code     0  printfa.o(i.__0sprintf)
    __2sprintf                               0x08002461   Thumb Code     0  printfa.o(i.__0sprintf)
    __c89sprintf                             0x08002461   Thumb Code     0  printfa.o(i.__0sprintf)
    sprintf                                  0x08002461   Thumb Code     0  printfa.o(i.__0sprintf)
    __ARM_fpclassify                         0x08002489   Thumb Code    40  fpclassify.o(i.__ARM_fpclassify)
    __kernel_poly                            0x080024b1   Thumb Code   170  poly.o(i.__kernel_poly)
    __mathlib_dbl_infnan                     0x0800255b   Thumb Code     6  dunder.o(i.__mathlib_dbl_infnan)
    __mathlib_dbl_infnan2                    0x08002561   Thumb Code     4  dunder.o(i.__mathlib_dbl_infnan2)
    __mathlib_dbl_underflow                  0x08002565   Thumb Code    10  dunder.o(i.__mathlib_dbl_underflow)
    __scatterload_copy                       0x08002575   Thumb Code    14  handlers.o(i.__scatterload_copy)
    __scatterload_null                       0x08002583   Thumb Code     2  handlers.o(i.__scatterload_null)
    __scatterload_zeroinit                   0x08002585   Thumb Code    14  handlers.o(i.__scatterload_zeroinit)
    __set_errno                              0x08002595   Thumb Code     6  errno.o(i.__set_errno)
    atan                                     0x08002e5d   Thumb Code   474  atan.o(i.atan)
    atan2                                    0x0800307d   Thumb Code   346  atan2.o(i.atan2)
    delay_init                               0x080031fd   Thumb Code    50  delay.o(i.delay_init)
    delay_ms                                 0x0800323d   Thumb Code    10  delay.o(i.delay_ms)
    delay_us                                 0x08003249   Thumb Code    48  delay.o(i.delay_us)
    fputc                                    0x0800327d   Thumb Code    18  usart.o(i.fputc)
    get_Array_Max                            0x08003295   Thumb Code    30  pulse.o(i.get_Array_Max)
    get_Array_Min                            0x080032b3   Thumb Code    30  pulse.o(i.get_Array_Min)
    main                                     0x080032d1   Thumb Code    30  main.o(i.main)
    nbiot_receive_process_event              0x08003305   Thumb Code    28  usart.o(i.nbiot_receive_process_event)
    pulse_Get_Heart_Rate                     0x08003635   Thumb Code   200  pulse.o(i.pulse_Get_Heart_Rate)
    pvPortMalloc                             0x08003705   Thumb Code   148  heap_4.o(i.pvPortMalloc)
    pxPortInitialiseStack                    0x0800379d   Thumb Code    32  port.o(i.pxPortInitialiseStack)
    sqrt                                     0x080037c1   Thumb Code    76  sqrt.o(i.sqrt)
    ulTaskNotifyTake                         0x0800380d   Thumb Code    96  tasks.o(i.ulTaskNotifyTake)
    uxListRemove                             0x08003875   Thumb Code    36  list.o(i.uxListRemove)
    vAlarmTask                               0x08003899   Thumb Code   134  main.o(i.vAlarmTask)
    vDetectionDataTask                       0x08003951   Thumb Code   184  main.o(i.vDetectionDataTask)
    vDetectionFallTask                       0x08003a39   Thumb Code    54  main.o(i.vDetectionFallTask)
    vInitTask                                0x08003a75   Thumb Code   188  main.o(i.vInitTask)
    vListInitialise                          0x08003b81   Thumb Code    22  list.o(i.vListInitialise)
    vListInitialiseItem                      0x08003b97   Thumb Code     6  list.o(i.vListInitialiseItem)
    vListInsert                              0x08003b9d   Thumb Code    48  list.o(i.vListInsert)
    vListInsertEnd                           0x08003bcd   Thumb Code    24  list.o(i.vListInsertEnd)
    vPortEnterCritical                       0x08003be5   Thumb Code    24  port.o(i.vPortEnterCritical)
    vPortExitCritical                        0x08003c01   Thumb Code    16  port.o(i.vPortExitCritical)
    vPortFree                                0x08003c15   Thumb Code    58  heap_4.o(i.vPortFree)
    vPortSetupTimerInterrupt                 0x08003c55   Thumb Code    14  port.o(i.vPortSetupTimerInterrupt)
    vTaskDelay                               0x08003c69   Thumb Code    44  tasks.o(i.vTaskDelay)
    vTaskDelete                              0x08003c99   Thumb Code   138  tasks.o(i.vTaskDelete)
    vTaskStartScheduler                      0x08003d31   Thumb Code    66  tasks.o(i.vTaskStartScheduler)
    vTaskSuspendAll                          0x08003d85   Thumb Code    10  tasks.o(i.vTaskSuspendAll)
    vTaskSwitchContext                       0x08003d95   Thumb Code    60  tasks.o(i.vTaskSwitchContext)
    xPortStartScheduler                      0x08003dd9   Thumb Code    38  port.o(i.xPortStartScheduler)
    xTaskCreate                              0x08003e09   Thumb Code    86  tasks.o(i.xTaskCreate)
    xTaskGenericNotify                       0x08003e61   Thumb Code   152  tasks.o(i.xTaskGenericNotify)
    xTaskIncrementTick                       0x08003f05   Thumb Code   170  tasks.o(i.xTaskIncrementTick)
    xTaskResumeAll                           0x08003fb9   Thumb Code   164  tasks.o(i.xTaskResumeAll)
    __mathlib_zero                           0x08004100   Data           8  qnan.o(.constdata)
    Region$$Table$$Base                      0x080041b4   Number         0  anon$$obj.o(Region$$Table)
    Region$$Table$$Limit                     0x080041d4   Number         0  anon$$obj.o(Region$$Table)
    pxDetectionDataTaskHandle                0x20000000   Data           4  main.o(.data)
    pxDetectionFallTaskHandle                0x20000004   Data           4  main.o(.data)
    pxInitTaskHandle                         0x20000008   Data           4  main.o(.data)
    pxAlarmTaskHandle                        0x2000000c   Data           4  main.o(.data)
    bc26_device                              0x20000010   Data          28  main.o(.data)
    beep_device                              0x2000002c   Data          12  main.o(.data)
    dht11_device                             0x20000038   Data          12  main.o(.data)
    psen_device                              0x20000044   Data          12  main.o(.data)
    syn_device                               0x20000050   Data          16  main.o(.data)
    pulse_device                             0x20000060   Data          12  main.o(.data)
    gy906_device                             0x2000006c   Data          12  main.o(.data)
    mpu_device                               0x20000078   Data          32  main.o(.data)
    light_device                             0x20000098   Data          16  main.o(.data)
    SystemCoreClock                          0x200000a8   Data           4  system_stm32f10x.o(.data)
    AHBPrescTable                            0x200000ac   Data          16  system_stm32f10x.o(.data)
    pxCurrentTCB                             0x200000d0   Data           4  tasks.o(.data)
    USART_RX_STA                             0x20000128   Data           2  usart.o(.data)
    __stdout                                 0x2000012c   Data           4  usart.o(.data)
    Adc1_State                               0x20000130   Data           1  adc.o(.data)
    err                                      0x20000134   Data           1  bc26.o(.data)
    strx                                     0x20000138   Data           4  bc26.o(.data)
    strx1                                    0x2000013c   Data           4  bc26.o(.data)
    CGPADDR                                  0x20000140   Data          15  bc26.o(.data)
    QMTCFG                                   0x2000014f   Data          78  bc26.o(.data)
    QMTOPEN                                  0x2000019d   Data          67  bc26.o(.data)
    QMTCONN                                  0x200001e0   Data          22  bc26.o(.data)
    Beep_State                               0x200001f6   Data           1  beep.o(.data)
    Light_State                              0x200001f7   Data           1  light.o(.data)
    pulse_index                              0x200001f8   Data           1  pulse.o(.data)
    pulse_timeCount                          0x200001fa   Data           2  pulse.o(.data)
    pulse_firstTimeCount                     0x200001fc   Data           2  pulse.o(.data)
    pulse_secondTimeCount                    0x200001fe   Data           2  pulse.o(.data)
    PRE_PULSE                                0x20000200   Data           2  pulse.o(.data)
    PULSE                                    0x20000202   Data           2  pulse.o(.data)
    pulse_filter                             0x20000204   Data           2  pulse.o(.data)
    pulse_readData                           0x20000206   Data           2  pulse.o(.data)
    pulse_preReadData                        0x20000208   Data           2  pulse.o(.data)
    pulse_max                                0x2000020a   Data           2  pulse.o(.data)
    pulse_min                                0x2000020c   Data           2  pulse.o(.data)
    pulse_mid                                0x2000020e   Data           2  pulse.o(.data)
    pulseCount                               0x20000210   Data           2  pulse.o(.data)
    BC26_buf                                 0x200046e0   Data         264  usart.o(.bss)
    USART_RX_BUF                             0x200047e8   Data         200  usart.o(.bss)
    atstr                                    0x200048b0   Data         256  bc26.o(.bss)
    pulse_data                               0x200049b0   Data          80  pulse.o(.bss)
    __initial_sp                             0x20004e00   Data           0  startup_stm32f10x_md.o(STACK)



==============================================================================

Memory Map of the image

  Image Entry point : 0x080001dd

  Load Region LR_1 (Base: 0x08000000, Size: 0x000043ec, Max: 0xffffffff, ABSOLUTE, COMPRESSED[0x000042f0])

    Execution Region ER_RO (Exec base: 0x08000000, Load base: 0x08000000, Size: 0x000041d4, Max: 0xffffffff, ABSOLUTE)

    Exec Addr    Load Addr    Size         Type   Attr      Idx    E Section Name        Object

    0x08000000   0x08000000   0x00000130   Data   RO          328    RESET               startup_stm32f10x_md.o
    0x08000130   0x08000130   0x00000000   Code   RO         4788  * .ARM.Collect$$$$00000000  mc_w.l(entry.o)
    0x08000130   0x08000130   0x00000004   Code   RO         5115    .ARM.Collect$$$$00000001  mc_w.l(entry2.o)
    0x08000134   0x08000134   0x00000004   Code   RO         5118    .ARM.Collect$$$$00000004  mc_w.l(entry5.o)
    0x08000138   0x08000138   0x00000000   Code   RO         5120    .ARM.Collect$$$$00000008  mc_w.l(entry7b.o)
    0x08000138   0x08000138   0x00000000   Code   RO         5122    .ARM.Collect$$$$0000000A  mc_w.l(entry8b.o)
    0x08000138   0x08000138   0x00000008   Code   RO         5123    .ARM.Collect$$$$0000000B  mc_w.l(entry9a.o)
    0x08000140   0x08000140   0x00000000   Code   RO         5125    .ARM.Collect$$$$0000000D  mc_w.l(entry10a.o)
    0x08000140   0x08000140   0x00000000   Code   RO         5127    .ARM.Collect$$$$0000000F  mc_w.l(entry11a.o)
    0x08000140   0x08000140   0x00000004   Code   RO         5116    .ARM.Collect$$$$00002712  mc_w.l(entry2.o)
    0x08000144   0x08000144   0x00000096   Code   RO         3876    .emb_text           port.o
    0x080001da   0x080001da   0x00000002   PAD
    0x080001dc   0x080001dc   0x00000024   Code   RO          329  * .text               startup_stm32f10x_md.o
    0x08000200   0x08000200   0x00000024   Code   RO         4791    .text               mc_w.l(memcpya.o)
    0x08000224   0x08000224   0x00000024   Code   RO         4793    .text               mc_w.l(memseta.o)
    0x08000248   0x08000248   0x00000024   Code   RO         4795    .text               mc_w.l(strstr.o)
    0x0800026c   0x0800026c   0x0000000e   Code   RO         4797    .text               mc_w.l(strlen.o)
    0x0800027a   0x0800027a   0x0000014e   Code   RO         5068    .text               mf_w.l(dadd.o)
    0x080003c8   0x080003c8   0x000000e4   Code   RO         5070    .text               mf_w.l(dmul.o)
    0x080004ac   0x080004ac   0x000000de   Code   RO         5072    .text               mf_w.l(ddiv.o)
    0x0800058a   0x0800058a   0x0000000a   Code   RO         5074    .text               mf_w.l(ffltui.o)
    0x08000594   0x08000594   0x00000022   Code   RO         5076    .text               mf_w.l(dflti.o)
    0x080005b6   0x080005b6   0x0000001a   Code   RO         5078    .text               mf_w.l(dfltui.o)
    0x080005d0   0x080005d0   0x00000026   Code   RO         5080    .text               mf_w.l(f2d.o)
    0x080005f6   0x080005f6   0x00000002   PAD
    0x080005f8   0x080005f8   0x00000030   Code   RO         5082    .text               mf_w.l(cdcmple.o)
    0x08000628   0x08000628   0x00000038   Code   RO         5084    .text               mf_w.l(d2f.o)
    0x08000660   0x08000660   0x0000002c   Code   RO         5129    .text               mc_w.l(uidiv.o)
    0x0800068c   0x0800068c   0x00000062   Code   RO         5131    .text               mc_w.l(uldiv.o)
    0x080006ee   0x080006ee   0x0000001e   Code   RO         5133    .text               mc_w.l(llshl.o)
    0x0800070c   0x0800070c   0x00000024   Code   RO         5135    .text               mc_w.l(llsshr.o)
    0x08000730   0x08000730   0x00000000   Code   RO         5144    .text               mc_w.l(iusefp.o)
    0x08000730   0x08000730   0x0000006e   Code   RO         5145    .text               mf_w.l(fepilogue.o)
    0x0800079e   0x0800079e   0x000000ba   Code   RO         5147    .text               mf_w.l(depilogue.o)
    0x08000858   0x08000858   0x0000002e   Code   RO         5149    .text               mf_w.l(dscalb.o)
    0x08000886   0x08000886   0x000000a2   Code   RO         5151    .text               mf_w.l(dsqrt.o)
    0x08000928   0x08000928   0x00000030   Code   RO         5153    .text               mf_w.l(dfixul.o)
    0x08000958   0x08000958   0x00000030   Code   RO         5155    .text               mf_w.l(cdrcmple.o)
    0x08000988   0x08000988   0x00000024   Code   RO         5157    .text               mc_w.l(init.o)
    0x080009ac   0x080009ac   0x00000020   Code   RO         5159    .text               mc_w.l(llushr.o)
    0x080009cc   0x080009cc   0x00000056   Code   RO         5169    .text               mc_w.l(__dczerorl2.o)
    0x08000a22   0x08000a22   0x00000014   Code   RO          401    i.ADC_Cmd           stm32f10x_adc.o
    0x08000a36   0x08000a36   0x00000002   PAD
    0x08000a38   0x08000a38   0x00000044   Code   RO          403    i.ADC_DeInit        stm32f10x_adc.o
    0x08000a7c   0x08000a7c   0x0000000e   Code   RO          409    i.ADC_GetCalibrationStatus  stm32f10x_adc.o
    0x08000a8a   0x08000a8a   0x00000006   Code   RO          410    i.ADC_GetConversionValue  stm32f10x_adc.o
    0x08000a90   0x08000a90   0x0000000e   Code   RO          412    i.ADC_GetFlagStatus  stm32f10x_adc.o
    0x08000a9e   0x08000a9e   0x0000000e   Code   RO          415    i.ADC_GetResetCalibrationStatus  stm32f10x_adc.o
    0x08000aac   0x08000aac   0x00000048   Code   RO          419    i.ADC_Init          stm32f10x_adc.o
    0x08000af4   0x08000af4   0x00000074   Code   RO          423    i.ADC_RegularChannelConfig  stm32f10x_adc.o
    0x08000b68   0x08000b68   0x0000000a   Code   RO          424    i.ADC_ResetCalibration  stm32f10x_adc.o
    0x08000b72   0x08000b72   0x00000014   Code   RO          426    i.ADC_SoftwareStartConvCmd  stm32f10x_adc.o
    0x08000b86   0x08000b86   0x0000000a   Code   RO          428    i.ADC_StartCalibration  stm32f10x_adc.o
    0x08000b90   0x08000b90   0x00000024   Code   RO         4091    i.Adc_In_Init       adc.o
    0x08000bb4   0x08000bb4   0x00000078   Code   RO         4092    i.Adc_Init          adc.o
    0x08000c2c   0x08000c2c   0x000000b4   Code   RO         4302    i.BC26_ALYIOTSenddata  bc26.o
    0x08000ce0   0x08000ce0   0x0000011c   Code   RO         4303    i.BC26_Init         bc26.o
    0x08000dfc   0x08000dfc   0x00000088   Code   RO         4304    i.BC26_SendAT       bc26.o
    0x08000e84   0x08000e84   0x00000038   Code   RO         4344    i.Beep_Alert        beep.o
    0x08000ebc   0x08000ebc   0x00000088   Code   RO         4345    i.Beep_Init         beep.o
    0x08000f44   0x08000f44   0x00000058   Code   RO         4346    i.Beep_Remind       beep.o
    0x08000f9c   0x08000f9c   0x00000002   Code   RO          241    i.BusFault_Handler  stm32f10x_it.o
    0x08000f9e   0x08000f9e   0x00000002   PAD
    0x08000fa0   0x08000fa0   0x00000028   Code   RO         4305    i.Clear_Buffer      bc26.o
    0x08000fc8   0x08000fc8   0x00000002   Code   RO          242    i.DebugMon_Handler  stm32f10x_it.o
    0x08000fca   0x08000fca   0x00000002   PAD
    0x08000fcc   0x08000fcc   0x00000064   Code   RO         4549    i.Dht11_Check       dht.o
    0x08001030   0x08001030   0x00000028   Code   RO         4550    i.Dht11_Init        dht.o
    0x08001058   0x08001058   0x0000004c   Code   RO         4551    i.Dht11_Read_Bit    dht.o
    0x080010a4   0x080010a4   0x0000001a   Code   RO         4552    i.Dht11_Read_Byte   dht.o
    0x080010be   0x080010be   0x0000005e   Code   RO         4553    i.Dht11_Read_Data   dht.o
    0x0800111c   0x0800111c   0x0000003c   Code   RO         4554    i.Dht11_Rst         dht.o
    0x08001158   0x08001158   0x0000009c   Code   RO         1508    i.GPIO_Init         stm32f10x_gpio.o
    0x080011f4   0x080011f4   0x00000058   Code   RO         1510    i.GPIO_PinRemapConfig  stm32f10x_gpio.o
    0x0800124c   0x0800124c   0x0000000e   Code   RO         1512    i.GPIO_ReadInputDataBit  stm32f10x_gpio.o
    0x0800125a   0x0800125a   0x00000004   Code   RO         1515    i.GPIO_ResetBits    stm32f10x_gpio.o
    0x0800125e   0x0800125e   0x00000004   Code   RO         1516    i.GPIO_SetBits      stm32f10x_gpio.o
    0x08001262   0x08001262   0x0000000a   Code   RO         1519    i.GPIO_WriteBit     stm32f10x_gpio.o
    0x0800126c   0x0800126c   0x00000054   Code   RO         4166    i.GPIO_simple_Init  gpio.o
    0x080012c0   0x080012c0   0x00000034   Code   RO         4093    i.Get_Adc           adc.o
    0x080012f4   0x080012f4   0x00000004   Code   RO         4732    i.Gy906_Init        gy906.o
    0x080012f8   0x080012f8   0x0000008c   Code   RO         4733    i.Gy906_ReadMemory  gy906.o
    0x08001384   0x08001384   0x00000034   Code   RO         4734    i.Gy906_ReadTemp    gy906.o
    0x080013b8   0x080013b8   0x00000002   Code   RO          243    i.HardFault_Handler  stm32f10x_it.o
    0x080013ba   0x080013ba   0x00000002   PAD
    0x080013bc   0x080013bc   0x0000002c   Code   RO         4242    i.IIC1_Init         iic1.o
    0x080013e8   0x080013e8   0x0000004c   Code   RO         4244    i.IIC1_ReceiveBit   iic1.o
    0x08001434   0x08001434   0x0000002c   Code   RO         4245    i.IIC1_ReceiveByte  iic1.o
    0x08001460   0x08001460   0x00000044   Code   RO         4246    i.IIC1_SendBit      iic1.o
    0x080014a4   0x080014a4   0x00000028   Code   RO         4247    i.IIC1_SendByte     iic1.o
    0x080014cc   0x080014cc   0x0000004c   Code   RO         4248    i.IIC1_StartBit     iic1.o
    0x08001518   0x08001518   0x0000003c   Code   RO         4249    i.IIC1_StopBit      iic1.o
    0x08001554   0x08001554   0x0000002c   Code   RO         4178    i.IIC_Init          iic.o
    0x08001580   0x08001580   0x0000005e   Code   RO         4179    i.IIC_ReadReg_Len   iic.o
    0x080015de   0x080015de   0x00000002   PAD
    0x080015e0   0x080015e0   0x00000050   Code   RO         4180    i.IIC_ReceiveBit    iic.o
    0x08001630   0x08001630   0x0000002c   Code   RO         4181    i.IIC_ReceiveByte   iic.o
    0x0800165c   0x0800165c   0x00000048   Code   RO         4182    i.IIC_SendBit       iic.o
    0x080016a4   0x080016a4   0x00000028   Code   RO         4183    i.IIC_SendByte      iic.o
    0x080016cc   0x080016cc   0x00000050   Code   RO         4184    i.IIC_StartBit      iic.o
    0x0800171c   0x0800171c   0x00000040   Code   RO         4185    i.IIC_StopBit       iic.o
    0x0800175c   0x0800175c   0x0000003c   Code   RO         4422    i.Light_Init        light.o
    0x08001798   0x08001798   0x00000024   Code   RO         4423    i.Light_Off         light.o
    0x080017bc   0x080017bc   0x00000024   Code   RO         4424    i.Light_On          light.o
    0x080017e0   0x080017e0   0x00000022   Code   RO         4425    i.Light_alarm       light.o
    0x08001802   0x08001802   0x00000002   PAD
    0x08001804   0x08001804   0x0000005c   Code   RO         4672    i.MPU6050_FallDetection  mpu6050.o
    0x08001860   0x08001860   0x0000003e   Code   RO         4673    i.MPU6050_GetAccelerometer  mpu6050.o
    0x0800189e   0x0800189e   0x00000002   PAD
    0x080018a0   0x080018a0   0x000000a4   Code   RO         4674    i.MPU6050_GetAngle  mpu6050.o
    0x08001944   0x08001944   0x000000bc   Code   RO         4675    i.MPU6050_GetCV     mpu6050.o
    0x08001a00   0x08001a00   0x00000048   Code   RO         4678    i.MPU6050_Init      mpu6050.o
    0x08001a48   0x08001a48   0x0000002e   Code   RO         4679    i.MPU6050_ReadReg   mpu6050.o
    0x08001a76   0x08001a76   0x00000032   Code   RO         4680    i.MPU6050_WriteReg  mpu6050.o
    0x08001aa8   0x08001aa8   0x00000002   Code   RO          244    i.MemManage_Handler  stm32f10x_it.o
    0x08001aaa   0x08001aaa   0x00000002   Code   RO          245    i.NMI_Handler       stm32f10x_it.o
    0x08001aac   0x08001aac   0x00000064   Code   RO          333    i.NVIC_Init         misc.o
    0x08001b10   0x08001b10   0x00000014   Code   RO          334    i.NVIC_PriorityGroupConfig  misc.o
    0x08001b24   0x08001b24   0x000000a8   Code   RO         4735    i.PEC_Calculation   gy906.o
    0x08001bcc   0x08001bcc   0x00000006   Code   RO         4598    i.Psen_Get_One_Value  psen.o
    0x08001bd2   0x08001bd2   0x00000002   PAD
    0x08001bd4   0x08001bd4   0x0000000c   Code   RO         4600    i.Psen_Init         psen.o
    0x08001be0   0x08001be0   0x00000006   Code   RO         4625    i.Pulse_Get_One_Value  pulse.o
    0x08001be6   0x08001be6   0x00000068   Code   RO         4626    i.Pulse_Get_Value   pulse.o
    0x08001c4e   0x08001c4e   0x00000002   PAD
    0x08001c50   0x08001c50   0x0000006c   Code   RO         4627    i.Pulse_Init        pulse.o
    0x08001cbc   0x08001cbc   0x00000014   Code   RO         1922    i.RCC_ADCCLKConfig  stm32f10x_rcc.o
    0x08001cd0   0x08001cd0   0x00000018   Code   RO         1924    i.RCC_APB1PeriphClockCmd  stm32f10x_rcc.o
    0x08001ce8   0x08001ce8   0x00000018   Code   RO         1925    i.RCC_APB1PeriphResetCmd  stm32f10x_rcc.o
    0x08001d00   0x08001d00   0x00000018   Code   RO         1926    i.RCC_APB2PeriphClockCmd  stm32f10x_rcc.o
    0x08001d18   0x08001d18   0x00000018   Code   RO         1927    i.RCC_APB2PeriphResetCmd  stm32f10x_rcc.o
    0x08001d30   0x08001d30   0x00000094   Code   RO         1934    i.RCC_GetClocksFreq  stm32f10x_rcc.o
    0x08001dc4   0x08001dc4   0x000000a8   Code   RO          286    i.SetSysClockTo72   system_stm32f10x.o
    0x08001e6c   0x08001e6c   0x00000010   Code   RO         4519    i.Syn_Init          syn_6288.o
    0x08001e7c   0x08001e7c   0x00000088   Code   RO         4521    i.Syn_Voice         syn_6288.o
    0x08001f04   0x08001f04   0x00000018   Code   RO          337    i.SysTick_CLKSourceConfig  misc.o
    0x08001f1c   0x08001f1c   0x0000002c   Code   RO         3877    i.SysTick_Handler   port.o
    0x08001f48   0x08001f48   0x00000050   Code   RO          288    i.SystemInit        system_stm32f10x.o
    0x08001f98   0x08001f98   0x00000014   Code   RO         2555    i.TIM_Cmd           stm32f10x_tim.o
    0x08001fac   0x08001fac   0x00000080   Code   RO         2589    i.TIM_OC2Init       stm32f10x_tim.o
    0x0800202c   0x0800202c   0x00000014   Code   RO         2602    i.TIM_OCStructInit  stm32f10x_tim.o
    0x08002040   0x08002040   0x0000009c   Code   RO         2626    i.TIM_TimeBaseInit  stm32f10x_tim.o
    0x080020dc   0x080020dc   0x00000064   Code   RO         4024    i.USART1_IRQHandler  usart.o
    0x08002140   0x08002140   0x0000000c   Code   RO         4522    i.USART2_IRQHandler  syn_6288.o
    0x0800214c   0x0800214c   0x00000028   Code   RO         4025    i.USART3_IRQHandler  usart.o
    0x08002174   0x08002174   0x00000014   Code   RO         3078    i.USART_Cmd         stm32f10x_usart.o
    0x08002188   0x08002188   0x00000074   Code   RO         3080    i.USART_DeInit      stm32f10x_usart.o
    0x080021fc   0x080021fc   0x0000003e   Code   RO         3082    i.USART_GetITStatus  stm32f10x_usart.o
    0x0800223a   0x0800223a   0x00000030   Code   RO         3084    i.USART_ITConfig    stm32f10x_usart.o
    0x0800226a   0x0800226a   0x00000002   PAD
    0x0800226c   0x0800226c   0x000000ac   Code   RO         3085    i.USART_Init        stm32f10x_usart.o
    0x08002318   0x08002318   0x00000008   Code   RO         3092    i.USART_ReceiveData  stm32f10x_usart.o
    0x08002320   0x08002320   0x00000002   Code   RO          246    i.UsageFault_Handler  stm32f10x_it.o
    0x08002322   0x08002322   0x00000002   PAD
    0x08002324   0x08002324   0x000000fc   Code   RO         4026    i.Usart_Init        usart.o
    0x08002420   0x08002420   0x0000000a   Code   RO         4027    i.Usart_SendData    usart.o
    0x0800242a   0x0800242a   0x00000014   Code   RO         4028    i.Usart_SendStr     usart.o
    0x0800243e   0x0800243e   0x00000002   PAD
    0x08002440   0x08002440   0x00000020   Code   RO         5034    i.__0printf         mc_w.l(printfa.o)
    0x08002460   0x08002460   0x00000028   Code   RO         5036    i.__0sprintf        mc_w.l(printfa.o)
    0x08002488   0x08002488   0x00000028   Code   RO         5110    i.__ARM_fpclassify  m_ws.l(fpclassify.o)
    0x080024b0   0x080024b0   0x000000aa   Code   RO         5112    i.__kernel_poly     m_ws.l(poly.o)
    0x0800255a   0x0800255a   0x00000006   Code   RO         5097    i.__mathlib_dbl_infnan  m_ws.l(dunder.o)
    0x08002560   0x08002560   0x00000004   Code   RO         5098    i.__mathlib_dbl_infnan2  m_ws.l(dunder.o)
    0x08002564   0x08002564   0x00000010   Code   RO         5102    i.__mathlib_dbl_underflow  m_ws.l(dunder.o)
    0x08002574   0x08002574   0x0000000e   Code   RO         5163    i.__scatterload_copy  mc_w.l(handlers.o)
    0x08002582   0x08002582   0x00000002   Code   RO         5164    i.__scatterload_null  mc_w.l(handlers.o)
    0x08002584   0x08002584   0x0000000e   Code   RO         5165    i.__scatterload_zeroinit  mc_w.l(handlers.o)
    0x08002592   0x08002592   0x00000002   PAD
    0x08002594   0x08002594   0x0000000c   Code   RO         5139    i.__set_errno       mc_w.l(errno.o)
    0x080025a0   0x080025a0   0x00000184   Code   RO         5041    i._fp_digits        mc_w.l(printfa.o)
    0x08002724   0x08002724   0x000006dc   Code   RO         5042    i._printf_core      mc_w.l(printfa.o)
    0x08002e00   0x08002e00   0x00000024   Code   RO         5043    i._printf_post_padding  mc_w.l(printfa.o)
    0x08002e24   0x08002e24   0x0000002e   Code   RO         5044    i._printf_pre_padding  mc_w.l(printfa.o)
    0x08002e52   0x08002e52   0x0000000a   Code   RO         5046    i._sputc            mc_w.l(printfa.o)
    0x08002e5c   0x08002e5c   0x00000220   Code   RO         5087    i.atan              m_ws.l(atan.o)
    0x0800307c   0x0800307c   0x00000180   Code   RO         4763    i.atan2             m_ws.l(atan2.o)
    0x080031fc   0x080031fc   0x00000040   Code   RO         4124    i.delay_init        delay.o
    0x0800323c   0x0800323c   0x0000000a   Code   RO         4125    i.delay_ms          delay.o
    0x08003246   0x08003246   0x00000002   PAD
    0x08003248   0x08003248   0x00000034   Code   RO         4126    i.delay_us          delay.o
    0x0800327c   0x0800327c   0x00000018   Code   RO         4030    i.fputc             usart.o
    0x08003294   0x08003294   0x0000001e   Code   RO         4628    i.get_Array_Max     pulse.o
    0x080032b2   0x080032b2   0x0000001e   Code   RO         4629    i.get_Array_Min     pulse.o
    0x080032d0   0x080032d0   0x00000034   Code   RO            2    i.main              main.o
    0x08003304   0x08003304   0x00000020   Code   RO         4031    i.nbiot_receive_process_event  usart.o
    0x08003324   0x08003324   0x00000070   Code   RO         3579    i.prvAddCurrentTaskToDelayedList  tasks.o
    0x08003394   0x08003394   0x000000d0   Code   RO         3580    i.prvAddNewTaskToReadyList  tasks.o
    0x08003464   0x08003464   0x00000054   Code   RO         3581    i.prvCheckTasksWaitingTermination  tasks.o
    0x080034b8   0x080034b8   0x00000014   Code   RO         3582    i.prvDeleteTCB      tasks.o
    0x080034cc   0x080034cc   0x0000004c   Code   RO         3947    i.prvHeapInit       heap_4.o
    0x08003518   0x08003518   0x00000028   Code   RO         3583    i.prvIdleTask       tasks.o
    0x08003540   0x08003540   0x00000078   Code   RO         3584    i.prvInitialiseNewTask  tasks.o
    0x080035b8   0x080035b8   0x0000004c   Code   RO         3948    i.prvInsertBlockIntoFreeList  heap_4.o
    0x08003604   0x08003604   0x00000020   Code   RO         3585    i.prvResetNextTaskUnblockTime  tasks.o
    0x08003624   0x08003624   0x00000010   Code   RO         3878    i.prvTaskExitError  port.o
    0x08003634   0x08003634   0x000000d0   Code   RO         4630    i.pulse_Get_Heart_Rate  pulse.o
    0x08003704   0x08003704   0x00000098   Code   RO         3949    i.pvPortMalloc      heap_4.o
    0x0800379c   0x0800379c   0x00000024   Code   RO         3879    i.pxPortInitialiseStack  port.o
    0x080037c0   0x080037c0   0x0000004c   Code   RO         4781    i.sqrt              m_ws.l(sqrt.o)
    0x0800380c   0x0800380c   0x00000068   Code   RO         3588    i.ulTaskNotifyTake  tasks.o
    0x08003874   0x08003874   0x00000024   Code   RO         3411    i.uxListRemove      list.o
    0x08003898   0x08003898   0x000000b8   Code   RO            3    i.vAlarmTask        main.o
    0x08003950   0x08003950   0x000000e8   Code   RO            4    i.vDetectionDataTask  main.o
    0x08003a38   0x08003a38   0x0000003c   Code   RO            5    i.vDetectionFallTask  main.o
    0x08003a74   0x08003a74   0x0000010c   Code   RO            6    i.vInitTask         main.o
    0x08003b80   0x08003b80   0x00000016   Code   RO         3412    i.vListInitialise   list.o
    0x08003b96   0x08003b96   0x00000006   Code   RO         3413    i.vListInitialiseItem  list.o
    0x08003b9c   0x08003b9c   0x00000030   Code   RO         3414    i.vListInsert       list.o
    0x08003bcc   0x08003bcc   0x00000018   Code   RO         3415    i.vListInsertEnd    list.o
    0x08003be4   0x08003be4   0x0000001c   Code   RO         3881    i.vPortEnterCritical  port.o
    0x08003c00   0x08003c00   0x00000014   Code   RO         3882    i.vPortExitCritical  port.o
    0x08003c14   0x08003c14   0x00000040   Code   RO         3950    i.vPortFree         heap_4.o
    0x08003c54   0x08003c54   0x00000014   Code   RO         3883    i.vPortSetupTimerInterrupt  port.o
    0x08003c68   0x08003c68   0x00000030   Code   RO         3593    i.vTaskDelay        tasks.o
    0x08003c98   0x08003c98   0x00000098   Code   RO         3595    i.vTaskDelete       tasks.o
    0x08003d30   0x08003d30   0x00000054   Code   RO         3605    i.vTaskStartScheduler  tasks.o
    0x08003d84   0x08003d84   0x00000010   Code   RO         3607    i.vTaskSuspendAll   tasks.o
    0x08003d94   0x08003d94   0x00000044   Code   RO         3608    i.vTaskSwitchContext  tasks.o
    0x08003dd8   0x08003dd8   0x00000030   Code   RO         3884    i.xPortStartScheduler  port.o
    0x08003e08   0x08003e08   0x00000056   Code   RO         3610    i.xTaskCreate       tasks.o
    0x08003e5e   0x08003e5e   0x00000002   PAD
    0x08003e60   0x08003e60   0x000000a4   Code   RO         3611    i.xTaskGenericNotify  tasks.o
    0x08003f04   0x08003f04   0x000000b4   Code   RO         3616    i.xTaskIncrementTick  tasks.o
    0x08003fb8   0x08003fb8   0x000000b0   Code   RO         3622    i.xTaskResumeAll    tasks.o
    0x08004068   0x08004068   0x00000098   Data   RO         5088    .constdata          m_ws.l(atan.o)
    0x08004100   0x08004100   0x00000008   Data   RO         5114    .constdata          m_ws.l(qnan.o)
    0x08004108   0x08004108   0x00000014   Data   RO            7    .conststring        main.o
    0x0800411c   0x0800411c   0x00000098   Data   RO         4308    .conststring        bc26.o
    0x080041b4   0x080041b4   0x00000020   Data   RO         5161    Region$$Table       anon$$obj.o


    Execution Region ER_RW (Exec base: 0x20000000, Load base: 0x080041d4, Size: 0x00000218, Max: 0xffffffff, ABSOLUTE, COMPRESSED[0x0000011c])

    Exec Addr    Load Addr    Size         Type   Attr      Idx    E Section Name        Object

    0x20000000   COMPRESSED   0x000000a8   Data   RW            8    .data               main.o
    0x200000a8   COMPRESSED   0x00000014   Data   RW          289    .data               system_stm32f10x.o
    0x200000bc   COMPRESSED   0x00000014   Data   RW         1954    .data               stm32f10x_rcc.o
    0x200000d0   COMPRESSED   0x0000003c   Data   RW         3625    .data               tasks.o
    0x2000010c   COMPRESSED   0x00000004   Data   RW         3885    .data               port.o
    0x20000110   COMPRESSED   0x00000018   Data   RW         3955    .data               heap_4.o
    0x20000128   COMPRESSED   0x00000002   Data   RW         4034    .data               usart.o
    0x2000012a   COMPRESSED   0x00000002   PAD
    0x2000012c   COMPRESSED   0x00000004   Data   RW         4035    .data               usart.o
    0x20000130   COMPRESSED   0x00000001   Data   RW         4095    .data               adc.o
    0x20000131   COMPRESSED   0x00000001   Data   RW         4127    .data               delay.o
    0x20000132   COMPRESSED   0x00000002   PAD
    0x20000134   COMPRESSED   0x000000c2   Data   RW         4309    .data               bc26.o
    0x200001f6   COMPRESSED   0x00000001   Data   RW         4347    .data               beep.o
    0x200001f7   COMPRESSED   0x00000001   Data   RW         4426    .data               light.o
    0x200001f8   COMPRESSED   0x0000001a   Data   RW         4632    .data               pulse.o
    0x20000212   COMPRESSED   0x00000002   PAD
    0x20000214   COMPRESSED   0x00000004   Data   RW         5140    .data               mc_w.l(errno.o)


    Execution Region ER_ZI (Exec base: 0x20000218, Load base: 0x080042f0, Size: 0x00004be8, Max: 0xffffffff, ABSOLUTE)

    Exec Addr    Load Addr    Size         Type   Attr      Idx    E Section Name        Object

    0x20000218        -       0x000000c8   Zero   RW         3624    .bss                tasks.o
    0x200002e0        -       0x00004400   Zero   RW         3954    .bss                heap_4.o
    0x200046e0        -       0x000001d0   Zero   RW         4033    .bss                usart.o
    0x200048b0        -       0x00000100   Zero   RW         4307    .bss                bc26.o
    0x200049b0        -       0x00000050   Zero   RW         4631    .bss                pulse.o
    0x20004a00        -       0x00000400   Zero   RW          326    STACK               startup_stm32f10x_md.o


==============================================================================

Image component sizes


      Code (inc. data)   RO Data    RW Data    ZI Data      Debug   Object Name

       208         22          0          1          0       2136   adc.o
       640        158        152        194        256       3972   bc26.o
       280         32          0          1          0       1852   beep.o
         0          0          0          0          0         32   core_cm3.o
       126         18          0          1          0       1699   delay.o
       396         28          0          0          0      19555   dht.o
         0          0          0          0          0       1464   event_groups.o
        84         14          0          0          0        959   gpio.o
       364         12          0          0          0       2911   gy906.o
       368         24          0         24      17408       3651   heap_4.o
       518         22          0          0          0       4690   iic.o
       408         24          0          0          0       3935   iic1.o
       166         34          0          1          0       2294   light.o
       136          0          0          0          0       2846   list.o
       796        206         20        168          0     270488   main.o
       144         16          0          0          0     214329   misc.o
       674         32          0          0          0       4670   mpu6050.o
       362         46          0          4          0       8496   port.o
        18          4          0          0          0        833   psen.o
       486         22          0         26         80       4687   pulse.o
        36          8        304          0       1024        768   startup_stm32f10x_md.o
       364         22          0          0          0       8394   stm32f10x_adc.o
       276          6          0          0          0       4958   stm32f10x_gpio.o
        12          0          0          0          0       2305   stm32f10x_it.o
       264         46          0         20          0       5995   stm32f10x_rcc.o
       324         50          0          0          0       3893   stm32f10x_tim.o
       426         26          0          0          0       5677   stm32f10x_usart.o
       164         16          0          0          0       1959   syn_6288.o
       248         24          0         20          0       1617   system_stm32f10x.o
      1694        148          0         60        200      22992   tasks.o
       478         48          0          6        464       6443   usart.o

    ----------------------------------------------------------------------
     10490       1108        508        532      19432     620500   Object Totals
         0          0         32          0          0          0   (incl. Generated)
        30          0          0          6          0          0   (incl. Padding)

    ----------------------------------------------------------------------

      Code (inc. data)   RO Data    RW Data    ZI Data      Debug   Library Member Name

       544         70        152          0          0        124   atan.o
       384         38          0          0          0        144   atan2.o
        26          6          0          0          0        204   dunder.o
        40          0          0          0          0         68   fpclassify.o
       170          0          0          0          0         96   poly.o
         0          0          8          0          0          0   qnan.o
        76          0          0          0          0         84   sqrt.o
        86          0          0          0          0          0   __dczerorl2.o
         0          0          0          0          0          0   entry.o
         0          0          0          0          0          0   entry10a.o
         0          0          0          0          0          0   entry11a.o
         8          4          0          0          0          0   entry2.o
         4          0          0          0          0          0   entry5.o
         0          0          0          0          0          0   entry7b.o
         0          0          0          0          0          0   entry8b.o
         8          4          0          0          0          0   entry9a.o
        12          6          0          4          0         68   errno.o
        30          0          0          0          0          0   handlers.o
        36          8          0          0          0         68   init.o
         0          0          0          0          0          0   iusefp.o
        30          0          0          0          0         68   llshl.o
        36          0          0          0          0         68   llsshr.o
        32          0          0          0          0         68   llushr.o
        36          0          0          0          0         68   memcpya.o
        36          0          0          0          0        108   memseta.o
      2308         96          0          0          0        604   printfa.o
        14          0          0          0          0         68   strlen.o
        36          0          0          0          0         80   strstr.o
        44          0          0          0          0         80   uidiv.o
        98          0          0          0          0         92   uldiv.o
        48          0          0          0          0         68   cdcmple.o
        48          0          0          0          0         68   cdrcmple.o
        56          0          0          0          0         88   d2f.o
       334          0          0          0          0        148   dadd.o
       222          0          0          0          0        100   ddiv.o
       186          0          0          0          0        176   depilogue.o
        48          0          0          0          0         68   dfixul.o
        34          0          0          0          0         76   dflti.o
        26          0          0          0          0         76   dfltui.o
       228          0          0          0          0         96   dmul.o
        46          0          0          0          0         80   dscalb.o
       162          0          0          0          0        100   dsqrt.o
        38          0          0          0          0         68   f2d.o
       110          0          0          0          0        168   fepilogue.o
        10          0          0          0          0         68   ffltui.o

    ----------------------------------------------------------------------
      5694        232        160          4          0       3608   Library Totals
         4          0          0          0          0          0   (incl. Padding)

    ----------------------------------------------------------------------

      Code (inc. data)   RO Data    RW Data    ZI Data      Debug   Library Name

      1240        114        160          0          0        720   m_ws.l
      2854        118          0          4          0       1440   mc_w.l
      1596          0          0          0          0       1448   mf_w.l

    ----------------------------------------------------------------------
      5694        232        160          4          0       3608   Library Totals

    ----------------------------------------------------------------------

==============================================================================


      Code (inc. data)   RO Data    RW Data    ZI Data      Debug   

     16184       1340        668        536      19432     614616   Grand Totals
     16184       1340        668        284      19432     614616   ELF Image Totals (compressed)
     16184       1340        668        284          0          0   ROM Totals

==============================================================================

    Total RO  Size (Code + RO Data)                16852 (  16.46kB)
    Total RW  Size (RW Data + ZI Data)             19968 (  19.50kB)
    Total ROM Size (Code + RO Data + RW Data)      17136 (  16.73kB)

==============================================================================

