Component: ARM Compiler 5.06 update 6 (build 750) Tool: armlink [4d35ed]

==============================================================================

Section Cross References

    main.o(i.main) refers to pwm.o(i.PWM_Init) for PWM_Init
    main.o(i.main) refers to usart.o(i.uart_init) for uart_init
    main.o(i.main) refers to usart.o(i.USART2_init) for USART2_init
    main.o(i.main) refers to delay.o(i.delay_init) for delay_init
    main.o(i.main) refers to pwm.o(i.PWM_SetCompare_x) for PWM_SetCompare_x
    main.o(i.main) refers to pwm.o(i.PWM_SetCompare_y) for PWM_SetCompare_y
    main.o(i.main) refers to delay.o(i.delay_ms) for delay_ms
    main.o(i.main) refers to main.o(.data) for .data
    system_stm32f10x.o(i.SystemCoreClockUpdate) refers to system_stm32f10x.o(.data) for .data
    system_stm32f10x.o(i.SystemInit) refers to system_stm32f10x.o(i.SetSysClockTo72) for SetSysClockTo72
    bsp_i2c_gpio.o(i.Ack_I2c) refers to bsp_i2c_gpio.o(i.i2c_Delay) for i2c_Delay
    bsp_i2c_gpio.o(i.I2C_RcvByte) refers to bsp_i2c_gpio.o(i.i2c_Delay) for i2c_Delay
    bsp_i2c_gpio.o(i.I2C_SendByte) refers to bsp_i2c_gpio.o(i.i2c_Delay) for i2c_Delay
    bsp_i2c_gpio.o(i.I2C_SendByte) refers to bsp_i2c_gpio.o(.data) for .data
    bsp_i2c_gpio.o(i.IIC_Servo) refers to bsp_i2c_gpio.o(i.Start_I2c) for Start_I2c
    bsp_i2c_gpio.o(i.IIC_Servo) refers to bsp_i2c_gpio.o(i.I2C_SendByte) for I2C_SendByte
    bsp_i2c_gpio.o(i.IIC_Servo) refers to bsp_i2c_gpio.o(i.Stop_I2c) for Stop_I2c
    bsp_i2c_gpio.o(i.IIC_Servo) refers to delay.o(i.delay_ms) for delay_ms
    bsp_i2c_gpio.o(i.IIC_Servo) refers to bsp_i2c_gpio.o(.data) for .data
    bsp_i2c_gpio.o(i.Start_I2c) refers to bsp_i2c_gpio.o(i.i2c_Delay) for i2c_Delay
    bsp_i2c_gpio.o(i.Stop_I2c) refers to bsp_i2c_gpio.o(i.i2c_Delay) for i2c_Delay
    bsp_i2c_gpio.o(i.delay) refers to bsp_i2c_gpio.o(i.i2c_Delay) for i2c_Delay
    bsp_i2c_gpio.o(i.i2c_CfgGpio) refers to stm32f10x_rcc.o(i.RCC_APB2PeriphClockCmd) for RCC_APB2PeriphClockCmd
    bsp_i2c_gpio.o(i.i2c_CfgGpio) refers to stm32f10x_gpio.o(i.GPIO_Init) for GPIO_Init
    pid.o(i.PID_x) refers to faddsub_clz.o(x$fpl$fsub) for __aeabi_fsub
    pid.o(i.PID_x) refers to faddsub_clz.o(x$fpl$fadd) for __aeabi_fadd
    pid.o(i.PID_x) refers to fmul.o(x$fpl$fmul) for __aeabi_fmul
    pid.o(i.PID_x) refers to pid.o(.data) for .data
    pid.o(i.PID_y) refers to _printf_percent.o(.ARM.Collect$$_printf_percent$$00000000) for _printf_percent
    pid.o(i.PID_y) refers to _printf_f.o(.ARM.Collect$$_printf_percent$$00000003) for _printf_f
    pid.o(i.PID_y) refers to printf1.o(x$fpl$printf1) for _printf_fp_dec
    pid.o(i.PID_y) refers to fflt_clz.o(x$fpl$fflt) for __aeabi_i2f
    pid.o(i.PID_y) refers to f2d.o(x$fpl$f2d) for __aeabi_f2d
    pid.o(i.PID_y) refers to noretval__2printf.o(.text) for __2printf
    pid.o(i.PID_y) refers to faddsub_clz.o(x$fpl$fadd) for __aeabi_fadd
    pid.o(i.PID_y) refers to faddsub_clz.o(x$fpl$fsub) for __aeabi_fsub
    pid.o(i.PID_y) refers to fmul.o(x$fpl$fmul) for __aeabi_fmul
    pid.o(i.PID_y) refers to ffixu.o(x$fpl$ffixu) for __aeabi_f2uiz
    pid.o(i.PID_y) refers to pid.o(.data) for .data
    pwm.o(i.PWM_Init) refers to stm32f10x_rcc.o(i.RCC_APB1PeriphClockCmd) for RCC_APB1PeriphClockCmd
    pwm.o(i.PWM_Init) refers to stm32f10x_rcc.o(i.RCC_APB2PeriphClockCmd) for RCC_APB2PeriphClockCmd
    pwm.o(i.PWM_Init) refers to stm32f10x_gpio.o(i.GPIO_Init) for GPIO_Init
    pwm.o(i.PWM_Init) refers to stm32f10x_tim.o(i.TIM_InternalClockConfig) for TIM_InternalClockConfig
    pwm.o(i.PWM_Init) refers to stm32f10x_tim.o(i.TIM_TimeBaseInit) for TIM_TimeBaseInit
    pwm.o(i.PWM_Init) refers to stm32f10x_tim.o(i.TIM_OCStructInit) for TIM_OCStructInit
    pwm.o(i.PWM_Init) refers to stm32f10x_tim.o(i.TIM_OC1Init) for TIM_OC1Init
    pwm.o(i.PWM_Init) refers to stm32f10x_tim.o(i.TIM_OC2Init) for TIM_OC2Init
    pwm.o(i.PWM_Init) refers to stm32f10x_tim.o(i.TIM_Cmd) for TIM_Cmd
    pwm.o(i.PWM_SetCompare_x) refers to stm32f10x_tim.o(i.TIM_SetCompare2) for TIM_SetCompare2
    pwm.o(i.PWM_SetCompare_y) refers to stm32f10x_tim.o(i.TIM_SetCompare1) for TIM_SetCompare1
    pwm.o(i.Servo_SetAngle_x) refers to fdiv.o(x$fpl$fdiv) for __aeabi_fdiv
    pwm.o(i.Servo_SetAngle_x) refers to fmul.o(x$fpl$fmul) for __aeabi_fmul
    pwm.o(i.Servo_SetAngle_x) refers to faddsub_clz.o(x$fpl$fadd) for __aeabi_fadd
    pwm.o(i.Servo_SetAngle_x) refers to ffixu.o(x$fpl$ffixu) for __aeabi_f2uiz
    pwm.o(i.Servo_SetAngle_x) refers to pwm.o(i.PWM_SetCompare_x) for PWM_SetCompare_x
    pwm.o(i.Servo_SetAngle_y) refers to fdiv.o(x$fpl$fdiv) for __aeabi_fdiv
    pwm.o(i.Servo_SetAngle_y) refers to fmul.o(x$fpl$fmul) for __aeabi_fmul
    pwm.o(i.Servo_SetAngle_y) refers to faddsub_clz.o(x$fpl$fadd) for __aeabi_fadd
    pwm.o(i.Servo_SetAngle_y) refers to ffixu.o(x$fpl$ffixu) for __aeabi_f2uiz
    pwm.o(i.Servo_SetAngle_y) refers to pwm.o(i.PWM_SetCompare_y) for PWM_SetCompare_y
[...]
    Removing stm32f10x_gpio.o(i.GPIO_WriteBit), (10 bytes).
    Removing stm32f10x_rcc.o(i.RCC_ADCCLKConfig), (20 bytes).
    Removing stm32f10x_rcc.o(i.RCC_AHBPeriphClockCmd), (24 bytes).
    Removing stm32f10x_rcc.o(i.RCC_APB1PeriphResetCmd), (24 bytes).
    Removing stm32f10x_rcc.o(i.RCC_APB2PeriphResetCmd), (24 bytes).
    Removing stm32f10x_rcc.o(i.RCC_AdjustHSICalibrationValue), (20 bytes).
    Removing stm32f10x_rcc.o(i.RCC_BackupResetCmd), (12 bytes).
    Removing stm32f10x_rcc.o(i.RCC_ClearFlag), (16 bytes).
    Removing stm32f10x_rcc.o(i.RCC_ClearITPendingBit), (12 bytes).
    Removing stm32f10x_rcc.o(i.RCC_ClockSecuritySystemCmd), (12 bytes).
    Removing stm32f10x_rcc.o(i.RCC_DeInit), (64 bytes).
    Removing stm32f10x_rcc.o(i.RCC_GetFlagStatus), (48 bytes).
    Removing stm32f10x_rcc.o(i.RCC_GetITStatus), (20 bytes).
    Removing stm32f10x_rcc.o(i.RCC_GetSYSCLKSource), (16 bytes).
    Removing stm32f10x_rcc.o(i.RCC_HCLKConfig), (20 bytes).
    Removing stm32f10x_rcc.o(i.RCC_HSEConfig), (52 bytes).
    Removing stm32f10x_rcc.o(i.RCC_HSICmd), (12 bytes).
    Removing stm32f10x_rcc.o(i.RCC_ITConfig), (24 bytes).
    Removing stm32f10x_rcc.o(i.RCC_LSEConfig), (32 bytes).
    Removing stm32f10x_rcc.o(i.RCC_LSICmd), (12 bytes).
    Removing stm32f10x_rcc.o(i.RCC_MCOConfig), (12 bytes).
    Removing stm32f10x_rcc.o(i.RCC_PCLK1Config), (20 bytes).
    Removing stm32f10x_rcc.o(i.RCC_PCLK2Config), (20 bytes).
    Removing stm32f10x_rcc.o(i.RCC_PLLCmd), (12 bytes).
    Removing stm32f10x_rcc.o(i.RCC_PLLConfig), (20 bytes).
    Removing stm32f10x_rcc.o(i.RCC_RTCCLKCmd), (12 bytes).
    Removing stm32f10x_rcc.o(i.RCC_RTCCLKConfig), (16 bytes).
    Removing stm32f10x_rcc.o(i.RCC_SYSCLKConfig), (20 bytes).
    Removing stm32f10x_rcc.o(i.RCC_USBCLKConfig), (12 bytes).
    Removing stm32f10x_rcc.o(i.RCC_WaitForHSEStartUp), (44 bytes).
    Removing stm32f10x_usart.o(i.USART_ClearFlag), (6 bytes).
    Removing stm32f10x_usart.o(i.USART_ClockInit), (30 bytes).
    Removing stm32f10x_usart.o(i.USART_ClockStructInit), (12 bytes).
    Removing stm32f10x_usart.o(i.USART_DMACmd), (16 bytes).
    Removing stm32f10x_usart.o(i.USART_DeInit), (116 bytes).
    Removing stm32f10x_usart.o(i.USART_GetFlagStatus), (14 bytes).
    Removing stm32f10x_usart.o(i.USART_HalfDuplexCmd), (20 bytes).
    Removing stm32f10x_usart.o(i.USART_IrDACmd), (20 bytes).
    Removing stm32f10x_usart.o(i.USART_IrDAConfig), (16 bytes).
    Removing stm32f10x_usart.o(i.USART_LINBreakDetectLengthConfig), (16 bytes).
    Removing stm32f10x_usart.o(i.USART_LINCmd), (20 bytes).
    Removing stm32f10x_usart.o(i.USART_OneBitMethodCmd), (20 bytes).
    Removing stm32f10x_usart.o(i.USART_OverSampling8Cmd), (20 bytes).
    Removing stm32f10x_usart.o(i.USART_ReceiverWakeUpCmd), (20 bytes).
    Removing stm32f10x_usart.o(i.USART_SendBreak), (10 bytes).
    Removing stm32f10x_usart.o(i.USART_SendData), (8 bytes).
    Removing stm32f10x_usart.o(i.USART_SetAddress), (16 bytes).
    Removing stm32f10x_usart.o(i.USART_SetGuardTime), (16 bytes).
    Removing stm32f10x_usart.o(i.USART_SetPrescaler), (16 bytes).
    Removing stm32f10x_usart.o(i.USART_SmartCardCmd), (20 bytes).
    Removing stm32f10x_usart.o(i.USART_SmartCardNACKCmd), (20 bytes).
    Removing stm32f10x_usart.o(i.USART_StructInit), (22 bytes).
    Removing stm32f10x_usart.o(i.USART_WakeUpConfig), (16 bytes).
    Removing misc.o(i.NVIC_SetVectorTable), (20 bytes).
    Removing misc.o(i.NVIC_SystemLPConfig), (24 bytes).
    Removing stm32f10x_spi.o(i.I2S_Cmd), (20 bytes).
    Removing stm32f10x_spi.o(i.I2S_Init), (150 bytes).
    Removing stm32f10x_spi.o(i.I2S_StructInit), (18 bytes).
    Removing stm32f10x_spi.o(i.SPI_BiDirectionalLineConfig), (22 bytes).
    Removing stm32f10x_spi.o(i.SPI_CalculateCRC), (20 bytes).
    Removing stm32f10x_spi.o(i.SPI_Cmd), (20 bytes).
    Removing stm32f10x_spi.o(i.SPI_DataSizeConfig), (16 bytes).
    Removing stm32f10x_spi.o(i.SPI_GetCRC), (12 bytes).
    Removing stm32f10x_spi.o(i.SPI_GetCRCPolynomial), (4 bytes).
    Removing stm32f10x_spi.o(i.SPI_I2S_ClearFlag), (6 bytes).
    Removing stm32f10x_spi.o(i.SPI_I2S_ClearITPendingBit), (14 bytes).
    Removing stm32f10x_spi.o(i.SPI_I2S_DMACmd), (16 bytes).
    Removing stm32f10x_spi.o(i.SPI_I2S_DeInit), (84 bytes).
    Removing stm32f10x_spi.o(i.SPI_I2S_GetFlagStatus), (14 bytes).
    Removing stm32f10x_spi.o(i.SPI_I2S_GetITStatus), (44 bytes).
    Removing stm32f10x_spi.o(i.SPI_I2S_ITConfig), (24 bytes).
    Removing stm32f10x_spi.o(i.SPI_I2S_ReceiveData), (4 bytes).
    Removing stm32f10x_spi.o(i.SPI_I2S_SendData), (4 bytes).
    Removing stm32f10x_spi.o(i.SPI_Init), (56 bytes).
    Removing stm32f10x_spi.o(i.SPI_NSSInternalSoftwareConfig), (24 bytes).
    Removing stm32f10x_spi.o(i.SPI_SSOutputCmd), (20 bytes).
    Removing stm32f10x_spi.o(i.SPI_StructInit), (24 bytes).
    Removing stm32f10x_spi.o(i.SPI_TransmitCRC), (10 bytes).
    Removing stm32f10x_tim.o(i.TI1_Config), (108 bytes).
    Removing stm32f10x_tim.o(i.TI2_Config), (124 bytes).
    Removing stm32f10x_tim.o(i.TIM_ARRPreloadConfig), (20 bytes).
    Removing stm32f10x_tim.o(i.TIM_BDTRConfig), (34 bytes).
    Removing stm32f10x_tim.o(i.TIM_BDTRStructInit), (18 bytes).
    Removing stm32f10x_tim.o(i.TIM_CCPreloadControl), (20 bytes).
    Removing stm32f10x_tim.o(i.TIM_CCxCmd), (22 bytes).
    Removing stm32f10x_tim.o(i.TIM_CCxNCmd), (22 bytes).
    Removing stm32f10x_tim.o(i.TIM_ClearFlag), (6 bytes).
    Removing stm32f10x_tim.o(i.TIM_ClearITPendingBit), (6 bytes).
    Removing stm32f10x_tim.o(i.TIM_ClearOC1Ref), (12 bytes).
    Removing stm32f10x_tim.o(i.TIM_ClearOC2Ref), (20 bytes).
    Removing stm32f10x_tim.o(i.TIM_ClearOC3Ref), (12 bytes).
    Removing stm32f10x_tim.o(i.TIM_ClearOC4Ref), (20 bytes).
    Removing stm32f10x_tim.o(i.TIM_CounterModeConfig), (12 bytes).
    Removing stm32f10x_tim.o(i.TIM_CtrlPWMOutputs), (22 bytes).
    Removing stm32f10x_tim.o(i.TIM_DMACmd), (16 bytes).
    Removing stm32f10x_tim.o(i.TIM_DMAConfig), (8 bytes).
    Removing stm32f10x_tim.o(i.TIM_DeInit), (368 bytes).
    Removing stm32f10x_tim.o(i.TIM_ETRClockMode1Config), (18 bytes).
    Removing stm32f10x_tim.o(i.TIM_ETRClockMode2Config), (18 bytes).
    Removing stm32f10x_tim.o(i.TIM_ETRConfig), (24 bytes).
    Removing stm32f10x_tim.o(i.TIM_EncoderInterfaceConfig), (50 bytes).
    Removing stm32f10x_tim.o(i.TIM_ForcedOC1Config), (12 bytes).
    Removing stm32f10x_tim.o(i.TIM_ForcedOC2Config), (20 bytes).
    Removing stm32f10x_tim.o(i.TIM_ForcedOC3Config), (12 bytes).
    Removing stm32f10x_tim.o(i.TIM_ForcedOC4Config), (20 bytes).
    Removing stm32f10x_tim.o(i.TIM_GenerateEvent), (4 bytes).
    Removing stm32f10x_tim.o(i.TIM_GetCapture1), (4 bytes).
    Removing stm32f10x_tim.o(i.TIM_GetCapture2), (4 bytes).
    Removing stm32f10x_tim.o(i.TIM_GetCapture3), (4 bytes).
    Removing stm32f10x_tim.o(i.TIM_GetCapture4), (6 bytes).
    Removing stm32f10x_tim.o(i.TIM_GetCounter), (4 bytes).
    Removing stm32f10x_tim.o(i.TIM_GetFlagStatus), (14 bytes).
    Removing stm32f10x_tim.o(i.TIM_GetITStatus), (24 bytes).
    Removing stm32f10x_tim.o(i.TIM_GetPrescaler), (4 bytes).
    Removing stm32f10x_tim.o(i.TIM_ICInit), (300 bytes).
    Removing stm32f10x_tim.o(i.TIM_ICStructInit), (16 bytes).
    Removing stm32f10x_tim.o(i.TIM_ITConfig), (16 bytes).
    Removing stm32f10x_tim.o(i.TIM_ITRxExternalClockConfig), (18 bytes).
    Removing stm32f10x_tim.o(i.TIM_OC1FastConfig), (12 bytes).
    Removing stm32f10x_tim.o(i.TIM_OC1NPolarityConfig), (12 bytes).
    Removing stm32f10x_tim.o(i.TIM_OC1PolarityConfig), (12 bytes).
    Removing stm32f10x_tim.o(i.TIM_OC1PreloadConfig), (12 bytes).
    Removing stm32f10x_tim.o(i.TIM_OC2FastConfig), (20 bytes).
    Removing stm32f10x_tim.o(i.TIM_OC2NPolarityConfig), (20 bytes).
    Removing stm32f10x_tim.o(i.TIM_OC2PolarityConfig), (20 bytes).
    Removing stm32f10x_tim.o(i.TIM_OC2PreloadConfig), (20 bytes).
    Removing stm32f10x_tim.o(i.TIM_OC3FastConfig), (12 bytes).
    Removing stm32f10x_tim.o(i.TIM_OC3Init), (124 bytes).
    Removing stm32f10x_tim.o(i.TIM_OC3NPolarityConfig), (20 bytes).
    Removing stm32f10x_tim.o(i.TIM_OC3PolarityConfig), (20 bytes).
    Removing stm32f10x_tim.o(i.TIM_OC3PreloadConfig), (12 bytes).
    Removing stm32f10x_tim.o(i.TIM_OC4FastConfig), (20 bytes).
    Removing stm32f10x_tim.o(i.TIM_OC4Init), (100 bytes).
    Removing stm32f10x_tim.o(i.TIM_OC4PolarityConfig), (20 bytes).
    Removing stm32f10x_tim.o(i.TIM_OC4PreloadConfig), (20 bytes).
    Removing stm32f10x_tim.o(i.TIM_PWMIConfig), (108 bytes).
    Removing stm32f10x_tim.o(i.TIM_PrescalerConfig), (6 bytes).
    Removing stm32f10x_tim.o(i.TIM_SelectCCDMA), (20 bytes).
    Removing stm32f10x_tim.o(i.TIM_SelectCOM), (20 bytes).
    Removing stm32f10x_tim.o(i.TIM_SelectHallSensor), (20 bytes).
    Removing stm32f10x_tim.o(i.TIM_SelectInputTrigger), (12 bytes).
    Removing stm32f10x_tim.o(i.TIM_SelectMasterSlaveMode), (16 bytes).
    Removing stm32f10x_tim.o(i.TIM_SelectOCxM), (70 bytes).
    Removing stm32f10x_tim.o(i.TIM_SelectOnePulseMode), (16 bytes).
    Removing stm32f10x_tim.o(i.TIM_SelectOutputTrigger), (16 bytes).
    Removing stm32f10x_tim.o(i.TIM_SelectSlaveMode), (16 bytes).
    Removing stm32f10x_tim.o(i.TIM_SetAutoreload), (4 bytes).
    Removing stm32f10x_tim.o(i.TIM_SetClockDivision), (16 bytes).
    Removing stm32f10x_tim.o(i.TIM_SetCompare3), (4 bytes).
    Removing stm32f10x_tim.o(i.TIM_SetCompare4), (6 bytes).
    Removing stm32f10x_tim.o(i.TIM_SetCounter), (4 bytes).
    Removing stm32f10x_tim.o(i.TIM_SetIC1Prescaler), (16 bytes).
    Removing stm32f10x_tim.o(i.TIM_SetIC2Prescaler), (24 bytes).
    Removing stm32f10x_tim.o(i.TIM_SetIC3Prescaler), (16 bytes).
    Removing stm32f10x_tim.o(i.TIM_SetIC4Prescaler), (24 bytes).
    Removing stm32f10x_tim.o(i.TIM_TIxExternalClockConfig), (46 bytes).
    Removing stm32f10x_tim.o(i.TIM_TimeBaseStructInit), (18 bytes).
    Removing stm32f10x_tim.o(i.TIM_UpdateDisableConfig), (20 bytes).
    Removing stm32f10x_tim.o(i.TIM_UpdateRequestConfig), (20 bytes).
    Removing stm32f10x_dma.o(i.DMA_ClearFlag), (24 bytes).
    Removing stm32f10x_dma.o(i.DMA_ClearITPendingBit), (24 bytes).
    Removing stm32f10x_dma.o(i.DMA_Cmd), (22 bytes).
    Removing stm32f10x_dma.o(i.DMA_DeInit), (228 bytes).
    Removing stm32f10x_dma.o(i.DMA_GetCurrDataCounter), (6 bytes).
    Removing stm32f10x_dma.o(i.DMA_GetFlagStatus), (32 bytes).
    Removing stm32f10x_dma.o(i.DMA_GetITStatus), (32 bytes).
    Removing stm32f10x_dma.o(i.DMA_ITConfig), (16 bytes).
    Removing stm32f10x_dma.o(i.DMA_Init), (58 bytes).
    Removing stm32f10x_dma.o(i.DMA_SetCurrDataCounter), (4 bytes).
    Removing stm32f10x_dma.o(i.DMA_StructInit), (26 bytes).
    Removing stm32f10x_exti.o(i.EXTI_ClearFlag), (12 bytes).
    Removing stm32f10x_exti.o(i.EXTI_ClearITPendingBit), (12 bytes).
    Removing stm32f10x_exti.o(i.EXTI_DeInit), (36 bytes).
    Removing stm32f10x_exti.o(i.EXTI_GenerateSWInterrupt), (16 bytes).
    Removing stm32f10x_exti.o(i.EXTI_GetFlagStatus), (20 bytes).
    Removing stm32f10x_exti.o(i.EXTI_GetITStatus), (32 bytes).
    Removing stm32f10x_exti.o(i.EXTI_Init), (112 bytes).
    Removing stm32f10x_exti.o(i.EXTI_StructInit), (14 bytes).
    Removing malloc.o(i.mem_free), (68 bytes).
    Removing malloc.o(i.mem_init), (40 bytes).
    Removing malloc.o(i.mem_malloc), (104 bytes).
    Removing malloc.o(i.mem_perused), (44 bytes).
    Removing malloc.o(i.myfree), (20 bytes).
    Removing malloc.o(i.mymalloc), (28 bytes).
    Removing malloc.o(i.mymemcpy), (16 bytes).
    Removing malloc.o(i.mymemset), (12 bytes).
    Removing malloc.o(i.myrealloc), (52 bytes).
    Removing malloc.o(.bss), (8192 bytes).
    Removing malloc.o(.bss), (2340 bytes).
    Removing malloc.o(.constdata), (4 bytes).
    Removing malloc.o(.constdata), (4 bytes).
    Removing malloc.o(.constdata), (4 bytes).
    Removing malloc.o(.data), (20 bytes).

247 unused section(s) (total 17651 bytes) removed from the image.

==============================================================================

Image Symbol Table

    Local Symbols

    Symbol Name                              Value     Ov Type        Size  Object(Section)

    ../clib/angel/boardlib.s                 0x00000000   Number         0  boardinit3.o ABSOLUTE
    ../clib/angel/boardlib.s                 0x00000000   Number         0  boardinit2.o ABSOLUTE
    ../clib/angel/boardlib.s                 0x00000000   Number         0  boardinit1.o ABSOLUTE
    ../clib/angel/boardlib.s                 0x00000000   Number         0  boardshut.o ABSOLUTE
    ../clib/angel/dczerorl2.s                0x00000000   Number         0  __dczerorl2.o ABSOLUTE
    ../clib/angel/handlers.s                 0x00000000   Number         0  __scatter_zi.o ABSOLUTE
    ../clib/angel/kernel.s                   0x00000000   Number         0  rtexit2.o ABSOLUTE
    ../clib/angel/kernel.s                   0x00000000   Number         0  __rtentry2.o ABSOLUTE
    ../clib/angel/kernel.s                   0x00000000   Number         0  rtexit.o ABSOLUTE
    ../clib/angel/kernel.s                   0x00000000   Number         0  __rtentry.o ABSOLUTE
    ../clib/angel/kernel.s                   0x00000000   Number         0  __rtentry4.o ABSOLUTE
    ../clib/angel/rt.s                       0x00000000   Number         0  rt_locale_intlibspace.o ABSOLUTE
    ../clib/angel/rt.s                       0x00000000   Number         0  rt_locale.o ABSOLUTE
    ../clib/angel/rt.s                       0x00000000   Number         0  rt_raise.o ABSOLUTE
    ../clib/angel/scatter.s                  0x00000000   Number         0  __scatter.o ABSOLUTE
    ../clib/angel/startup.s                  0x00000000   Number         0  __main.o ABSOLUTE
    ../clib/angel/sys.s                      0x00000000   Number         0  sys_stackheap_outer.o ABSOLUTE
    ../clib/angel/sys.s                      0x00000000   Number         0  use_no_semi.o ABSOLUTE
    ../clib/angel/sys.s                      0x00000000   Number         0  use_no_semi_2.o ABSOLUTE
    ../clib/angel/sys.s                      0x00000000   Number         0  indicate_semi.o ABSOLUTE
    ../clib/angel/sys.s                      0x00000000   Number         0  libspace.o ABSOLUTE
    ../clib/angel/sysapp.c                   0x00000000   Number         0  sys_command.o ABSOLUTE
    ../clib/angel/sysapp.c                   0x00000000   Number         0  sys_wrch.o ABSOLUTE
    ../clib/armsys.c                         0x00000000   Number         0  _get_argv_nomalloc.o ABSOLUTE
    ../clib/armsys.c                         0x00000000   Number         0  argv_veneer.o ABSOLUTE
    ../clib/armsys.c                         0x00000000   Number         0  argv_veneer.o ABSOLUTE
    ../clib/armsys.c                         0x00000000   Number         0  no_argv.o ABSOLUTE
    ../clib/bigflt.c                         0x00000000   Number         0  bigflt0.o ABSOLUTE
    ../clib/btod.s                           0x00000000   Number         0  btod.o ABSOLUTE
    ../clib/heapalloc.c                      0x00000000   Number         0  hrguard.o ABSOLUTE
    ../clib/heapaux.c                        0x00000000   Number         0  heapauxi.o ABSOLUTE
    ../clib/libinit.s                        0x00000000   Number         0  libshutdown2.o ABSOLUTE
    ../clib/libinit.s                        0x00000000   Number         0  libinit2.o ABSOLUTE
    ../clib/libinit.s                        0x00000000   Number         0  libinit.o ABSOLUTE
    ../clib/libinit.s                        0x00000000   Number         0  libshutdown.o ABSOLUTE
    ../clib/locale.s                         0x00000000   Number         0  lc_numeric_c.o ABSOLUTE
    ../clib/longlong.s                       0x00000000   Number         0  lludiv10.o ABSOLUTE
    ../clib/memcpset.s                       0x00000000   Number         0  strcmpv7m.o ABSOLUTE
    ../clib/misc.s                           0x00000000   Number         0  printf_stubs.o ABSOLUTE
    ../clib/printf.c                         0x00000000   Number         0  __printf_flags_wp.o ABSOLUTE
    ../clib/printf.c                         0x00000000   Number         0  _printf_dec.o ABSOLUTE
    ../clib/printf.c                         0x00000000   Number         0  _printf_str.o ABSOLUTE
    ../clib/printf.c                         0x00000000   Number         0  _printf_intcommon.o ABSOLUTE
    ../clib/printf.c                         0x00000000   Number         0  __2printf.o ABSOLUTE
    ../clib/printf.c                         0x00000000   Number         0  __printf_flags_ss_wp.o ABSOLUTE
    ../clib/printf.c                         0x00000000   Number         0  __printf_ss_wp.o ABSOLUTE
    ../clib/printf.c                         0x00000000   Number         0  _printf_char_file.o ABSOLUTE
    ../clib/printf.c                         0x00000000   Number         0  __printf_nopercent.o ABSOLUTE
    ../clib/printf.c                         0x00000000   Number         0  _printf_fp_infnan.o ABSOLUTE
    ../clib/printf.c                         0x00000000   Number         0  _printf_pad.o ABSOLUTE
    ../clib/printf.c                         0x00000000   Number         0  _printf_char.o ABSOLUTE
    ../clib/printf.c                         0x00000000   Number         0  _printf_fp_dec.o ABSOLUTE
    ../clib/printf.c                         0x00000000   Number         0  _printf_hex_ptr.o ABSOLUTE
    ../clib/printf.c                         0x00000000   Number         0  _printf_hex_ll_ptr.o ABSOLUTE
    ../clib/printf.c                         0x00000000   Number         0  _printf_hex_int_ptr.o ABSOLUTE
    ../clib/printf.c                         0x00000000   Number         0  _printf_hex_int_ll.o ABSOLUTE
    ../clib/printf.c                         0x00000000   Number         0  __printf_wp.o ABSOLUTE
    ../clib/printf.c                         0x00000000   Number         0  __printf_flags_ss.o ABSOLUTE
    ../clib/printf.c                         0x00000000   Number         0  __printf_ss.o ABSOLUTE
    ../clib/printf.c                         0x00000000   Number         0  _printf_char_common.o ABSOLUTE
    ../clib/printf.c                         0x00000000   Number         0  __printf_flags.o ABSOLUTE
    ../clib/printf.c                         0x00000000   Number         0  _printf_hex_int.o ABSOLUTE
    ../clib/printf.c                         0x00000000   Number         0  _printf_hex_int_ll_ptr.o ABSOLUTE
    ../clib/printf.c                         0x00000000   Number         0  _printf_hex_ll.o ABSOLUTE
    ../clib/printf.c                         0x00000000   Number         0  __printf.o ABSOLUTE
    ../clib/printf.c                         0x00000000   Number         0  noretval__2printf.o ABSOLUTE
    ../clib/printf_percent.s                 0x00000000   Number         0  _printf_x.o ABSOLUTE
    ../clib/printf_percent.s                 0x00000000   Number         0  _printf_c.o ABSOLUTE
    ../clib/printf_percent.s                 0x00000000   Number         0  _printf_s.o ABSOLUTE
    ../clib/printf_percent.s                 0x00000000   Number         0  _printf_f.o ABSOLUTE
    ../clib/printf_percent.s                 0x00000000   Number         0  _printf_d.o ABSOLUTE
    ../clib/printf_percent.s                 0x00000000   Number         0  _printf_percent.o ABSOLUTE
    ../clib/printf_percent.s                 0x00000000   Number         0  _printf_u.o ABSOLUTE
    ../clib/printf_percent.s                 0x00000000   Number         0  _printf_percent_end.o ABSOLUTE
    ../clib/signal.c                         0x00000000   Number         0  __raise.o ABSOLUTE
    ../clib/signal.c                         0x00000000   Number         0  defsig_general.o ABSOLUTE
    ../clib/signal.c                         0x00000000   Number         0  defsig_exit.o ABSOLUTE
    ../clib/signal.c                         0x00000000   Number         0  defsig_fpe_inner.o ABSOLUTE
    ../clib/signal.c                         0x00000000   Number         0  defsig_rtred_inner.o ABSOLUTE
    ../clib/signal.c                         0x00000000   Number         0  defsig_stak_inner.o ABSOLUTE
    ../clib/signal.c                         0x00000000   Number         0  defsig_pvfn_inner.o ABSOLUTE
    ../clib/signal.c                         0x00000000   Number         0  defsig_cppl_inner.o ABSOLUTE
    ../clib/signal.c                         0x00000000   Number         0  defsig_segv_inner.o ABSOLUTE
    ../clib/signal.c                         0x00000000   Number         0  defsig_other.o ABSOLUTE
    ../clib/signal.c                         0x00000000   Number         0  defsig_abrt_inner.o ABSOLUTE
    ../clib/signal.c                         0x00000000   Number         0  defsig_rtmem_outer.o ABSOLUTE
    ../clib/signal.c                         0x00000000   Number         0  defsig_rtmem_formal.o ABSOLUTE
    ../clib/signal.c                         0x00000000   Number         0  defsig_rtmem_inner.o ABSOLUTE
    ../clib/signal.s                         0x00000000   Number         0  defsig.o ABSOLUTE
    ../clib/stdio.c                          0x00000000   Number         0  ferror_locked.o ABSOLUTE
    ../clib/stdio.c                          0x00000000   Number         0  ferror.o ABSOLUTE
    ../clib/stdlib.c                         0x00000000   Number         0  exit.o ABSOLUTE
    ../fplib/dretinf.s                       0x00000000   Number         0  dretinf.o ABSOLUTE
    ../fplib/f2d.s                           0x00000000   Number         0  f2d.o ABSOLUTE
    ../fplib/faddsub.s                       0x00000000   Number         0  faddsub_clz.o ABSOLUTE
    ../fplib/fdiv.s                          0x00000000   Number         0  fdiv.o ABSOLUTE
    ../fplib/ffixu.s                         0x00000000   Number         0  ffixu.o ABSOLUTE
    ../fplib/fflt.s                          0x00000000   Number         0  fflt_clz.o ABSOLUTE
    ../fplib/fmul.s                          0x00000000   Number         0  fmul.o ABSOLUTE
    ../fplib/fnaninf.s                       0x00000000   Number         0  fnaninf.o ABSOLUTE
    ../fplib/fpinit.s                        0x00000000   Number         0  fpinit.o ABSOLUTE
    ../fplib/fretinf.s                       0x00000000   Number         0  fretinf.o ABSOLUTE
    ../fplib/istatus.s                       0x00000000   Number         0  istatus.o ABSOLUTE
    ../fplib/printf1.s                       0x00000000   Number         0  printf1.o ABSOLUTE
    ../fplib/usenofp.s                       0x00000000   Number         0  usenofp.o ABSOLUTE
    ../mathlib/fpclassify.c                  0x00000000   Number         0  fpclassify.o ABSOLUTE
    ..\CORE\core_cm3.c                       0x00000000   Number         0  core_cm3.o ABSOLUTE
    ..\CORE\startup_stm32f10x_md.s           0x00000000   Number         0  startup_stm32f10x_md.o ABSOLUTE
    ..\HARDWARE\IIC\bsp_i2c_gpio.c           0x00000000   Number         0  bsp_i2c_gpio.o ABSOLUTE
    ..\HARDWARE\PID.c                        0x00000000   Number         0  pid.o ABSOLUTE
    ..\HARDWARE\PWM.c                        0x00000000   Number         0  pwm.o ABSOLUTE
    ..\MALLOC\malloc.c                       0x00000000   Number         0  malloc.o ABSOLUTE
    ..\STM32F10x_FWLib\src\misc.c            0x00000000   Number         0  misc.o ABSOLUTE
    ..\STM32F10x_FWLib\src\stm32f10x_dma.c   0x00000000   Number         0  stm32f10x_dma.o ABSOLUTE
    ..\STM32F10x_FWLib\src\stm32f10x_exti.c  0x00000000   Number         0  stm32f10x_exti.o ABSOLUTE
    ..\STM32F10x_FWLib\src\stm32f10x_gpio.c  0x00000000   Number         0  stm32f10x_gpio.o ABSOLUTE
    ..\STM32F10x_FWLib\src\stm32f10x_rcc.c   0x00000000   Number         0  stm32f10x_rcc.o ABSOLUTE
    ..\STM32F10x_FWLib\src\stm32f10x_spi.c   0x00000000   Number         0  stm32f10x_spi.o ABSOLUTE
    ..\STM32F10x_FWLib\src\stm32f10x_tim.c   0x00000000   Number         0  stm32f10x_tim.o ABSOLUTE
    ..\STM32F10x_FWLib\src\stm32f10x_usart.c 0x00000000   Number         0  stm32f10x_usart.o ABSOLUTE
    ..\SYSTEM\delay\delay.c                  0x00000000   Number         0  delay.o ABSOLUTE
    ..\SYSTEM\sys\sys.c                      0x00000000   Number         0  sys.o ABSOLUTE
    ..\SYSTEM\usart\usart.c                  0x00000000   Number         0  usart.o ABSOLUTE
    ..\USMART\usmart.c                       0x00000000   Number         0  usmart.o ABSOLUTE
    ..\USMART\usmart_config.c                0x00000000   Number         0  usmart_config.o ABSOLUTE
    ..\USMART\usmart_str.c                   0x00000000   Number         0  usmart_str.o ABSOLUTE
    ..\\CORE\\core_cm3.c                     0x00000000   Number         0  core_cm3.o ABSOLUTE
    ..\\SYSTEM\\sys\\sys.c                   0x00000000   Number         0  sys.o ABSOLUTE
    dc.s                                     0x00000000   Number         0  dc.o ABSOLUTE
    main.c                                   0x00000000   Number         0  main.o ABSOLUTE
    stm32f10x_it.c                           0x00000000   Number         0  stm32f10x_it.o ABSOLUTE
    system_stm32f10x.c                       0x00000000   Number         0  system_stm32f10x.o ABSOLUTE
    RESET                                    0x08000000   Section      236  startup_stm32f10x_md.o(RESET)
    !!!main                                  0x080000ec   Section        8  __main.o(!!!main)
    !!!scatter                               0x080000f4   Section       52  __scatter.o(!!!scatter)
    !!dczerorl2                              0x08000128   Section       90  __dczerorl2.o(!!dczerorl2)
    !!handler_zi                             0x08000184   Section       28  __scatter_zi.o(!!handler_zi)
    .ARM.Collect$$_printf_percent$$00000000  0x080001a0   Section        0  _printf_percent.o(.ARM.Collect$$_printf_percent$$00000000)
    .ARM.Collect$$_printf_percent$$00000009  0x080001a0   Section        6  _printf_d.o(.ARM.Collect$$_printf_percent$$00000009)
    .ARM.Collect$$_printf_percent$$0000000A  0x080001a6   Section        6  _printf_u.o(.ARM.Collect$$_printf_percent$$0000000A)
    .ARM.Collect$$_printf_percent$$0000000C  0x080001ac   Section        6  _printf_x.o(.ARM.Collect$$_printf_percent$$0000000C)
    .ARM.Collect$$_printf_percent$$00000013  0x080001b2   Section        6  _printf_c.o(.ARM.Collect$$_printf_percent$$00000013)
    .ARM.Collect$$_printf_percent$$00000014  0x080001b8   Section        6  _printf_s.o(.ARM.Collect$$_printf_percent$$00000014)
    .ARM.Collect$$_printf_percent$$00000017  0x080001be   Section        4  _printf_percent_end.o(.ARM.Collect$$_printf_percent$$00000017)
    .ARM.Collect$$libinit$$00000000          0x080001c2   Section        2  libinit.o(.ARM.Collect$$libinit$$00000000)
    .ARM.Collect$$libinit$$00000002          0x080001c4   Section        0  libinit2.o(.ARM.Collect$$libinit$$00000002)
    .ARM.Collect$$libinit$$00000004          0x080001c4   Section        0  libinit2.o(.ARM.Collect$$libinit$$00000004)
    .ARM.Collect$$libinit$$0000000A          0x080001c4   Section        0  libinit2.o(.ARM.Collect$$libinit$$0000000A)
    .ARM.Collect$$libinit$$0000000C          0x080001c4   Section        0  libinit2.o(.ARM.Collect$$libinit$$0000000C)
    .ARM.Collect$$libinit$$0000000E          0x080001c4   Section        0  libinit2.o(.ARM.Collect$$libinit$$0000000E)
    .ARM.Collect$$libinit$$00000011          0x080001c4   Section        0  libinit2.o(.ARM.Collect$$libinit$$00000011)
    .ARM.Collect$$libinit$$00000013          0x080001c4   Section        0  libinit2.o(.ARM.Collect$$libinit$$00000013)
    .ARM.Collect$$libinit$$00000015          0x080001c4   Section        0  libinit2.o(.ARM.Collect$$libinit$$00000015)
    .ARM.Collect$$libinit$$00000017          0x080001c4   Section        0  libinit2.o(.ARM.Collect$$libinit$$00000017)
    .ARM.Collect$$libinit$$00000019          0x080001c4   Section        0  libinit2.o(.ARM.Collect$$libinit$$00000019)
    .ARM.Collect$$libinit$$0000001B          0x080001c4   Section        0  libinit2.o(.ARM.Collect$$libinit$$0000001B)
    .ARM.Collect$$libinit$$0000001D          0x080001c4   Section        0  libinit2.o(.ARM.Collect$$libinit$$0000001D)
    .ARM.Collect$$libinit$$0000001F          0x080001c4   Section        0  libinit2.o(.ARM.Collect$$libinit$$0000001F)
    .ARM.Collect$$libinit$$00000021          0x080001c4   Section        0  libinit2.o(.ARM.Collect$$libinit$$00000021)
    .ARM.Collect$$libinit$$00000023          0x080001c4   Section        0  libinit2.o(.ARM.Collect$$libinit$$00000023)
    .ARM.Collect$$libinit$$00000025          0x080001c4   Section        0  libinit2.o(.ARM.Collect$$libinit$$00000025)
    .ARM.Collect$$libinit$$0000002C          0x080001c4   Section        0  libinit2.o(.ARM.Collect$$libinit$$0000002C)
    .ARM.Collect$$libinit$$0000002E          0x080001c4   Section        0  libinit2.o(.ARM.Collect$$libinit$$0000002E)
    .ARM.Collect$$libinit$$00000030          0x080001c4   Section        0  libinit2.o(.ARM.Collect$$libinit$$00000030)
    .ARM.Collect$$libinit$$00000032          0x080001c4   Section        0  libinit2.o(.ARM.Collect$$libinit$$00000032)
    .ARM.Collect$$libinit$$00000033          0x080001c4   Section        2  libinit2.o(.ARM.Collect$$libinit$$00000033)
    .ARM.Collect$$libshutdown$$00000000      0x080001c6   Section        2  libshutdown.o(.ARM.Collect$$libshutdown$$00000000)
    .ARM.Collect$$libshutdown$$00000002      0x080001c8   Section        0  libshutdown2.o(.ARM.Collect$$libshutdown$$00000002)
    .ARM.Collect$$libshutdown$$00000004      0x080001c8   Section        0  libshutdown2.o(.ARM.Collect$$libshutdown$$00000004)
    .ARM.Collect$$libshutdown$$00000007      0x080001c8   Section        0  libshutdown2.o(.ARM.Collect$$libshutdown$$00000007)
    .ARM.Collect$$libshutdown$$0000000A      0x080001c8   Section        0  libshutdown2.o(.ARM.Collect$$libshutdown$$0000000A)
    .ARM.Collect$$libshutdown$$0000000C      0x080001c8   Section        0  libshutdown2.o(.ARM.Collect$$libshutdown$$0000000C)
    .ARM.Collect$$libshutdown$$0000000F      0x080001c8   Section        0  libshutdown2.o(.ARM.Collect$$libshutdown$$0000000F)
    .ARM.Collect$$libshutdown$$00000010      0x080001c8   Section        2  libshutdown2.o(.ARM.Collect$$libshutdown$$00000010)
    .ARM.Collect$$rtentry$$00000000          0x080001ca   Section        0  __rtentry.o(.ARM.Collect$$rtentry$$00000000)
    .ARM.Collect$$rtentry$$00000002          0x080001ca   Section        0  __rtentry2.o(.ARM.Collect$$rtentry$$00000002)
    .ARM.Collect$$rtentry$$00000004          0x080001ca   Section        6  __rtentry4.o(.ARM.Collect$$rtentry$$00000004)
    .ARM.Collect$$rtentry$$00000009          0x080001d0   Section        0  __rtentry2.o(.ARM.Collect$$rtentry$$00000009)
    .ARM.Collect$$rtentry$$0000000A          0x080001d0   Section        4  __rtentry2.o(.ARM.Collect$$rtentry$$0000000A)
    .ARM.Collect$$rtentry$$0000000C          0x080001d4   Section        0  __rtentry2.o(.ARM.Collect$$rtentry$$0000000C)
    .ARM.Collect$$rtentry$$0000000D          0x080001d4   Section        8  __rtentry2.o(.ARM.Collect$$rtentry$$0000000D)
    .ARM.Collect$$rtexit$$00000000           0x080001dc   Section        2  rtexit.o(.ARM.Collect$$rtexit$$00000000)
    .ARM.Collect$$rtexit$$00000002           0x080001de   Section        0  rtexit2.o(.ARM.Collect$$rtexit$$00000002)
    .ARM.Collect$$rtexit$$00000003           0x080001de   Section        4  rtexit2.o(.ARM.Collect$$rtexit$$00000003)
    .ARM.Collect$$rtexit$$00000004           0x080001e2   Section        6  rtexit2.o(.ARM.Collect$$rtexit$$00000004)
    .text                                    0x080001e8   Section       64  startup_stm32f10x_md.o(.text)
    .text                                    0x08000228   Section        2  use_no_semi_2.o(.text)
    .text                                    0x0800022c   Section        0  noretval__2printf.o(.text)
    .text                                    0x08000244   Section        0  _printf_pad.o(.text)
    .text                                    0x08000292   Section        0  _printf_str.o(.text)
    .text                                    0x080002e4   Section        0  _printf_dec.o(.text)
    .text                                    0x0800035c   Section        0  _printf_hex_int.o(.text)
    .text                                    0x080003b4   Section        0  __printf_flags_ss_wp.o(.text)
    .text                                    0x0800053c   Section        0  heapauxi.o(.text)
    .text                                    0x08000542   Section        2  use_no_semi.o(.text)
    .text                                    0x08000544   Section        0  _printf_intcommon.o(.text)
    .text                                    0x080005f6   Section        0  _printf_char.o(.text)
    .text                                    0x08000624   Section        0  _printf_char_file.o(.text)
    .text                                    0x08000648   Section        0  _printf_char_common.o(.text)
    _printf_input_char                       0x08000649   Thumb Code    10  _printf_char_common.o(.text)
    .text                                    0x08000678   Section        0  ferror.o(.text)
    .text                                    0x08000680   Section        8  libspace.o(.text)
    .text                                    0x08000688   Section       74  sys_stackheap_outer.o(.text)
    .text                                    0x080006d2   Section        0  exit.o(.text)
    i.BusFault_Handler                       0x080006e4   Section        0  stm32f10x_it.o(i.BusFault_Handler)
    i.DebugMon_Handler                       0x080006e6   Section        0  stm32f10x_it.o(i.DebugMon_Handler)
    i.GPIO_Init                              0x080006e8   Section        0  stm32f10x_gpio.o(i.GPIO_Init)
    i.HardFault_Handler                      0x08000784   Section        0  stm32f10x_it.o(i.HardFault_Handler)
    i.MemManage_Handler                      0x08000786   Section        0  stm32f10x_it.o(i.MemManage_Handler)
    i.NMI_Handler                            0x08000788   Section        0  stm32f10x_it.o(i.NMI_Handler)
    i.NVIC_Init                              0x0800078c   Section        0  misc.o(i.NVIC_Init)
    i.NVIC_PriorityGroupConfig               0x080007f0   Section        0  misc.o(i.NVIC_PriorityGroupConfig)
    i.PWM_Init                               0x08000804   Section        0  pwm.o(i.PWM_Init)
    i.PWM_SetCompare_x                       0x080008a4   Section        0  pwm.o(i.PWM_SetCompare_x)
    i.PWM_SetCompare_y                       0x080008b0   Section        0  pwm.o(i.PWM_SetCompare_y)
    i.PendSV_Handler                         0x080008bc   Section        0  stm32f10x_it.o(i.PendSV_Handler)
    i.RCC_APB1PeriphClockCmd                 0x080008c0   Section        0  stm32f10x_rcc.o(i.RCC_APB1PeriphClockCmd)
    i.RCC_APB2PeriphClockCmd                 0x080008d8   Section        0  stm32f10x_rcc.o(i.RCC_APB2PeriphClockCmd)
    i.RCC_GetClocksFreq                      0x080008f0   Section        0  stm32f10x_rcc.o(i.RCC_GetClocksFreq)
    i.SVC_Handler                            0x08000984   Section        0  stm32f10x_it.o(i.SVC_Handler)
    i.SetSysClockTo72                        0x08000988   Section        0  system_stm32f10x.o(i.SetSysClockTo72)
    SetSysClockTo72                          0x08000989   Thumb Code   160  system_stm32f10x.o(i.SetSysClockTo72)
    i.SysTick_CLKSourceConfig                0x08000a30   Section        0  misc.o(i.SysTick_CLKSourceConfig)
    i.SysTick_Handler                        0x08000a48   Section        0  stm32f10x_it.o(i.SysTick_Handler)
    i.SystemInit                             0x08000a4c   Section        0  system_stm32f10x.o(i.SystemInit)
    i.TIM2_IRQHandler                        0x08000a9c   Section        0  usmart.o(i.TIM2_IRQHandler)
    i.TIM_Cmd                                0x08000ac8   Section        0  stm32f10x_tim.o(i.TIM_Cmd)
    i.TIM_InternalClockConfig                0x08000adc   Section        0  stm32f10x_tim.o(i.TIM_InternalClockConfig)
    i.TIM_OC1Init                            0x08000ae8   Section        0  stm32f10x_tim.o(i.TIM_OC1Init)
    i.TIM_OC2Init                            0x08000b68   Section        0  stm32f10x_tim.o(i.TIM_OC2Init)
    i.TIM_OCStructInit                       0x08000be8   Section        0  stm32f10x_tim.o(i.TIM_OCStructInit)
    i.TIM_SetCompare1                        0x08000bfc   Section        0  stm32f10x_tim.o(i.TIM_SetCompare1)
    i.TIM_SetCompare2                        0x08000c00   Section        0  stm32f10x_tim.o(i.TIM_SetCompare2)
    i.TIM_TimeBaseInit                       0x08000c04   Section        0  stm32f10x_tim.o(i.TIM_TimeBaseInit)
    i.Timer2_Init                            0x08000ca0   Section        0  usmart.o(i.Timer2_Init)
    i.USART1_IRQHandler                      0x08000ce8   Section        0  usart.o(i.USART1_IRQHandler)
    i.USART2_IRQHandler                      0x08000d4c   Section        0  usart.o(i.USART2_IRQHandler)
    i.USART2_init                            0x08000e14   Section        0  usart.o(i.USART2_init)
    i.USART_ClearITPendingBit                0x08000eac   Section        0  stm32f10x_usart.o(i.USART_ClearITPendingBit)
    i.USART_Cmd                              0x08000eb8   Section        0  stm32f10x_usart.o(i.USART_Cmd)
    i.USART_GetITStatus                      0x08000ecc   Section        0  stm32f10x_usart.o(i.USART_GetITStatus)
    i.USART_ITConfig                         0x08000f0a   Section        0  stm32f10x_usart.o(i.USART_ITConfig)
    i.USART_Init                             0x08000f3c   Section        0  stm32f10x_usart.o(i.USART_Init)
    i.USART_ReceiveData                      0x08000fe8   Section        0  stm32f10x_usart.o(i.USART_ReceiveData)
    i.UsageFault_Handler                     0x08000ff0   Section        0  stm32f10x_it.o(i.UsageFault_Handler)
    i._is_digit                              0x08000ff2   Section        0  __printf_wp.o(i._is_digit)
    i._sys_exit                              0x08001000   Section        0  usart.o(i._sys_exit)
    i.delay_init                             0x08001004   Section        0  delay.o(i.delay_init)
    i.delay_ms                               0x08001040   Section        0  delay.o(i.delay_ms)
    i.fputc                                  0x08001074   Section        0  usart.o(i.fputc)
    i.main                                   0x0800108c   Section        0  main.o(i.main)
    i.read_addr                              0x08001108   Section        0  usmart.o(i.read_addr)
    i.uart_init                              0x0800110c   Section        0  usart.o(i.uart_init)
    i.usmart_cmd_rec                         0x080011ac   Section        0  usmart.o(i.usmart_cmd_rec)
    i.usmart_exe                             0x08001240   Section        0  usmart.o(i.usmart_exe)
    i.usmart_get_aparm                       0x080014a4   Section        0  usmart_str.o(i.usmart_get_aparm)
    i.usmart_get_cmdname                     0x08001540   Section        0  usmart_str.o(i.usmart_get_cmdname)
    i.usmart_get_fname                       0x08001570   Section        0  usmart_str.o(i.usmart_get_fname)
    i.usmart_get_fparam                      0x080016d8   Section        0  usmart_str.o(i.usmart_get_fparam)
    i.usmart_get_parmpos                     0x080017a8   Section        0  usmart_str.o(i.usmart_get_parmpos)
    i.usmart_get_runtime                     0x080017cc   Section        0  usmart.o(i.usmart_get_runtime)
    i.usmart_init                            0x080017f4   Section        0  usmart.o(i.usmart_init)
    i.usmart_pow                             0x0800181c   Section        0  usmart_str.o(i.usmart_pow)
    i.usmart_reset_runtime                   0x0800182c   Section        0  usmart.o(i.usmart_reset_runtime)
    i.usmart_scan                            0x08001850   Section        0  usmart.o(i.usmart_scan)
    i.usmart_search_nextc                    0x080018f4   Section        0  usmart_str.o(i.usmart_search_nextc)
    i.usmart_str2num                         0x08001904   Section        0  usmart_str.o(i.usmart_str2num)
    i.usmart_strcmp                          0x080019a4   Section        0  usmart_str.o(i.usmart_strcmp)
    i.usmart_strcopy                         0x080019bc   Section        0  usmart_str.o(i.usmart_strcopy)
    i.usmart_strlen                          0x080019ce   Section        0  usmart_str.o(i.usmart_strlen)
    i.usmart_sys_cmd_exe                     0x080019e0   Section        0  usmart.o(i.usmart_sys_cmd_exe)
    i.write_addr                             0x08002050   Section        0  usmart.o(i.write_addr)
    .constdata                               0x08002054   Section       40  _printf_hex_int.o(.constdata)
    uc_hextab                                0x08002054   Data          20  _printf_hex_int.o(.constdata)
    lc_hextab                                0x08002068   Data          20  _printf_hex_int.o(.constdata)
    .constdata                               0x0800207c   Section       17  __printf_flags_ss_wp.o(.constdata)
    maptable                                 0x0800207c   Data          17  __printf_flags_ss_wp.o(.constdata)
    .conststring                             0x08002090   Section       40  usmart.o(.conststring)
    .conststring                             0x080020b8   Section       60  usmart_config.o(.conststring)
    .data                                    0x20000000   Section        4  main.o(.data)
    .data                                    0x20000004   Section       20  system_stm32f10x.o(.data)
    .data                                    0x20000018   Section        4  delay.o(.data)
    fac_us                                   0x20000018   Data           1  delay.o(.data)
    fac_ms                                   0x2000001a   Data           2  delay.o(.data)
    .data                                    0x2000001c   Section       16  usart.o(.data)
    RxCounter1                               0x2000001e   Data           1  usart.o(.data)
    RxState                                  0x2000001f   Data           1  usart.o(.data)
    .data                                    0x2000002c   Section        4  usart.o(.data)
    .data                                    0x20000030   Section       20  stm32f10x_rcc.o(.data)
    ADCPrescTable                            0x20000030   Data           4  stm32f10x_rcc.o(.data)
    APBAHBPrescTable                         0x20000034   Data          16  stm32f10x_rcc.o(.data)
    .data                                    0x20000044   Section       28  usmart.o(.data)
    .data                                    0x20000060   Section       16  usmart_config.o(.data)
    .data                                    0x20000070   Section      244  usmart_config.o(.data)
    .bss                                     0x20000164   Section      226  usart.o(.bss)
    RxBuffer1                                0x20000164   Data          26  usart.o(.bss)
    .bss                                     0x20000248   Section       96  libspace.o(.bss)
    HEAP                                     0x200002a8   Section      512  startup_stm32f10x_md.o(HEAP)
    Heap_Mem                                 0x200002a8   Data         512  startup_stm32f10x_md.o(HEAP)
    STACK                                    0x200004a8   Section     1024  startup_stm32f10x_md.o(STACK)
    Stack_Mem                                0x200004a8   Data        1024  startup_stm32f10x_md.o(STACK)
    __initial_sp                             0x200008a8   Data           0  startup_stm32f10x_md.o(STACK)

    Global Symbols

    Symbol Name                              Value     Ov Type        Size  Object(Section)

    BuildAttributes$$THM_ISAv4$P$D$K$B$S$PE$A:L22UL41UL21$X:L11$S22US41US21$IEEE1$IW$USESV6$~STKCKD$USESV7$~SHL$OTIME$ROPI$IEEEJ$EBA8$UX$STANDARDLIB$REQ8$PRES8$EABIv2 0x00000000   Number         0  anon$$obj.o ABSOLUTE
    __ARM_use_no_argv                        0x00000000   Number         0  main.o ABSOLUTE
    _printf_flags                            0x00000000   Number         0  printf_stubs.o ABSOLUTE
    _printf_return_value                     0x00000000   Number         0  printf_stubs.o ABSOLUTE
    _printf_sizespec                         0x00000000   Number         0  printf_stubs.o ABSOLUTE
    _printf_widthprec                        0x00000000   Number         0  printf_stubs.o ABSOLUTE
    __ARM_exceptions_init                     - Undefined Weak Reference
    __alloca_initialize                       - Undefined Weak Reference
    __arm_preinit_                            - Undefined Weak Reference
    __cpp_initialize__aeabi_                  - Undefined Weak Reference
    __cxa_finalize                            - Undefined Weak Reference
    __sigvec_lookup                           - Undefined Weak Reference
    _atexit_init                              - Undefined Weak Reference
    _call_atexit_fns                          - Undefined Weak Reference
    _clock_init                               - Undefined Weak Reference
    _fp_trap_init                             - Undefined Weak Reference
    _fp_trap_shutdown                         - Undefined Weak Reference
    _get_lc_collate                           - Undefined Weak Reference
    _get_lc_ctype                             - Undefined Weak Reference
    _get_lc_monetary                          - Undefined Weak Reference
    _get_lc_time                              - Undefined Weak Reference
    _getenv_init                              - Undefined Weak Reference
    _handle_redirection                       - Undefined Weak Reference
    _init_alloc                               - Undefined Weak Reference
    _init_user_alloc                          - Undefined Weak Reference
    _initio                                   - Undefined Weak Reference
    _mutex_acquire                            - Undefined Weak Reference
    _mutex_release                            - Undefined Weak Reference
    _printf_mbtowc                            - Undefined Weak Reference
    _printf_truncate_signed                   - Undefined Weak Reference
    _printf_truncate_unsigned                 - Undefined Weak Reference
    _rand_init                                - Undefined Weak Reference
    _signal_finish                            - Undefined Weak Reference
    _signal_init                              - Undefined Weak Reference
    _terminate_alloc                          - Undefined Weak Reference
    _terminate_user_alloc                     - Undefined Weak Reference
    _terminateio                              - Undefined Weak Reference
    __Vectors_Size                           0x000000ec   Number         0  startup_stm32f10x_md.o ABSOLUTE
    __Vectors                                0x08000000   Data           4  startup_stm32f10x_md.o(RESET)
    __Vectors_End                            0x080000ec   Data           0  startup_stm32f10x_md.o(RESET)
    __main                                   0x080000ed   Thumb Code     8  __main.o(!!!main)
    __scatterload                            0x080000f5   Thumb Code     0  __scatter.o(!!!scatter)
    __scatterload_rt2                        0x080000f5   Thumb Code    44  __scatter.o(!!!scatter)
    __scatterload_rt2_thumb_only             0x080000f5   Thumb Code     0  __scatter.o(!!!scatter)
    __scatterload_null                       0x08000103   Thumb Code     0  __scatter.o(!!!scatter)
    __decompress                             0x08000129   Thumb Code    90  __dczerorl2.o(!!dczerorl2)
    __decompress1                            0x08000129   Thumb Code     0  __dczerorl2.o(!!dczerorl2)
    __scatterload_zeroinit                   0x08000185   Thumb Code    28  __scatter_zi.o(!!handler_zi)
    _printf_d                                0x080001a1   Thumb Code     0  _printf_d.o(.ARM.Collect$$_printf_percent$$00000009)
    _printf_percent                          0x080001a1   Thumb Code     0  _printf_percent.o(.ARM.Collect$$_printf_percent$$00000000)
    _printf_u                                0x080001a7   Thumb Code     0  _printf_u.o(.ARM.Collect$$_printf_percent$$0000000A)
    _printf_x                                0x080001ad   Thumb Code     0  _printf_x.o(.ARM.Collect$$_printf_percent$$0000000C)
    _printf_c                                0x080001b3   Thumb Code     0  _printf_c.o(.ARM.Collect$$_printf_percent$$00000013)
    _printf_s                                0x080001b9   Thumb Code     0  _printf_s.o(.ARM.Collect$$_printf_percent$$00000014)
    _printf_percent_end                      0x080001bf   Thumb Code     0  _printf_percent_end.o(.ARM.Collect$$_printf_percent$$00000017)
    __rt_lib_init                            0x080001c3   Thumb Code     0  libinit.o(.ARM.Collect$$libinit$$00000000)
    __rt_lib_init_alloca_1                   0x080001c5   Thumb Code     0  libinit2.o(.ARM.Collect$$libinit$$0000002E)
    __rt_lib_init_argv_1                     0x080001c5   Thumb Code     0  libinit2.o(.ARM.Collect$$libinit$$0000002C)
    __rt_lib_init_atexit_1                   0x080001c5   Thumb Code     0  libinit2.o(.ARM.Collect$$libinit$$0000001B)
    __rt_lib_init_clock_1                    0x080001c5   Thumb Code     0  libinit2.o(.ARM.Collect$$libinit$$00000021)
    __rt_lib_init_cpp_1                      0x080001c5   Thumb Code     0  libinit2.o(.ARM.Collect$$libinit$$00000032)
    __rt_lib_init_exceptions_1               0x080001c5   Thumb Code     0  libinit2.o(.ARM.Collect$$libinit$$00000030)
    __rt_lib_init_fp_1                       0x080001c5   Thumb Code     0  libinit2.o(.ARM.Collect$$libinit$$00000002)
    __rt_lib_init_fp_trap_1                  0x080001c5   Thumb Code     0  libinit2.o(.ARM.Collect$$libinit$$0000001F)
    __rt_lib_init_getenv_1                   0x080001c5   Thumb Code     0  libinit2.o(.ARM.Collect$$libinit$$00000023)
    __rt_lib_init_heap_1                     0x080001c5   Thumb Code     0  libinit2.o(.ARM.Collect$$libinit$$0000000A)
    __rt_lib_init_lc_collate_1               0x080001c5   Thumb Code     0  libinit2.o(.ARM.Collect$$libinit$$00000011)
    __rt_lib_init_lc_ctype_1                 0x080001c5   Thumb Code     0  libinit2.o(.ARM.Collect$$libinit$$00000013)
    __rt_lib_init_lc_monetary_1              0x080001c5   Thumb Code     0  libinit2.o(.ARM.Collect$$libinit$$00000015)
    __rt_lib_init_lc_numeric_1               0x080001c5   Thumb Code     0  libinit2.o(.ARM.Collect$$libinit$$00000017)
    __rt_lib_init_lc_time_1                  0x080001c5   Thumb Code     0  libinit2.o(.ARM.Collect$$libinit$$00000019)
    __rt_lib_init_preinit_1                  0x080001c5   Thumb Code     0  libinit2.o(.ARM.Collect$$libinit$$00000004)
    __rt_lib_init_rand_1                     0x080001c5   Thumb Code     0  libinit2.o(.ARM.Collect$$libinit$$0000000E)
    __rt_lib_init_return                     0x080001c5   Thumb Code     0  libinit2.o(.ARM.Collect$$libinit$$00000033)
    __rt_lib_init_signal_1                   0x080001c5   Thumb Code     0  libinit2.o(.ARM.Collect$$libinit$$0000001D)
    __rt_lib_init_stdio_1                    0x080001c5   Thumb Code     0  libinit2.o(.ARM.Collect$$libinit$$00000025)
    __rt_lib_init_user_alloc_1               0x080001c5   Thumb Code     0  libinit2.o(.ARM.Collect$$libinit$$0000000C)
    __rt_lib_shutdown                        0x080001c7   Thumb Code     0  libshutdown.o(.ARM.Collect$$libshutdown$$00000000)
    __rt_lib_shutdown_cpp_1                  0x080001c9   Thumb Code     0  libshutdown2.o(.ARM.Collect$$libshutdown$$00000002)
    __rt_lib_shutdown_fp_trap_1              0x080001c9   Thumb Code     0  libshutdown2.o(.ARM.Collect$$libshutdown$$00000007)
    __rt_lib_shutdown_heap_1                 0x080001c9   Thumb Code     0  libshutdown2.o(.ARM.Collect$$libshutdown$$0000000F)
    __rt_lib_shutdown_return                 0x080001c9   Thumb Code     0  libshutdown2.o(.ARM.Collect$$libshutdown$$00000010)
    __rt_lib_shutdown_signal_1               0x080001c9   Thumb Code     0  libshutdown2.o(.ARM.Collect$$libshutdown$$0000000A)
    __rt_lib_shutdown_stdio_1                0x080001c9   Thumb Code     0  libshutdown2.o(.ARM.Collect$$libshutdown$$00000004)
    __rt_lib_shutdown_user_alloc_1           0x080001c9   Thumb Code     0  libshutdown2.o(.ARM.Collect$$libshutdown$$0000000C)
    __rt_entry                               0x080001cb   Thumb Code     0  __rtentry.o(.ARM.Collect$$rtentry$$00000000)
    __rt_entry_presh_1                       0x080001cb   Thumb Code     0  __rtentry2.o(.ARM.Collect$$rtentry$$00000002)
    __rt_entry_sh                            0x080001cb   Thumb Code     0  __rtentry4.o(.ARM.Collect$$rtentry$$00000004)
    __rt_entry_li                            0x080001d1   Thumb Code     0  __rtentry2.o(.ARM.Collect$$rtentry$$0000000A)
    __rt_entry_postsh_1                      0x080001d1   Thumb Code     0  __rtentry2.o(.ARM.Collect$$rtentry$$00000009)
    __rt_entry_main                          0x080001d5   Thumb Code     0  __rtentry2.o(.ARM.Collect$$rtentry$$0000000D)
    __rt_entry_postli_1                      0x080001d5   Thumb Code     0  __rtentry2.o(.ARM.Collect$$rtentry$$0000000C)
    __rt_exit                                0x080001dd   Thumb Code     0  rtexit.o(.ARM.Collect$$rtexit$$00000000)
    __rt_exit_ls                             0x080001df   Thumb Code     0  rtexit2.o(.ARM.Collect$$rtexit$$00000003)
    __rt_exit_prels_1                        0x080001df   Thumb Code     0  rtexit2.o(.ARM.Collect$$rtexit$$00000002)
    __rt_exit_exit                           0x080001e3   Thumb Code     0  rtexit2.o(.ARM.Collect$$rtexit$$00000004)
    Reset_Handler                            0x080001e9   Thumb Code     8  startup_stm32f10x_md.o(.text)
    ADC1_2_IRQHandler                        0x08000203   Thumb Code     0  startup_stm32f10x_md.o(.text)
    CAN1_RX1_IRQHandler                      0x08000203   Thumb Code     0  startup_stm32f10x_md.o(.text)
    CAN1_SCE_IRQHandler                      0x08000203   Thumb Code     0  startup_stm32f10x_md.o(.text)
    DMA1_Channel1_IRQHandler                 0x08000203   Thumb Code     0  startup_stm32f10x_md.o(.text)
    DMA1_Channel2_IRQHandler                 0x08000203   Thumb Code     0  startup_stm32f10x_md.o(.text)
    DMA1_Channel3_IRQHandler                 0x08000203   Thumb Code     0  startup_stm32f10x_md.o(.text)
    DMA1_Channel4_IRQHandler                 0x08000203   Thumb Code     0  startup_stm32f10x_md.o(.text)
    DMA1_Channel5_IRQHandler                 0x08000203   Thumb Code     0  startup_stm32f10x_md.o(.text)
    DMA1_Channel6_IRQHandler                 0x08000203   Thumb Code     0  startup_stm32f10x_md.o(.text)
    DMA1_Channel7_IRQHandler                 0x08000203   Thumb Code     0  startup_stm32f10x_md.o(.text)
    EXTI0_IRQHandler                         0x08000203   Thumb Code     0  startup_stm32f10x_md.o(.text)
    EXTI15_10_IRQHandler                     0x08000203   Thumb Code     0  startup_stm32f10x_md.o(.text)
    EXTI1_IRQHandler                         0x08000203   Thumb Code     0  startup_stm32f10x_md.o(.text)
    EXTI2_IRQHandler                         0x08000203   Thumb Code     0  startup_stm32f10x_md.o(.text)
    EXTI3_IRQHandler                         0x08000203   Thumb Code     0  startup_stm32f10x_md.o(.text)
    EXTI4_IRQHandler                         0x08000203   Thumb Code     0  startup_stm32f10x_md.o(.text)
    EXTI9_5_IRQHandler                       0x08000203   Thumb Code     0  startup_stm32f10x_md.o(.text)
    FLASH_IRQHandler                         0x08000203   Thumb Code     0  startup_stm32f10x_md.o(.text)
    I2C1_ER_IRQHandler                       0x08000203   Thumb Code     0  startup_stm32f10x_md.o(.text)
    I2C1_EV_IRQHandler                       0x08000203   Thumb Code     0  startup_stm32f10x_md.o(.text)
    I2C2_ER_IRQHandler                       0x08000203   Thumb Code     0  startup_stm32f10x_md.o(.text)
    I2C2_EV_IRQHandler                       0x08000203   Thumb Code     0  startup_stm32f10x_md.o(.text)
    PVD_IRQHandler                           0x08000203   Thumb Code     0  startup_stm32f10x_md.o(.text)
    RCC_IRQHandler                           0x08000203   Thumb Code     0  startup_stm32f10x_md.o(.text)
    RTCAlarm_IRQHandler                      0x08000203   Thumb Code     0  startup_stm32f10x_md.o(.text)
    RTC_IRQHandler                           0x08000203   Thumb Code     0  startup_stm32f10x_md.o(.text)
    SPI1_IRQHandler                          0x08000203   Thumb Code     0  startup_stm32f10x_md.o(.text)
    SPI2_IRQHandler                          0x08000203   Thumb Code     0  startup_stm32f10x_md.o(.text)
    TAMPER_IRQHandler                        0x08000203   Thumb Code     0  startup_stm32f10x_md.o(.text)
    TIM1_BRK_IRQHandler                      0x08000203   Thumb Code     0  startup_stm32f10x_md.o(.text)
    TIM1_CC_IRQHandler                       0x08000203   Thumb Code     0  startup_stm32f10x_md.o(.text)
    TIM1_TRG_COM_IRQHandler                  0x08000203   Thumb Code     0  startup_stm32f10x_md.o(.text)
    TIM1_UP_IRQHandler                       0x08000203   Thumb Code     0  startup_stm32f10x_md.o(.text)
    TIM3_IRQHandler                          0x08000203   Thumb Code     0  startup_stm32f10x_md.o(.text)
    TIM4_IRQHandler                          0x08000203   Thumb Code     0  startup_stm32f10x_md.o(.text)
    USART3_IRQHandler                        0x08000203   Thumb Code     0  startup_stm32f10x_md.o(.text)
    USBWakeUp_IRQHandler                     0x08000203   Thumb Code     0  startup_stm32f10x_md.o(.text)
    USB_HP_CAN1_TX_IRQHandler                0x08000203   Thumb Code     0  startup_stm32f10x_md.o(.text)
    USB_LP_CAN1_RX0_IRQHandler               0x08000203   Thumb Code     0  startup_stm32f10x_md.o(.text)
    WWDG_IRQHandler                          0x08000203   Thumb Code     0  startup_stm32f10x_md.o(.text)
    __user_initial_stackheap                 0x08000205   Thumb Code     0  startup_stm32f10x_md.o(.text)
    __use_no_semihosting                     0x08000229   Thumb Code     2  use_no_semi_2.o(.text)
    __2printf                                0x0800022d   Thumb Code    20  noretval__2printf.o(.text)
    _printf_pre_padding                      0x08000245   Thumb Code    44  _printf_pad.o(.text)
    _printf_post_padding                     0x08000271   Thumb Code    34  _printf_pad.o(.text)
    _printf_str                              0x08000293   Thumb Code    82  _printf_str.o(.text)
    _printf_int_dec                          0x080002e5   Thumb Code   104  _printf_dec.o(.text)
    _printf_int_hex                          0x0800035d   Thumb Code    84  _printf_hex_int.o(.text)
    _printf_longlong_hex                     0x0800035d   Thumb Code     0  _printf_hex_int.o(.text)
    __printf                                 0x080003b5   Thumb Code   388  __printf_flags_ss_wp.o(.text)
    __use_two_region_memory                  0x0800053d   Thumb Code     2  heapauxi.o(.text)
    __rt_heap_escrow$2region                 0x0800053f   Thumb Code     2  heapauxi.o(.text)
    __rt_heap_expand$2region                 0x08000541   Thumb Code     2  heapauxi.o(.text)
    __I$use$semihosting                      0x08000543   Thumb Code     0  use_no_semi.o(.text)
    __use_no_semihosting_swi                 0x08000543   Thumb Code     2  use_no_semi.o(.text)
    _printf_int_common                       0x08000545   Thumb Code   178  _printf_intcommon.o(.text)
    _printf_cs_common                        0x080005f7   Thumb Code    20  _printf_char.o(.text)
    _printf_char                             0x0800060b   Thumb Code    16  _printf_char.o(.text)
    _printf_string                           0x0800061b   Thumb Code     8  _printf_char.o(.text)
    _printf_char_file                        0x08000625   Thumb Code    32  _printf_char_file.o(.text)
    _printf_char_common                      0x08000653   Thumb Code    32  _printf_char_common.o(.text)
    ferror                                   0x08000679   Thumb Code     8  ferror.o(.text)
    __user_libspace                          0x08000681   Thumb Code     8  libspace.o(.text)
    __user_perproc_libspace                  0x08000681   Thumb Code     0  libspace.o(.text)
    __user_perthread_libspace                0x08000681   Thumb Code     0  libspace.o(.text)
    __user_setup_stackheap                   0x08000689   Thumb Code    74  sys_stackheap_outer.o(.text)
    exit                                     0x080006d3   Thumb Code    18  exit.o(.text)
    BusFault_Handler                         0x080006e5   Thumb Code     2  stm32f10x_it.o(i.BusFault_Handler)
    DebugMon_Handler                         0x080006e7   Thumb Code     2  stm32f10x_it.o(i.DebugMon_Handler)
    GPIO_Init                                0x080006e9   Thumb Code   156  stm32f10x_gpio.o(i.GPIO_Init)
    HardFault_Handler                        0x08000785   Thumb Code     2  stm32f10x_it.o(i.HardFault_Handler)
    MemManage_Handler                        0x08000787   Thumb Code     2  stm32f10x_it.o(i.MemManage_Handler)
    NMI_Handler                              0x08000789   Thumb Code     2  stm32f10x_it.o(i.NMI_Handler)
    NVIC_Init                                0x0800078d   Thumb Code    94  misc.o(i.NVIC_Init)
    NVIC_PriorityGroupConfig                 0x080007f1   Thumb Code    10  misc.o(i.NVIC_PriorityGroupConfig)
    PWM_Init                                 0x08000805   Thumb Code   152  pwm.o(i.PWM_Init)
    PWM_SetCompare_x                         0x080008a5   Thumb Code     8  pwm.o(i.PWM_SetCompare_x)
    PWM_SetCompare_y                         0x080008b1   Thumb Code     8  pwm.o(i.PWM_SetCompare_y)
    PendSV_Handler                           0x080008bd   Thumb Code     2  stm32f10x_it.o(i.PendSV_Handler)
    RCC_APB1PeriphClockCmd                   0x080008c1   Thumb Code    18  stm32f10x_rcc.o(i.RCC_APB1PeriphClockCmd)
    RCC_APB2PeriphClockCmd                   0x080008d9   Thumb Code    18  stm32f10x_rcc.o(i.RCC_APB2PeriphClockCmd)
    RCC_GetClocksFreq                        0x080008f1   Thumb Code   132  stm32f10x_rcc.o(i.RCC_GetClocksFreq)
    SVC_Handler                              0x08000985   Thumb Code     2  stm32f10x_it.o(i.SVC_Handler)
    SysTick_CLKSourceConfig                  0x08000a31   Thumb Code    24  misc.o(i.SysTick_CLKSourceConfig)
    SysTick_Handler                          0x08000a49   Thumb Code     2  stm32f10x_it.o(i.SysTick_Handler)
    SystemInit                               0x08000a4d   Thumb Code    64  system_stm32f10x.o(i.SystemInit)
    TIM2_IRQHandler                          0x08000a9d   Thumb Code    38  usmart.o(i.TIM2_IRQHandler)
    TIM_Cmd                                  0x08000ac9   Thumb Code    20  stm32f10x_tim.o(i.TIM_Cmd)
    TIM_InternalClockConfig                  0x08000add   Thumb Code    10  stm32f10x_tim.o(i.TIM_InternalClockConfig)
    TIM_OC1Init                              0x08000ae9   Thumb Code   106  stm32f10x_tim.o(i.TIM_OC1Init)
    TIM_OC2Init                              0x08000b69   Thumb Code   120  stm32f10x_tim.o(i.TIM_OC2Init)
    TIM_OCStructInit                         0x08000be9   Thumb Code    20  stm32f10x_tim.o(i.TIM_OCStructInit)
    TIM_SetCompare1                          0x08000bfd   Thumb Code     4  stm32f10x_tim.o(i.TIM_SetCompare1)
    TIM_SetCompare2                          0x08000c01   Thumb Code     4  stm32f10x_tim.o(i.TIM_SetCompare2)
    TIM_TimeBaseInit                         0x08000c05   Thumb Code   114  stm32f10x_tim.o(i.TIM_TimeBaseInit)
    Timer2_Init                              0x08000ca1   Thumb Code    66  usmart.o(i.Timer2_Init)
    USART1_IRQHandler                        0x08000ce9   Thumb Code    88  usart.o(i.USART1_IRQHandler)
    USART2_IRQHandler                        0x08000d4d   Thumb Code   188  usart.o(i.USART2_IRQHandler)
    USART2_init                              0x08000e15   Thumb Code   144  usart.o(i.USART2_init)
    USART_ClearITPendingBit                  0x08000ead   Thumb Code    12  stm32f10x_usart.o(i.USART_ClearITPendingBit)
    USART_Cmd                                0x08000eb9   Thumb Code    20  stm32f10x_usart.o(i.USART_Cmd)
    USART_GetITStatus                        0x08000ecd   Thumb Code    62  stm32f10x_usart.o(i.USART_GetITStatus)
    USART_ITConfig                           0x08000f0b   Thumb Code    48  stm32f10x_usart.o(i.USART_ITConfig)
    USART_Init                               0x08000f3d   Thumb Code   166  stm32f10x_usart.o(i.USART_Init)
    USART_ReceiveData                        0x08000fe9   Thumb Code     8  stm32f10x_usart.o(i.USART_ReceiveData)
    UsageFault_Handler                       0x08000ff1   Thumb Code     2  stm32f10x_it.o(i.UsageFault_Handler)
    _is_digit                                0x08000ff3   Thumb Code    14  __printf_wp.o(i._is_digit)
    _sys_exit                                0x08001001   Thumb Code     2  usart.o(i._sys_exit)
    delay_init                               0x08001005   Thumb Code    46  delay.o(i.delay_init)
    delay_ms                                 0x08001041   Thumb Code    46  delay.o(i.delay_ms)
    fputc                                    0x08001075   Thumb Code    18  usart.o(i.fputc)
    main                                     0x0800108d   Thumb Code   120  main.o(i.main)
    read_addr                                0x08001109   Thumb Code     4  usmart.o(i.read_addr)
    uart_init                                0x0800110d   Thumb Code   152  usart.o(i.uart_init)
    usmart_cmd_rec                           0x080011ad   Thumb Code   144  usmart.o(i.usmart_cmd_rec)
    usmart_exe                               0x08001241   Thumb Code   514  usmart.o(i.usmart_exe)
    usmart_get_aparm                         0x080014a5   Thumb Code   156  usmart_str.o(i.usmart_get_aparm)
    usmart_get_cmdname                       0x08001541   Thumb Code    46  usmart_str.o(i.usmart_get_cmdname)
    usmart_get_fname                         0x08001571   Thumb Code   352  usmart_str.o(i.usmart_get_fname)
    usmart_get_fparam                        0x080016d9   Thumb Code   202  usmart_str.o(i.usmart_get_fparam)
    usmart_get_parmpos                       0x080017a9   Thumb Code    30  usmart_str.o(i.usmart_get_parmpos)
    usmart_get_runtime                       0x080017cd   Thumb Code    36  usmart.o(i.usmart_get_runtime)
    usmart_init                              0x080017f5   Thumb Code    36  usmart.o(i.usmart_init)
    usmart_pow                               0x0800181d   Thumb Code    16  usmart_str.o(i.usmart_pow)
    usmart_reset_runtime                     0x0800182d   Thumb Code    30  usmart.o(i.usmart_reset_runtime)
    usmart_scan                              0x08001851   Thumb Code    94  usmart.o(i.usmart_scan)
    usmart_search_nextc                      0x080018f5   Thumb Code    16  usmart_str.o(i.usmart_search_nextc)
    usmart_str2num                           0x08001905   Thumb Code   160  usmart_str.o(i.usmart_str2num)
    usmart_strcmp                            0x080019a5   Thumb Code    24  usmart_str.o(i.usmart_strcmp)
    usmart_strcopy                           0x080019bd   Thumb Code    18  usmart_str.o(i.usmart_strcopy)
    usmart_strlen                            0x080019cf   Thumb Code    18  usmart_str.o(i.usmart_strlen)
    usmart_sys_cmd_exe                       0x080019e1   Thumb Code  1442  usmart.o(i.usmart_sys_cmd_exe)
    write_addr                               0x08002051   Thumb Code     4  usmart.o(i.write_addr)
    Region$$Table$$Base                      0x080020f4   Number         0  anon$$obj.o(Region$$Table)
    Region$$Table$$Limit                     0x08002114   Number         0  anon$$obj.o(Region$$Table)
    servo_x                                  0x20000000   Data           2  main.o(.data)
    servo_y                                  0x20000002   Data           2  main.o(.data)
    SystemCoreClock                          0x20000004   Data           4  system_stm32f10x.o(.data)
    AHBPrescTable                            0x20000008   Data          16  system_stm32f10x.o(.data)
    a                                        0x2000001c   Data           1  usart.o(.data)
    ready                                    0x2000001d   Data           1  usart.o(.data)
    Cx                                       0x20000020   Data           1  usart.o(.data)
    Cy                                       0x20000021   Data           1  usart.o(.data)
    USART_RX_STA                             0x20000022   Data           2  usart.o(.data)
    Gray_rects                               0x20000024   Data           8  usart.o(.data)
    __stdout                                 0x2000002c   Data           4  usart.o(.data)
    sys_cmd_tab                              0x20000044   Data          28  usmart.o(.data)
    usmart_nametab                           0x20000060   Data          16  usmart_config.o(.data)
    usmart_dev                               0x20000070   Data         244  usmart_config.o(.data)
    USART_RX_BUF                             0x2000017e   Data         200  usart.o(.bss)
    __libspace_start                         0x20000248   Data          96  libspace.o(.bss)
    __temporary_stack_top$libspace           0x200002a8   Data           0  libspace.o(.bss)



==============================================================================

Memory Map of the image

  Image Entry point : 0x080000ed

  Load Region LR_IROM1 (Base: 0x08000000, Size: 0x00002278, Max: 0x00010000, ABSOLUTE, COMPRESSED[0x0000216c])

    Execution Region ER_IROM1 (Exec base: 0x08000000, Load base: 0x08000000, Size: 0x00002114, Max: 0x00010000, ABSOLUTE)

    Exec Addr    Load Addr    Size         Type   Attr      Idx    E Section Name        Object

    0x08000000   0x08000000   0x000000ec   Data   RO          521    RESET               startup_stm32f10x_md.o
    0x080000ec   0x080000ec   0x00000008   Code   RO         2161  * !!!main             c_w.l(__main.o)
    0x080000f4   0x080000f4   0x00000034   Code   RO         2411    !!!scatter          c_w.l(__scatter.o)
    0x08000128   0x08000128   0x0000005a   Code   RO         2409    !!dczerorl2         c_w.l(__dczerorl2.o)
    0x08000182   0x08000182   0x00000002   PAD
    0x08000184   0x08000184   0x0000001c   Code   RO         2413    !!handler_zi        c_w.l(__scatter_zi.o)
    0x080001a0   0x080001a0   0x00000000   Code   RO         2158    .ARM.Collect$$_printf_percent$$00000000  c_w.l(_printf_percent.o)
    0x080001a0   0x080001a0   0x00000006   Code   RO         2155    .ARM.Collect$$_printf_percent$$00000009  c_w.l(_printf_d.o)
    0x080001a6   0x080001a6   0x00000006   Code   RO         2156    .ARM.Collect$$_printf_percent$$0000000A  c_w.l(_printf_u.o)
    0x080001ac   0x080001ac   0x00000006   Code   RO         2154    .ARM.Collect$$_printf_percent$$0000000C  c_w.l(_printf_x.o)
    0x080001b2   0x080001b2   0x00000006   Code   RO         2152    .ARM.Collect$$_printf_percent$$00000013  c_w.l(_printf_c.o)
    0x080001b8   0x080001b8   0x00000006   Code   RO         2153    .ARM.Collect$$_printf_percent$$00000014  c_w.l(_printf_s.o)
    0x080001be   0x080001be   0x00000004   Code   RO         2200    .ARM.Collect$$_printf_percent$$00000017  c_w.l(_printf_percent_end.o)
    0x080001c2   0x080001c2   0x00000002   Code   RO         2286    .ARM.Collect$$libinit$$00000000  c_w.l(libinit.o)
    0x080001c4   0x080001c4   0x00000000   Code   RO         2288    .ARM.Collect$$libinit$$00000002  c_w.l(libinit2.o)
    0x080001c4   0x080001c4   0x00000000   Code   RO         2290    .ARM.Collect$$libinit$$00000004  c_w.l(libinit2.o)
    0x080001c4   0x080001c4   0x00000000   Code   RO         2293    .ARM.Collect$$libinit$$0000000A  c_w.l(libinit2.o)
    0x080001c4   0x080001c4   0x00000000   Code   RO         2295    .ARM.Collect$$libinit$$0000000C  c_w.l(libinit2.o)
    0x080001c4   0x080001c4   0x00000000   Code   RO         2297    .ARM.Collect$$libinit$$0000000E  c_w.l(libinit2.o)
    0x080001c4   0x080001c4   0x00000000   Code   RO         2300    .ARM.Collect$$libinit$$00000011  c_w.l(libinit2.o)
    0x080001c4   0x080001c4   0x00000000   Code   RO         2302    .ARM.Collect$$libinit$$00000013  c_w.l(libinit2.o)
    0x080001c4   0x080001c4   0x00000000   Code   RO         2304    .ARM.Collect$$libinit$$00000015  c_w.l(libinit2.o)
    0x080001c4   0x080001c4   0x00000000   Code   RO         2306    .ARM.Collect$$libinit$$00000017  c_w.l(libinit2.o)
    0x080001c4   0x080001c4   0x00000000   Code   RO         2308    .ARM.Collect$$libinit$$00000019  c_w.l(libinit2.o)
    0x080001c4   0x080001c4   0x00000000   Code   RO         2310    .ARM.Collect$$libinit$$0000001B  c_w.l(libinit2.o)
    0x080001c4   0x080001c4   0x00000000   Code   RO         2312    .ARM.Collect$$libinit$$0000001D  c_w.l(libinit2.o)
    0x080001c4   0x080001c4   0x00000000   Code   RO         2314    .ARM.Collect$$libinit$$0000001F  c_w.l(libinit2.o)
    0x080001c4   0x080001c4   0x00000000   Code   RO         2316    .ARM.Collect$$libinit$$00000021  c_w.l(libinit2.o)
    0x080001c4   0x080001c4   0x00000000   Code   RO         2318    .ARM.Collect$$libinit$$00000023  c_w.l(libinit2.o)
    0x080001c4   0x080001c4   0x00000000   Code   RO         2320    .ARM.Collect$$libinit$$00000025  c_w.l(libinit2.o)
    0x080001c4   0x080001c4   0x00000000   Code   RO         2324    .ARM.Collect$$libinit$$0000002C  c_w.l(libinit2.o)
    0x080001c4   0x080001c4   0x00000000   Code   RO         2326    .ARM.Collect$$libinit$$0000002E  c_w.l(libinit2.o)
    0x080001c4   0x080001c4   0x00000000   Code   RO         2328    .ARM.Collect$$libinit$$00000030  c_w.l(libinit2.o)
    0x080001c4   0x080001c4   0x00000000   Code   RO         2330    .ARM.Collect$$libinit$$00000032  c_w.l(libinit2.o)
    0x080001c4   0x080001c4   0x00000002   Code   RO         2331    .ARM.Collect$$libinit$$00000033  c_w.l(libinit2.o)
    0x080001c6   0x080001c6   0x00000002   Code   RO         2359    .ARM.Collect$$libshutdown$$00000000  c_w.l(libshutdown.o)
    0x080001c8   0x080001c8   0x00000000   Code   RO         2368    .ARM.Collect$$libshutdown$$00000002  c_w.l(libshutdown2.o)
    0x080001c8   0x080001c8   0x00000000   Code   RO         2370    .ARM.Collect$$libshutdown$$00000004  c_w.l(libshutdown2.o)
    0x080001c8   0x080001c8   0x00000000   Code   RO         2373    .ARM.Collect$$libshutdown$$00000007  c_w.l(libshutdown2.o)
    0x080001c8   0x080001c8   0x00000000   Code   RO         2376    .ARM.Collect$$libshutdown$$0000000A  c_w.l(libshutdown2.o)
    0x080001c8   0x080001c8   0x00000000   Code   RO         2378    .ARM.Collect$$libshutdown$$0000000C  c_w.l(libshutdown2.o)
    0x080001c8   0x080001c8   0x00000000   Code   RO         2381    .ARM.Collect$$libshutdown$$0000000F  c_w.l(libshutdown2.o)
    0x080001c8   0x080001c8   0x00000002   Code   RO         2382    .ARM.Collect$$libshutdown$$00000010  c_w.l(libshutdown2.o)
    0x080001ca   0x080001ca   0x00000000   Code   RO         2191    .ARM.Collect$$rtentry$$00000000  c_w.l(__rtentry.o)
    0x080001ca   0x080001ca   0x00000000   Code   RO         2209    .ARM.Collect$$rtentry$$00000002  c_w.l(__rtentry2.o)
    0x080001ca   0x080001ca   0x00000006   Code   RO         2221    .ARM.Collect$$rtentry$$00000004  c_w.l(__rtentry4.o)
    0x080001d0   0x080001d0   0x00000000   Code   RO         2211    .ARM.Collect$$rtentry$$00000009  c_w.l(__rtentry2.o)
    0x080001d0   0x080001d0   0x00000004   Code   RO         2212    .ARM.Collect$$rtentry$$0000000A  c_w.l(__rtentry2.o)
    0x080001d4   0x080001d4   0x00000000   Code   RO         2214    .ARM.Collect$$rtentry$$0000000C  c_w.l(__rtentry2.o)
    0x080001d4   0x080001d4   0x00000008   Code   RO         2215    .ARM.Collect$$rtentry$$0000000D  c_w.l(__rtentry2.o)
    0x080001dc   0x080001dc   0x00000002   Code   RO         2332    .ARM.Collect$$rtexit$$00000000  c_w.l(rtexit.o)
    0x080001de   0x080001de   0x00000000   Code   RO         2339    .ARM.Collect$$rtexit$$00000002  c_w.l(rtexit2.o)
    0x080001de   0x080001de   0x00000004   Code   RO         2340    .ARM.Collect$$rtexit$$00000003  c_w.l(rtexit2.o)
    0x080001e2   0x080001e2   0x00000006   Code   RO         2341    .ARM.Collect$$rtexit$$00000004  c_w.l(rtexit2.o)
    0x080001e8   0x080001e8   0x00000040   Code   RO          522    .text               startup_stm32f10x_md.o
    0x08000228   0x08000228   0x00000002   Code   RO         2097    .text               c_w.l(use_no_semi_2.o)
    0x0800022a   0x0800022a   0x00000002   PAD
    0x0800022c   0x0800022c   0x00000018   Code   RO         2101    .text               c_w.l(noretval__2printf.o)
    0x08000244   0x08000244   0x0000004e   Code   RO         2105    .text               c_w.l(_printf_pad.o)
    0x08000292   0x08000292   0x00000052   Code   RO         2107    .text               c_w.l(_printf_str.o)
    0x080002e4   0x080002e4   0x00000078   Code   RO         2109    .text               c_w.l(_printf_dec.o)
    0x0800035c   0x0800035c   0x00000058   Code   RO         2114    .text               c_w.l(_printf_hex_int.o)
    0x080003b4   0x080003b4   0x00000188   Code   RO         2149    .text               c_w.l(__printf_flags_ss_wp.o)
    0x0800053c   0x0800053c   0x00000006   Code   RO         2159    .text               c_w.l(heapauxi.o)
    0x08000542   0x08000542   0x00000002   Code   RO         2189    .text               c_w.l(use_no_semi.o)
    0x08000544   0x08000544   0x000000b2   Code   RO         2192    .text               c_w.l(_printf_intcommon.o)
    0x080005f6   0x080005f6   0x0000002c   Code   RO         2196    .text               c_w.l(_printf_char.o)
    0x08000622   0x08000622   0x00000002   PAD
    0x08000624   0x08000624   0x00000024   Code   RO         2198    .text               c_w.l(_printf_char_file.o)
    0x08000648   0x08000648   0x00000030   Code   RO         2230    .text               c_w.l(_printf_char_common.o)
    0x08000678   0x08000678   0x00000008   Code   RO         2259    .text               c_w.l(ferror.o)
    0x08000680   0x08000680   0x00000008   Code   RO         2270    .text               c_w.l(libspace.o)
    0x08000688   0x08000688   0x0000004a   Code   RO         2273    .text               c_w.l(sys_stackheap_outer.o)
    0x080006d2   0x080006d2   0x00000012   Code   RO         2277    .text               c_w.l(exit.o)
    0x080006e4   0x080006e4   0x00000002   Code   RO          106    i.BusFault_Handler  stm32f10x_it.o
    0x080006e6   0x080006e6   0x00000002   Code   RO          107    i.DebugMon_Handler  stm32f10x_it.o
    0x080006e8   0x080006e8   0x0000009c   Code   RO          532    i.GPIO_Init         stm32f10x_gpio.o
    0x08000784   0x08000784   0x00000002   Code   RO          108    i.HardFault_Handler  stm32f10x_it.o
    0x08000786   0x08000786   0x00000002   Code   RO          109    i.MemManage_Handler  stm32f10x_it.o
    0x08000788   0x08000788   0x00000002   Code   RO          110    i.NMI_Handler       stm32f10x_it.o
    0x0800078a   0x0800078a   0x00000002   PAD
    0x0800078c   0x0800078c   0x00000064   Code   RO         1020    i.NVIC_Init         misc.o
    0x080007f0   0x080007f0   0x00000014   Code   RO         1021    i.NVIC_PriorityGroupConfig  misc.o
    0x08000804   0x08000804   0x000000a0   Code   RO          352    i.PWM_Init          pwm.o
    0x080008a4   0x080008a4   0x0000000c   Code   RO          355    i.PWM_SetCompare_x  pwm.o
    0x080008b0   0x080008b0   0x0000000c   Code   RO          356    i.PWM_SetCompare_y  pwm.o
    0x080008bc   0x080008bc   0x00000002   Code   RO          111    i.PendSV_Handler    stm32f10x_it.o
    0x080008be   0x080008be   0x00000002   PAD
    0x080008c0   0x080008c0   0x00000018   Code   RO          642    i.RCC_APB1PeriphClockCmd  stm32f10x_rcc.o
    0x080008d8   0x080008d8   0x00000018   Code   RO          644    i.RCC_APB2PeriphClockCmd  stm32f10x_rcc.o
    0x080008f0   0x080008f0   0x00000094   Code   RO          652    i.RCC_GetClocksFreq  stm32f10x_rcc.o
    0x08000984   0x08000984   0x00000002   Code   RO          112    i.SVC_Handler       stm32f10x_it.o
    0x08000986   0x08000986   0x00000002   PAD
    0x08000988   0x08000988   0x000000a8   Code   RO          204    i.SetSysClockTo72   system_stm32f10x.o
    0x08000a30   0x08000a30   0x00000018   Code   RO         1024    i.SysTick_CLKSourceConfig  misc.o
    0x08000a48   0x08000a48   0x00000002   Code   RO          113    i.SysTick_Handler   stm32f10x_it.o
    0x08000a4a   0x08000a4a   0x00000002   PAD
    0x08000a4c   0x08000a4c   0x00000050   Code   RO          206    i.SystemInit        system_stm32f10x.o
    0x08000a9c   0x08000a9c   0x0000002c   Code   RO         1931    i.TIM2_IRQHandler   usmart.o
    0x08000ac8   0x08000ac8   0x00000014   Code   RO         1214    i.TIM_Cmd           stm32f10x_tim.o
    0x08000adc   0x08000adc   0x0000000a   Code   RO         1241    i.TIM_InternalClockConfig  stm32f10x_tim.o
    0x08000ae6   0x08000ae6   0x00000002   PAD
    0x08000ae8   0x08000ae8   0x00000080   Code   RO         1243    i.TIM_OC1Init       stm32f10x_tim.o
    0x08000b68   0x08000b68   0x00000080   Code   RO         1248    i.TIM_OC2Init       stm32f10x_tim.o
    0x08000be8   0x08000be8   0x00000014   Code   RO         1261    i.TIM_OCStructInit  stm32f10x_tim.o
    0x08000bfc   0x08000bfc   0x00000004   Code   RO         1275    i.TIM_SetCompare1   stm32f10x_tim.o
    0x08000c00   0x08000c00   0x00000004   Code   RO         1276    i.TIM_SetCompare2   stm32f10x_tim.o
    0x08000c04   0x08000c04   0x0000009c   Code   RO         1285    i.TIM_TimeBaseInit  stm32f10x_tim.o
    0x08000ca0   0x08000ca0   0x00000048   Code   RO         1932    i.Timer2_Init       usmart.o
    0x08000ce8   0x08000ce8   0x00000064   Code   RO          454    i.USART1_IRQHandler  usart.o
    0x08000d4c   0x08000d4c   0x000000c8   Code   RO          455    i.USART2_IRQHandler  usart.o
    0x08000e14   0x08000e14   0x00000098   Code   RO          456    i.USART2_init       usart.o
    0x08000eac   0x08000eac   0x0000000c   Code   RO          841    i.USART_ClearITPendingBit  stm32f10x_usart.o
    0x08000eb8   0x08000eb8   0x00000014   Code   RO          844    i.USART_Cmd         stm32f10x_usart.o
    0x08000ecc   0x08000ecc   0x0000003e   Code   RO          848    i.USART_GetITStatus  stm32f10x_usart.o
    0x08000f0a   0x08000f0a   0x00000030   Code   RO          850    i.USART_ITConfig    stm32f10x_usart.o
    0x08000f3a   0x08000f3a   0x00000002   PAD
    0x08000f3c   0x08000f3c   0x000000ac   Code   RO          851    i.USART_Init        stm32f10x_usart.o
    0x08000fe8   0x08000fe8   0x00000008   Code   RO          858    i.USART_ReceiveData  stm32f10x_usart.o
    0x08000ff0   0x08000ff0   0x00000002   Code   RO          114    i.UsageFault_Handler  stm32f10x_it.o
    0x08000ff2   0x08000ff2   0x0000000e   Code   RO         2142    i._is_digit         c_w.l(__printf_wp.o)
    0x08001000   0x08001000   0x00000002   Code   RO          457    i._sys_exit         usart.o
    0x08001002   0x08001002   0x00000002   PAD
    0x08001004   0x08001004   0x0000003c   Code   RO          399    i.delay_init        delay.o
    0x08001040   0x08001040   0x00000034   Code   RO          400    i.delay_ms          delay.o
    0x08001074   0x08001074   0x00000018   Code   RO          458    i.fputc             usart.o
    0x0800108c   0x0800108c   0x0000007c   Code   RO            1    i.main              main.o
    0x08001108   0x08001108   0x00000004   Code   RO         1933    i.read_addr         usmart.o
    0x0800110c   0x0800110c   0x000000a0   Code   RO          459    i.uart_init         usart.o
    0x080011ac   0x080011ac   0x00000094   Code   RO         1934    i.usmart_cmd_rec    usmart.o
    0x08001240   0x08001240   0x00000264   Code   RO         1935    i.usmart_exe        usmart.o
    0x080014a4   0x080014a4   0x0000009c   Code   RO         2028    i.usmart_get_aparm  usmart_str.o
    0x08001540   0x08001540   0x0000002e   Code   RO         2029    i.usmart_get_cmdname  usmart_str.o
    0x0800156e   0x0800156e   0x00000002   PAD
    0x08001570   0x08001570   0x00000168   Code   RO         2030    i.usmart_get_fname  usmart_str.o
    0x080016d8   0x080016d8   0x000000d0   Code   RO         2031    i.usmart_get_fparam  usmart_str.o
    0x080017a8   0x080017a8   0x00000024   Code   RO         2032    i.usmart_get_parmpos  usmart_str.o
    0x080017cc   0x080017cc   0x00000028   Code   RO         1936    i.usmart_get_runtime  usmart.o
    0x080017f4   0x080017f4   0x00000028   Code   RO         1937    i.usmart_init       usmart.o
    0x0800181c   0x0800181c   0x00000010   Code   RO         2033    i.usmart_pow        usmart_str.o
    0x0800182c   0x0800182c   0x00000024   Code   RO         1938    i.usmart_reset_runtime  usmart.o
    0x08001850   0x08001850   0x000000a4   Code   RO         1939    i.usmart_scan       usmart.o
    0x080018f4   0x080018f4   0x00000010   Code   RO         2034    i.usmart_search_nextc  usmart_str.o
    0x08001904   0x08001904   0x000000a0   Code   RO         2035    i.usmart_str2num    usmart_str.o
    0x080019a4   0x080019a4   0x00000018   Code   RO         2036    i.usmart_strcmp     usmart_str.o
    0x080019bc   0x080019bc   0x00000012   Code   RO         2037    i.usmart_strcopy    usmart_str.o
    0x080019ce   0x080019ce   0x00000012   Code   RO         2038    i.usmart_strlen     usmart_str.o
    0x080019e0   0x080019e0   0x00000670   Code   RO         1940    i.usmart_sys_cmd_exe  usmart.o
    0x08002050   0x08002050   0x00000004   Code   RO         1941    i.write_addr        usmart.o
    0x08002054   0x08002054   0x00000028   Data   RO         2115    .constdata          c_w.l(_printf_hex_int.o)
    0x0800207c   0x0800207c   0x00000011   Data   RO         2150    .constdata          c_w.l(__printf_flags_ss_wp.o)
    0x0800208d   0x0800208d   0x00000003   PAD
    0x08002090   0x08002090   0x00000028   Data   RO         1942    .conststring        usmart.o
    0x080020b8   0x080020b8   0x0000003c   Data   RO         2014    .conststring        usmart_config.o
    0x080020f4   0x080020f4   0x00000020   Data   RO         2407    Region$$Table       anon$$obj.o


    Execution Region RW_IRAM1 (Exec base: 0x20000000, Load base: 0x08002114, Size: 0x000008a8, Max: 0x00005000, ABSOLUTE, COMPRESSED[0x00000058])

    Exec Addr    Load Addr    Size         Type   Attr      Idx    E Section Name        Object

    0x20000000   COMPRESSED   0x00000004   Data   RW            6    .data               main.o
    0x20000004   COMPRESSED   0x00000014   Data   RW          207    .data               system_stm32f10x.o
    0x20000018   COMPRESSED   0x00000004   Data   RW          402    .data               delay.o
    0x2000001c   COMPRESSED   0x00000010   Data   RW          461    .data               usart.o
    0x2000002c   COMPRESSED   0x00000004   Data   RW          462    .data               usart.o
    0x20000030   COMPRESSED   0x00000014   Data   RW          672    .data               stm32f10x_rcc.o
    0x20000044   COMPRESSED   0x0000001c   Data   RW         1943    .data               usmart.o
    0x20000060   COMPRESSED   0x00000010   Data   RW         2015    .data               usmart_config.o
    0x20000070   COMPRESSED   0x000000f4   Data   RW         2016    .data               usmart_config.o
    0x20000164        -       0x000000e2   Zero   RW          460    .bss                usart.o
    0x20000246   COMPRESSED   0x00000002   PAD
    0x20000248        -       0x00000060   Zero   RW         2271    .bss                c_w.l(libspace.o)
    0x200002a8        -       0x00000200   Zero   RW          520    HEAP                startup_stm32f10x_md.o
    0x200004a8        -       0x00000400   Zero   RW          519    STACK               startup_stm32f10x_md.o


==============================================================================

Image component sizes


      Code (inc. data)   RO Data    RW Data    ZI Data      Debug   Object Name

         0          0          0          0          0     203340   bsp_i2c_gpio.o
       112         20          0          4          0       1124   delay.o
       124          4          0          4          0       5759   main.o
       144         16          0          0          0       1989   misc.o
       184         16          0          0          0       1763   pwm.o
        64         26        236          0       1536        780   startup_stm32f10x_md.o
       156          0          0          0          0       1968   stm32f10x_gpio.o
        18          0          0          0          0      46878   stm32f10x_it.o
       196         28          0         20          0       4394   stm32f10x_rcc.o
       470         72          0          0          0       6237   stm32f10x_tim.o
       322          6          0          0          0       5604   stm32f10x_usart.o
         0          0          0          0          0         32   sys.o
       248         24          0         20          0       1629   system_stm32f10x.o
       638         46          0         20        226       5619   usart.o
      2812       1322         40         28          0       7274   usmart.o
         0          0         60        260          0       1404   usmart_config.o
      1058         20          0          0          0       8715   usmart_str.o

    ----------------------------------------------------------------------
      6562       1600        368        356       1764     304509   Object Totals
         0          0         32          0          0          0   (incl. Generated)
        16          0          0          0          2          0   (incl. Padding)

    ----------------------------------------------------------------------

      Code (inc. data)   RO Data    RW Data    ZI Data      Debug   Library Member Name

        90          0          0          0          0          0   __dczerorl2.o
         8          0          0          0          0         68   __main.o
       392          4         17          0          0         92   __printf_flags_ss_wp.o
        14          0          0          0          0         68   __printf_wp.o
         0          0          0          0          0          0   __rtentry.o
        12          0          0          0          0          0   __rtentry2.o
         6          0          0          0          0          0   __rtentry4.o
        52          8          0          0          0          0   __scatter.o
        28          0          0          0          0          0   __scatter_zi.o
         6          0          0          0          0          0   _printf_c.o
        44          0          0          0          0        108   _printf_char.o
        48          6          0          0          0         96   _printf_char_common.o
        36          4          0          0          0         80   _printf_char_file.o
         6          0          0          0          0          0   _printf_d.o
       120         16          0          0          0         92   _printf_dec.o
        88          4         40          0          0         88   _printf_hex_int.o
       178          0          0          0          0         88   _printf_intcommon.o
        78          0          0          0          0        108   _printf_pad.o
         0          0          0          0          0          0   _printf_percent.o
         4          0          0          0          0          0   _printf_percent_end.o
         6          0          0          0          0          0   _printf_s.o
        82          0          0          0          0         80   _printf_str.o
         6          0          0          0          0          0   _printf_u.o
         6          0          0          0          0          0   _printf_x.o
        18          0          0          0          0         80   exit.o
         8          0          0          0          0         68   ferror.o
         6          0          0          0          0        152   heapauxi.o
         2          0          0          0          0          0   libinit.o
         2          0          0          0          0          0   libinit2.o
         2          0          0          0          0          0   libshutdown.o
         2          0          0          0          0          0   libshutdown2.o
         8          4          0          0         96         68   libspace.o
        24          4          0          0          0         84   noretval__2printf.o
         2          0          0          0          0          0   rtexit.o
        10          0          0          0          0          0   rtexit2.o
        74          0          0          0          0         80   sys_stackheap_outer.o
         2          0          0          0          0         68   use_no_semi.o
         2          0          0          0          0         68   use_no_semi_2.o

    ----------------------------------------------------------------------
      1478         50         60          0         96       1636   Library Totals
         6          0          3          0          0          0   (incl. Padding)

    ----------------------------------------------------------------------

      Code (inc. data)   RO Data    RW Data    ZI Data      Debug   Library Name

      1472         50         57          0         96       1636   c_w.l

    ----------------------------------------------------------------------
      1478         50         60          0         96       1636   Library Totals

    ----------------------------------------------------------------------

==============================================================================


      Code (inc. data)   RO Data    RW Data    ZI Data      Debug   

      8040       1650        428        356       1860     302189   Grand Totals
      8040       1650        428         88       1860     302189   ELF Image Totals (compressed)
      8040       1650        428         88          0          0   ROM Totals

==============================================================================

    Total RO  Size (Code + RO Data)                 8468 (   8.27kB)
    Total RW  Size (RW Data + ZI Data)              2216 (   2.16kB)
    Total ROM Size (Code + RO Data + RW Data)       8556 (   8.36kB)

==============================================================================

